
 Start  Stop   Length Name               Class

 00000H 082C9H 082CAH _TEXT              CODE
 082CAH 0A7F3H 0252AH TETSTART_TEXT      CODE
 0A7F4H 0A8F8H 00105H BMPVIEW_TEXT       CODE
 0A8F9H 0ACD3H 003DBH FONTEDIT_TEXT      CODE
 0ACD4H 0B3F6H 00723H TET_SETT_TEXT      CODE
 0B3F7H 0B7E3H 003EDH FIGURE_TEXT        CODE
 0B7E4H 0BBBDH 003DAH GRAPH_TEXT         CODE
 0BBBEH 0C43CH 0087FH GLASS_TEXT         CODE
 0C43DH 0C699H 0025DH SETTINGS_TEXT      CODE
 0C69AH 0CFCDH 00934H RECTABLE_TEXT      CODE
 0CFCEH 0D56BH 0059EH KEYBOARD_TEXT      CODE
 0D56CH 0FFD3H 02A68H SCREEN_TEXT        CODE
 0FFD4H 1073CH 00769H DEBUG_TEXT         CODE
 1073DH 10943H 00207H MOUSE_TEXT         CODE
 10944H 10D23H 003E0H TIMER_TEXT         CODE
 10D24H 125A6H 01883H MOVEOBJ_TEXT       CODE
 125A7H 129B3H 0040DH RECTS_TEXT         CODE
 129B4H 12FB0H 005FDH SOUND_TEXT         CODE
 12FB1H 13A56H 00AA6H SPRITE_TEXT        CODE
 13A57H 13D71H 0031BH LOADER_TEXT        CODE
 13D72H 13DD4H 00063H MEMORY_TEXT        CODE
 13DD5H 157DFH 01A0BH TETRIS1_TEXT       CODE
 157E0H 15FC3H 007E4H TETRIS3_TEXT       CODE
 15FC4H 1604FH 0008CH TETR_HLP_TEXT      CODE
 16050H 166BDH 0066EH TXTEDITR_TEXT      CODE
 166BEH 18E2BH 0276EH TETRIS_TEXT        CODE
 18E30H 193F7H 005C8H E87_PROG           CODE
 19400H 19400H 00000H _FARDATA           FAR_DATA
 19400H 1D92EH 0452FH TETSTART_DATA      FAR_DATA
 1D930H 1D930H 00000H BMPVIEW_DATA       FAR_DATA
 1D930H 1D970H 00041H FONTEDIT_DATA      FAR_DATA
 1D972H 1DABAH 00149H TET_SETT_DATA      FAR_DATA
 1DABCH 1DADBH 00020H FIGURE_DATA        FAR_DATA
 1DADCH 1DC1CH 00141H GRAPH_DATA         FAR_DATA
 1DC1EH 1DC37H 0001AH GLASS_DATA         FAR_DATA
 1DC38H 1DC5DH 00026H SETTINGS_DATA      FAR_DATA
 1DC5EH 1DD04H 000A7H RECTABLE_DATA      FAR_DATA
 1DD06H 1E067H 00362H KEYBOARD_DATA      FAR_DATA
 1E070H 1E075H 00006H KEYBOARD5_DATA     FAR_DATA
 1E080H 1E23FH 001C0H KEYBOARD6_DATA     FAR_DATA
 1E240H 1EBD0H 00991H SCREEN_DATA        FAR_DATA
 1EBE0H 1EBEAH 0000BH SCREEN5_DATA       FAR_DATA
 1EBECH 1EC1FH 00034H DEBUG_DATA         FAR_DATA
 1EC20H 1EC5FH 00040H MOUSE_DATA         FAR_DATA
 1EC60H 1ECF2H 00093H TIMER_DATA         FAR_DATA
 1ED00H 1ED09H 0000AH TIMER5_DATA        FAR_DATA
 1ED0AH 1F0FDH 003F4H MOVEOBJ_DATA       FAR_DATA
 1F100H 1F113H 00014H MOVEOBJ5_DATA      FAR_DATA
 1F114H 1F173H 00060H RECTS_DATA         FAR_DATA
 1F174H 206D3H 01560H SOUND_DATA         FAR_DATA
 206E0H 206E1H 00002H SOUND5_DATA        FAR_DATA
 206E2H 20A18H 00337H SPRITE_DATA        FAR_DATA
 20A20H 20A21H 00002H SPRITE5_DATA       FAR_DATA
 20A22H 20A3FH 0001EH LOADER_DATA        FAR_DATA
 20A40H 20A40H 00000H MEMORY_DATA        FAR_DATA
 20A40H 21748H 00D09H TETRIS1_DATA       FAR_DATA
 2174AH 21838H 000EFH TETRIS3_DATA       FAR_DATA
 2183AH 21997H 0015EH TETR_HLP_DATA      FAR_DATA
 21998H 21A05H 0006EH TXTEDITR_DATA      FAR_DATA
 21A06H 225DBH 00BD6H TETRIS_DATA        FAR_DATA
 225DCH 225FFH 00024H HUGEVAL_DATA       FAR_DATA
 22600H 22600H 00000H LDTRUNC_DATA       FAR_DATA
 22600H 22642H 00043H MATHWHY_DATA       FAR_DATA
 22644H 22644H 00000H REALCVT_DATA       FAR_DATA
 22644H 2265BH 00018H SCANTOD_DATA       FAR_DATA
 2265CH 2265CH 00000H XCVT_DATA          FAR_DATA
 2265CH 226F5H 0009AH FPERR_DATA         FAR_DATA
 226F6H 22775H 00080H _POW10_DATA        FAR_DATA
 22776H 22776H 00000H POW10D_DATA        FAR_DATA
 22776H 22776H 00000H MATHERR_DATA       FAR_DATA
 22776H 22782H 0000DH SQRT_DATA          FAR_DATA
 22784H 22793H 00010H POW_DATA           FAR_DATA
 22794H 2279FH 0000CH SIN_DATA           FAR_DATA
 227A0H 227ADH 0000EH _MATHERR_DATA      FAR_DATA
 227AEH 227B9H 0000CH COS_DATA           FAR_DATA
 227C0H 227C1H 00002H FSBDTR5_DATA       FAR_DATA
 227D0H 227E5H 00016H STDTR5_DATA        FAR_DATA
 227F0H 227F0H 00000H _FARBSS            FAR_BSS
 227F0H 227F0H 00000H _OVERLAY_          OVRINFO
 227F0H 227F0H 00000H _1STUB_            STUBSEG
 227F0H 22D81H 00592H _DATA              DATA
 22D82H 22D85H 00004H _CVTSEG            DATA
 22D86H 22D91H 0000CH _SCNSEG            DATA
 22D92H 22D92H 00000H _CONST             CONST
 22D92H 22DE5H 00054H _INIT_             INITDATA
 22DE6H 22DE6H 00000H _INITEND_          INITDATA
 22DE6H 22E0FH 0002AH _EXIT_             EXITDATA
 22E10H 22E10H 00000H _EXITEND_          EXITDATA
 22E10H 22F1FH 00110H _STACK             STACK


Detailed map of segments

 0000:0000 0288 C=CODE   S=_TEXT          G=(none)  M=C0.ASM     ACBP=28
 0000:0288 0270 C=CODE   S=_TEXT          G=(none)  M=..\DIGMID.LIB\DIGPLAY.ASM ACBP=28
 0000:04F8 0626 C=CODE   S=_TEXT          G=(none)  M=..\DIGMID.LIB\DOSCALLS.ASM ACBP=28
 0000:0B1E 01A5 C=CODE   S=_TEXT          G=(none)  M=..\DIGMID.LIB\MIDPAK.ASM ACBP=28
 0000:0CC3 020E C=CODE   S=_TEXT          G=(none)  M=FP87INIT   ACBP=28
 0000:0ED1 0000 C=CODE   S=_TEXT          G=(none)  M=E87TRAP    ACBP=28
 0000:0ED1 0000 C=CODE   S=_TEXT          G=(none)  M=PROTFLAG   ACBP=28
 0000:0ED1 0000 C=CODE   S=_TEXT          G=(none)  M=DEFLT87    ACBP=28
 0000:0ED1 0000 C=CODE   S=_TEXT          G=(none)  M=HUGEVAL    ACBP=28
 0000:0ED1 00A7 C=CODE   S=_TEXT          G=(none)  M=LDTRUNC    ACBP=28
 0000:0F78 0000 C=CODE   S=_TEXT          G=(none)  M=MATHWHY    ACBP=28
 0000:0F78 01D2 C=CODE   S=_TEXT          G=(none)  M=REALCVT    ACBP=28
 0000:114A 03BD C=CODE   S=_TEXT          G=(none)  M=SCANTOD    ACBP=28
 0000:1507 0213 C=CODE   S=_TEXT          G=(none)  M=XCVT       ACBP=28
 0000:171A 00D4 C=CODE   S=_TEXT          G=(none)  M=FPERR      ACBP=28
 0000:17EE 00D5 C=CODE   S=_TEXT          G=(none)  M=_POW10     ACBP=28
 0000:18C3 0012 C=CODE   S=_TEXT          G=(none)  M=POW10D     ACBP=28
 0000:18D5 0031 C=CODE   S=_TEXT          G=(none)  M=MATHERR    ACBP=28
 0000:1906 004B C=CODE   S=_TEXT          G=(none)  M=SQRT       ACBP=28
 0000:1951 0216 C=CODE   S=_TEXT          G=(none)  M=POW        ACBP=28
 0000:1B67 005F C=CODE   S=_TEXT          G=(none)  M=SIN        ACBP=28
 0000:1BC6 00C0 C=CODE   S=_TEXT          G=(none)  M=_MATHERR   ACBP=28
 0000:1C86 005F C=CODE   S=_TEXT          G=(none)  M=COS        ACBP=28
 0000:1CE5 002C C=CODE   S=_TEXT          G=(none)  M=FFTOL      ACBP=28
 0000:1D11 0034 C=CODE   S=_TEXT          G=(none)  M=ATEXIT     ACBP=28
 0000:1D45 0000 C=CODE   S=_TEXT          G=(none)  M=CTYPE      ACBP=28
 0000:1D45 0019 C=CODE   S=_TEXT          G=(none)  M=DEL        ACBP=28
 0000:1D5E 004B C=CODE   S=_TEXT          G=(none)  M=DOSFATTR   ACBP=28
 0000:1DA9 002E C=CODE   S=_TEXT          G=(none)  M=DOSVECT    ACBP=28
 0000:1DD7 00D0 C=CODE   S=_TEXT          G=(none)  M=EXIT       ACBP=28
 0000:1EA7 0034 C=CODE   S=_TEXT          G=(none)  M=FGETPOS    ACBP=28
 0000:1EDB 0000 C=CODE   S=_TEXT          G=(none)  M=FILES      ACBP=28
 0000:1EDB 0000 C=CODE   S=_TEXT          G=(none)  M=FILES2     ACBP=28
 0000:1EDB 0000 C=CODE   S=_TEXT          G=(none)  M=FMODE      ACBP=28
 0000:1EDB 0000 C=CODE   S=_TEXT          G=(none)  M=FPSTKLEN   ACBP=28
 0000:1EDB 001C C=CODE   S=_TEXT          G=(none)  M=F_SCOPY    ACBP=28
 0000:1EF7 0034 C=CODE   S=_TEXT          G=(none)  M=GETDATE    ACBP=28
 0000:1F2B 002E C=CODE   S=_TEXT          G=(none)  M=GETVECT    ACBP=28
 0000:1F59 00AE C=CODE   S=_TEXT          G=(none)  M=H_LDIV     ACBP=28
 0000:2007 0021 C=CODE   S=_TEXT          G=(none)  M=H_LLSH     ACBP=28
 0000:2028 0060 C=CODE   S=_TEXT          G=(none)  M=H_PADD     ACBP=28
 0000:2088 005F C=CODE   S=_TEXT          G=(none)  M=IOERROR    ACBP=28
 0000:20E7 0018 C=CODE   S=_TEXT          G=(none)  M=ISATTY     ACBP=28
 0000:20FF 00B0 C=CODE   S=_TEXT          G=(none)  M=LONGTOA    ACBP=28
 0000:21AF 0036 C=CODE   S=_TEXT          G=(none)  M=LSEEK      ACBP=28
 0000:21E5 00C4 C=CODE   S=_TEXT          G=(none)  M=MKNAME     ACBP=28
 0000:22A9 007A C=CODE   S=_TEXT          G=(none)  M=NEW        ACBP=28
 0000:2323 0065 C=CODE   S=_TEXT          G=(none)  M=NEWF       ACBP=28
 0000:2388 0017 C=CODE   S=_TEXT          G=(none)  M=N_LXMUL    ACBP=28
 0000:239F 0021 C=CODE   S=_TEXT          G=(none)  M=N_PCMP     ACBP=28
 0000:23C0 0045 C=CODE   S=_TEXT          G=(none)  M=RAND       ACBP=28
 0000:2405 003C C=CODE   S=_TEXT          G=(none)  M=READA      ACBP=28
 0000:2441 0038 C=CODE   S=_TEXT          G=(none)  M=SETDATE    ACBP=28
 0000:2479 00FF C=CODE   S=_TEXT          G=(none)  M=SETUPIO    ACBP=28
 0000:2578 0000 C=CODE   S=_TEXT          G=(none)  M=SIGDATA    ACBP=28
 0000:2578 00A6 C=CODE   S=_TEXT          G=(none)  M=STIME      ACBP=28
 0000:261E 0000 C=CODE   S=_TEXT          G=(none)  M=STKLEN     ACBP=28
 0000:261E 001F C=CODE   S=_TEXT          G=(none)  M=UNLINK     ACBP=28
 0000:263D 0284 C=CODE   S=_TEXT          G=(none)  M=VDELF      ACBP=28
 0000:28C1 029F C=CODE   S=_TEXT          G=(none)  M=VNEWF      ACBP=28
 0000:2B60 04D0 C=CODE   S=_TEXT          G=(none)  M=VPRINTER   ACBP=28
 0000:3030 00C5 C=CODE   S=_TEXT          G=(none)  M=VRAM       ACBP=28
 0000:30F5 0000 C=CODE   S=_TEXT          G=(none)  M=WSCROLL    ACBP=28
 0000:30F5 003B C=CODE   S=_TEXT          G=(none)  M=_STPCPY    ACBP=28
 0000:3130 01B5 C=CODE   S=_TEXT          G=(none)  M=CPRINTF    ACBP=28
 0000:32E5 01CA C=CODE   S=_TEXT          G=(none)  M=CRTINIT    ACBP=28
 0000:34AF 0024 C=CODE   S=_TEXT          G=(none)  M=CVTFAK     ACBP=28
 0000:34D3 0432 C=CODE   S=_TEXT          G=(none)  M=FARHEAP    ACBP=28
 0000:3905 01BF C=CODE   S=_TEXT          G=(none)  M=FBRK       ACBP=28
 0000:3AC4 00A1 C=CODE   S=_TEXT          G=(none)  M=GETCH      ACBP=28
 0000:3B65 00BA C=CODE   S=_TEXT          G=(none)  M=GPTEXT     ACBP=28
 0000:3C1F 0030 C=CODE   S=_TEXT          G=(none)  M=IOCTL      ACBP=28
 0000:3C4F 0019 C=CODE   S=_TEXT          G=(none)  M=KBHIT      ACBP=28
 0000:3C68 00A4 C=CODE   S=_TEXT          G=(none)  M=MOVETEXT   ACBP=28
 0000:3D0C 001E C=CODE   S=_TEXT          G=(none)  M=PUTCH      ACBP=28
 0000:3D2A 000A C=CODE   S=_TEXT          G=(none)  M=REALCVT    ACBP=28
 0000:3D34 021E C=CODE   S=_TEXT          G=(none)  M=SCREEN     ACBP=28
 0000:3F52 01B4 C=CODE   S=_TEXT          G=(none)  M=SCROLL     ACBP=28
 0000:4106 0023 C=CODE   S=_TEXT          G=(none)  M=SETBLOCK   ACBP=28
 0000:4129 0058 C=CODE   S=_TEXT          G=(none)  M=SETENVP    ACBP=28
 0000:4181 0024 C=CODE   S=_TEXT          G=(none)  M=STACK      ACBP=28
 0000:41A5 004D C=CODE   S=_TEXT          G=(none)  M=WHEREXY    ACBP=28
 0000:41F2 0099 C=CODE   S=_TEXT          G=(none)  M=ATOL       ACBP=28
 0000:428B 0024 C=CODE   S=_TEXT          G=(none)  M=CHMODA     ACBP=28
 0000:42AF 003B C=CODE   S=_TEXT          G=(none)  M=CLOSE      ACBP=28
 0000:42EA 002B C=CODE   S=_TEXT          G=(none)  M=CLOSEA     ACBP=28
 0000:4315 0089 C=CODE   S=_TEXT          G=(none)  M=EOF        ACBP=28
 0000:439E 00BF C=CODE   S=_TEXT          G=(none)  M=FCLOSE     ACBP=28
 0000:445D 00D4 C=CODE   S=_TEXT          G=(none)  M=FFLUSH     ACBP=28
 0000:4531 0051 C=CODE   S=_TEXT          G=(none)  M=FLUSHALL   ACBP=28
 0000:4582 023E C=CODE   S=_TEXT          G=(none)  M=FOPEN      ACBP=28
 0000:47C0 0023 C=CODE   S=_TEXT          G=(none)  M=FPRINTF    ACBP=28
 0000:47E3 0190 C=CODE   S=_TEXT          G=(none)  M=FREAD      ACBP=28
 0000:4973 01FD C=CODE   S=_TEXT          G=(none)  M=FSEEK      ACBP=28
 0000:4B70 01F0 C=CODE   S=_TEXT          G=(none)  M=GETC       ACBP=28
 0000:4D60 007C C=CODE   S=_TEXT          G=(none)  M=GETENV     ACBP=28
 0000:4DDC 0027 C=CODE   S=_TEXT          G=(none)  M=MEMCPY     ACBP=28
 0000:4E03 0051 C=CODE   S=_TEXT          G=(none)  M=MEMSET     ACBP=28
 0000:4E54 01CC C=CODE   S=_TEXT          G=(none)  M=OPEN       ACBP=28
 0000:5020 005C C=CODE   S=_TEXT          G=(none)  M=OPENA      ACBP=28
 0000:507C 03F9 C=CODE   S=_TEXT          G=(none)  M=PUTC       ACBP=28
 0000:5475 00EF C=CODE   S=_TEXT          G=(none)  M=READ       ACBP=28
 0000:5564 0003 C=CODE   S=_TEXT          G=(none)  M=READU      ACBP=28
 0000:5567 012B C=CODE   S=_TEXT          G=(none)  M=SETVBUF    ACBP=28
 0000:5692 0098 C=CODE   S=_TEXT          G=(none)  M=SPRINTF    ACBP=28
 0000:572A 0044 C=CODE   S=_TEXT          G=(none)  M=STRCAT     ACBP=28
 0000:576E 002E C=CODE   S=_TEXT          G=(none)  M=STRCPY     ACBP=28
 0000:579C 0026 C=CODE   S=_TEXT          G=(none)  M=STRLEN     ACBP=28
 0000:57C2 0036 C=CODE   S=_TEXT          G=(none)  M=STRNCPY    ACBP=28
 0000:57F8 0359 C=CODE   S=_TEXT          G=(none)  M=TIMECVT    ACBP=28
 0000:5B51 0306 C=CODE   S=_TEXT          G=(none)  M=TZSET      ACBP=28
 0000:5E57 0170 C=CODE   S=_TEXT          G=(none)  M=WRITE      ACBP=28
 0000:5FC7 004F C=CODE   S=_TEXT          G=(none)  M=WRITEA     ACBP=28
 0000:6016 0003 C=CODE   S=_TEXT          G=(none)  M=WRITEU     ACBP=28
 0000:6019 0048 C=CODE   S=_TEXT          G=(none)  M=XFCLOSE    ACBP=28
 0000:6061 0041 C=CODE   S=_TEXT          G=(none)  M=XFFLUSH    ACBP=28
 0000:60A2 0027 C=CODE   S=_TEXT          G=(none)  M=FMEMCPY    ACBP=28
 0000:60C9 0033 C=CODE   S=_TEXT          G=(none)  M=FSTRCMP    ACBP=28
 0000:60FC 00AE C=CODE   S=_TEXT          G=(none)  M=FSBCLOSE   ACBP=28
 0000:61AA 0118 C=CODE   S=_TEXT          G=(none)  M=FSBCTR1    ACBP=28
 0000:62C2 00A2 C=CODE   S=_TEXT          G=(none)  M=FSBDTR     ACBP=28
 0000:6364 015A C=CODE   S=_TEXT          G=(none)  M=FSBOFLOW   ACBP=28
 0000:64BE 0168 C=CODE   S=_TEXT          G=(none)  M=FSBOPEN    ACBP=28
 0000:6626 00C3 C=CODE   S=_TEXT          G=(none)  M=FSBSBUF    ACBP=28
 0000:66E9 01BC C=CODE   S=_TEXT          G=(none)  M=FSBSKOFF   ACBP=28
 0000:68A5 01A1 C=CODE   S=_TEXT          G=(none)  M=FSBSYNC    ACBP=28
 0000:6A46 01BE C=CODE   S=_TEXT          G=(none)  M=FSBUFLOW   ACBP=28
 0000:6C04 0045 C=CODE   S=_TEXT          G=(none)  M=FSCLOSE    ACBP=28
 0000:6C49 00AF C=CODE   S=_TEXT          G=(none)  M=FSCTR1     ACBP=28
 0000:6CF8 00CC C=CODE   S=_TEXT          G=(none)  M=FSCTR2     ACBP=28
 0000:6DC4 008E C=CODE   S=_TEXT          G=(none)  M=FSDTR      ACBP=28
 0000:6E52 006D C=CODE   S=_TEXT          G=(none)  M=FSOPEN     ACBP=28
 0000:6EBF 00D3 C=CODE   S=_TEXT          G=(none)  M=IFSCTR1    ACBP=28
 0000:6F92 01A8 C=CODE   S=_TEXT          G=(none)  M=IFSCTR2    ACBP=28
 0000:713A 00BA C=CODE   S=_TEXT          G=(none)  M=IFSDTR     ACBP=28
 0000:71F4 008E C=CODE   S=_TEXT          G=(none)  M=ISTCTR1    ACBP=28
 0000:7282 00C2 C=CODE   S=_TEXT          G=(none)  M=ISTDIPFX   ACBP=28
 0000:7344 0078 C=CODE   S=_TEXT          G=(none)  M=ISTDTR1    ACBP=28
 0000:73BC 00DD C=CODE   S=_TEXT          G=(none)  M=ISTEATWH   ACBP=28
 0000:7499 0140 C=CODE   S=_TEXT          G=(none)  M=ISTGLINE   ACBP=28
 0000:75D9 0113 C=CODE   S=_TEXT          G=(none)  M=ISTREAD    ACBP=28
 0000:76EC 0060 C=CODE   S=_TEXT          G=(none)  M=ISTSKOFF   ACBP=28
 0000:774C 005D C=CODE   S=_TEXT          G=(none)  M=ISTSKPOS   ACBP=28
 0000:77A9 0073 C=CODE   S=_TEXT          G=(none)  M=ISTTELLG   ACBP=28
 0000:781C 00D3 C=CODE   S=_TEXT          G=(none)  M=OFSCTR1    ACBP=28
 0000:78EF 00BA C=CODE   S=_TEXT          G=(none)  M=OFSDTR     ACBP=28
 0000:79A9 0085 C=CODE   S=_TEXT          G=(none)  M=OSTCTR1    ACBP=28
 0000:7A2E 0085 C=CODE   S=_TEXT          G=(none)  M=OSTDTR1    ACBP=28
 0000:7AB3 0045 C=CODE   S=_TEXT          G=(none)  M=OSTFLUSH   ACBP=28
 0000:7AF8 0053 C=CODE   S=_TEXT          G=(none)  M=OSTWRITE   ACBP=28
 0000:7B4B 0051 C=CODE   S=_TEXT          G=(none)  M=STBALC     ACBP=28
 0000:7B9C 00D4 C=CODE   S=_TEXT          G=(none)  M=STBCTR1    ACBP=28
 0000:7C70 00B7 C=CODE   S=_TEXT          G=(none)  M=STBDSGTN   ACBP=28
 0000:7D27 00A9 C=CODE   S=_TEXT          G=(none)  M=STBDSPTN   ACBP=28
 0000:7DD0 007C C=CODE   S=_TEXT          G=(none)  M=STBDTR     ACBP=28
 0000:7E4C 000F C=CODE   S=_TEXT          G=(none)  M=STBOFLOW   ACBP=28
 0000:7E5B 000F C=CODE   S=_TEXT          G=(none)  M=STBPBFL    ACBP=28
 0000:7E6A 0033 C=CODE   S=_TEXT          G=(none)  M=STBSBUF    ACBP=28
 0000:7E9D 00B6 C=CODE   S=_TEXT          G=(none)  M=STBSETB    ACBP=28
 0000:7F53 0071 C=CODE   S=_TEXT          G=(none)  M=STBSETG    ACBP=28
 0000:7FC4 0053 C=CODE   S=_TEXT          G=(none)  M=STBSETP    ACBP=28
 0000:8017 0012 C=CODE   S=_TEXT          G=(none)  M=STBSKOFF   ACBP=28
 0000:8029 002B C=CODE   S=_TEXT          G=(none)  M=STBSKPOS   ACBP=28
 0000:8054 007D C=CODE   S=_TEXT          G=(none)  M=STBSPUTN   ACBP=28
 0000:80D1 0053 C=CODE   S=_TEXT          G=(none)  M=STBSYNC    ACBP=28
 0000:8124 003A C=CODE   S=_TEXT          G=(none)  M=STBUFLOW   ACBP=28
 0000:815E 0041 C=CODE   S=_TEXT          G=(none)  M=STCLEAR    ACBP=28
 0000:819F 004C C=CODE   S=_TEXT          G=(none)  M=STCTR1     ACBP=28
 0000:81EB 0057 C=CODE   S=_TEXT          G=(none)  M=STDTR      ACBP=28
 0000:8242 005B C=CODE   S=_TEXT          G=(none)  M=STINIT     ACBP=28
 0000:829D 002D C=CODE   S=_TEXT          G=(none)  M=STSETST    ACBP=28
 082C:000A 252A C=CODE   S=TETSTART_TEXT  G=(none)  M=TETSTART.CPP ACBP=28
 0A7F:0004 0105 C=CODE   S=BMPVIEW_TEXT   G=(none)  M=BMPVIEW.CPP ACBP=28
 0A8F:0009 03DB C=CODE   S=FONTEDIT_TEXT  G=(none)  M=FONTEDIT.CPP ACBP=28
 0ACD:0004 0723 C=CODE   S=TET_SETT_TEXT  G=(none)  M=TET_SETT.CPP ACBP=28
 0B3F:0007 03ED C=CODE   S=FIGURE_TEXT    G=(none)  M=FIGURE.CPP ACBP=28
 0B7E:0004 03DA C=CODE   S=GRAPH_TEXT     G=(none)  M=GRAPH.CPP  ACBP=28
 0BBB:000E 087F C=CODE   S=GLASS_TEXT     G=(none)  M=GLASS.CPP  ACBP=28
 0C43:000D 025D C=CODE   S=SETTINGS_TEXT  G=(none)  M=SETTINGS.CPP ACBP=28
 0C69:000A 0934 C=CODE   S=RECTABLE_TEXT  G=(none)  M=RECTABLE.CPP ACBP=28
 0CFC:000E 059E C=CODE   S=KEYBOARD_TEXT  G=(none)  M=..\MY.LIB\KEYBOARD.CPP ACBP=28
 0D56:000C 2A68 C=CODE   S=SCREEN_TEXT    G=(none)  M=..\MY.LIB\SCREEN.CPP ACBP=28
 0FFD:0004 0769 C=CODE   S=DEBUG_TEXT     G=(none)  M=..\MY.LIB\DEBUG.CPP ACBP=28
 1073:000D 0207 C=CODE   S=MOUSE_TEXT     G=(none)  M=..\MY.LIB\MOUSE.CPP ACBP=28
 1094:0004 03E0 C=CODE   S=TIMER_TEXT     G=(none)  M=..\MY.LIB\TIMER.CPP ACBP=28
 10D2:0004 1883 C=CODE   S=MOVEOBJ_TEXT   G=(none)  M=..\MY.LIB\MOVEOBJ.CPP ACBP=28
 125A:0007 040D C=CODE   S=RECTS_TEXT     G=(none)  M=..\MY.LIB\RECTS.CPP ACBP=28
 129B:0004 05FD C=CODE   S=SOUND_TEXT     G=(none)  M=..\MY.LIB\SOUND.CPP ACBP=28
 12FB:0001 0AA6 C=CODE   S=SPRITE_TEXT    G=(none)  M=..\MY.LIB\SPRITE.CPP ACBP=28
 13A5:0007 031B C=CODE   S=LOADER_TEXT    G=(none)  M=..\DIGMID.LIB\LOADER.C ACBP=28
 13D7:0002 0063 C=CODE   S=MEMORY_TEXT    G=(none)  M=..\DIGMID.LIB\MEMORY.C ACBP=28
 13DD:0005 1A0B C=CODE   S=TETRIS1_TEXT   G=(none)  M=TETRIS1.CPP ACBP=28
 157E:0000 07E4 C=CODE   S=TETRIS3_TEXT   G=(none)  M=TETRIS3.CPP ACBP=28
 15FC:0004 008C C=CODE   S=TETR_HLP_TEXT  G=(none)  M=TETR_HLP.CPP ACBP=28
 1605:0000 066E C=CODE   S=TXTEDITR_TEXT  G=(none)  M=TXTEDITR.CPP ACBP=28
 166B:000E 276E C=CODE   S=TETRIS_TEXT    G=(none)  M=TETRIS.CPP ACBP=28
 18E3:0000 0000 C=CODE   S=E87_PROG       G=(none)  M=FP87INIT   ACBP=68
 18E3:0000 03E3 C=CODE   S=E87_PROG       G=(none)  M=EMU087     ACBP=68
 18E3:03F0 01D8 C=CODE   S=E87_PROG       G=(none)  M=E87TRAP    ACBP=68
 1940:0000 0000 C=FAR_DATA S=_FARDATA       G=(none)  M=C0.ASM     ACBP=68
 1940:0000 452F C=FAR_DATA S=TETSTART_DATA  G=(none)  M=TETSTART.CPP ACBP=48
 1D93:0000 0000 C=FAR_DATA S=BMPVIEW_DATA   G=(none)  M=BMPVIEW.CPP ACBP=48
 1D93:0000 0041 C=FAR_DATA S=FONTEDIT_DATA  G=(none)  M=FONTEDIT.CPP ACBP=48
 1D97:0002 0149 C=FAR_DATA S=TET_SETT_DATA  G=(none)  M=TET_SETT.CPP ACBP=48
 1DAB:000C 0020 C=FAR_DATA S=FIGURE_DATA    G=(none)  M=FIGURE.CPP ACBP=48
 1DAD:000C 0141 C=FAR_DATA S=GRAPH_DATA     G=(none)  M=GRAPH.CPP  ACBP=48
 1DC1:000E 001A C=FAR_DATA S=GLASS_DATA     G=(none)  M=GLASS.CPP  ACBP=48
 1DC3:0008 0026 C=FAR_DATA S=SETTINGS_DATA  G=(none)  M=SETTINGS.CPP ACBP=48
 1DC5:000E 00A7 C=FAR_DATA S=RECTABLE_DATA  G=(none)  M=RECTABLE.CPP ACBP=48
 1DD0:0006 0362 C=FAR_DATA S=KEYBOARD_DATA  G=(none)  M=..\MY.LIB\KEYBOARD.CPP ACBP=48
 1E07:0000 0006 C=FAR_DATA S=KEYBOARD5_DATA G=(none)  M=..\MY.LIB\KEYBOARD.CPP ACBP=68
 1E08:0000 01C0 C=FAR_DATA S=KEYBOARD6_DATA G=(none)  M=..\MY.LIB\KEYBOARD.CPP ACBP=68
 1E24:0000 0991 C=FAR_DATA S=SCREEN_DATA    G=(none)  M=..\MY.LIB\SCREEN.CPP ACBP=48
 1EBE:0000 000B C=FAR_DATA S=SCREEN5_DATA   G=(none)  M=..\MY.LIB\SCREEN.CPP ACBP=68
 1EBE:000C 0034 C=FAR_DATA S=DEBUG_DATA     G=(none)  M=..\MY.LIB\DEBUG.CPP ACBP=48
 1EC2:0000 0040 C=FAR_DATA S=MOUSE_DATA     G=(none)  M=..\MY.LIB\MOUSE.CPP ACBP=48
 1EC6:0000 0093 C=FAR_DATA S=TIMER_DATA     G=(none)  M=..\MY.LIB\TIMER.CPP ACBP=48
 1ED0:0000 000A C=FAR_DATA S=TIMER5_DATA    G=(none)  M=..\MY.LIB\TIMER.CPP ACBP=68
 1ED0:000A 03F4 C=FAR_DATA S=MOVEOBJ_DATA   G=(none)  M=..\MY.LIB\MOVEOBJ.CPP ACBP=48
 1F10:0000 0014 C=FAR_DATA S=MOVEOBJ5_DATA  G=(none)  M=..\MY.LIB\MOVEOBJ.CPP ACBP=68
 1F11:0004 0060 C=FAR_DATA S=RECTS_DATA     G=(none)  M=..\MY.LIB\RECTS.CPP ACBP=48
 1F17:0004 1560 C=FAR_DATA S=SOUND_DATA     G=(none)  M=..\MY.LIB\SOUND.CPP ACBP=48
 206E:0000 0002 C=FAR_DATA S=SOUND5_DATA    G=(none)  M=..\MY.LIB\SOUND.CPP ACBP=68
 206E:0002 0337 C=FAR_DATA S=SPRITE_DATA    G=(none)  M=..\MY.LIB\SPRITE.CPP ACBP=48
 20A2:0000 0002 C=FAR_DATA S=SPRITE5_DATA   G=(none)  M=..\MY.LIB\SPRITE.CPP ACBP=68
 20A2:0002 001E C=FAR_DATA S=LOADER_DATA    G=(none)  M=..\DIGMID.LIB\LOADER.C ACBP=48
 20A4:0000 0000 C=FAR_DATA S=MEMORY_DATA    G=(none)  M=..\DIGMID.LIB\MEMORY.C ACBP=48
 20A4:0000 0D09 C=FAR_DATA S=TETRIS1_DATA   G=(none)  M=TETRIS1.CPP ACBP=48
 2174:000A 00EF C=FAR_DATA S=TETRIS3_DATA   G=(none)  M=TETRIS3.CPP ACBP=48
 2183:000A 015E C=FAR_DATA S=TETR_HLP_DATA  G=(none)  M=TETR_HLP.CPP ACBP=48
 2199:0008 006E C=FAR_DATA S=TXTEDITR_DATA  G=(none)  M=TXTEDITR.CPP ACBP=48
 21A0:0006 0BD6 C=FAR_DATA S=TETRIS_DATA    G=(none)  M=TETRIS.CPP ACBP=48
 225D:000C 0024 C=FAR_DATA S=HUGEVAL_DATA   G=(none)  M=HUGEVAL    ACBP=48
 2260:0000 0000 C=FAR_DATA S=LDTRUNC_DATA   G=(none)  M=LDTRUNC    ACBP=48
 2260:0000 0043 C=FAR_DATA S=MATHWHY_DATA   G=(none)  M=MATHWHY    ACBP=48
 2264:0004 0000 C=FAR_DATA S=REALCVT_DATA   G=(none)  M=REALCVT    ACBP=48
 2264:0004 0018 C=FAR_DATA S=SCANTOD_DATA   G=(none)  M=SCANTOD    ACBP=48
 2265:000C 0000 C=FAR_DATA S=XCVT_DATA      G=(none)  M=XCVT       ACBP=48
 2265:000C 009A C=FAR_DATA S=FPERR_DATA     G=(none)  M=FPERR      ACBP=48
 226F:0006 0080 C=FAR_DATA S=_POW10_DATA    G=(none)  M=_POW10     ACBP=48
 2277:0006 0000 C=FAR_DATA S=POW10D_DATA    G=(none)  M=POW10D     ACBP=48
 2277:0006 0000 C=FAR_DATA S=MATHERR_DATA   G=(none)  M=MATHERR    ACBP=48
 2277:0006 000D C=FAR_DATA S=SQRT_DATA      G=(none)  M=SQRT       ACBP=48
 2278:0004 0010 C=FAR_DATA S=POW_DATA       G=(none)  M=POW        ACBP=48
 2279:0004 000C C=FAR_DATA S=SIN_DATA       G=(none)  M=SIN        ACBP=48
 227A:0000 000E C=FAR_DATA S=_MATHERR_DATA  G=(none)  M=_MATHERR   ACBP=48
 227A:000E 000C C=FAR_DATA S=COS_DATA       G=(none)  M=COS        ACBP=48
 227C:0000 0002 C=FAR_DATA S=FSBDTR5_DATA   G=(none)  M=FSBDTR     ACBP=68
 227D:0000 0016 C=FAR_DATA S=STDTR5_DATA    G=(none)  M=STDTR      ACBP=68
 227F:0000 0000 C=FAR_BSS S=_FARBSS        G=(none)  M=C0.ASM     ACBP=68
 227F:0000 0000 C=OVRINFO S=_OVERLAY_      G=(none)  M=C0.ASM     ACBP=68
 227F:0000 0000 C=STUBSEG S=_1STUB_        G=(none)  M=C0.ASM     ACBP=68
 227F:0000 0091 C=DATA   S=_DATA          G=DGROUP  M=C0.ASM     ACBP=68
 227F:00A0 0002 C=DATA   S=_DATA          G=DGROUP  M=FP87INIT   ACBP=68
 227F:00B0 0000 C=DATA   S=_DATA          G=DGROUP  M=E87TRAP    ACBP=68
 227F:00B0 0003 C=DATA   S=_DATA          G=DGROUP  M=PROTFLAG   ACBP=48
 227F:00B4 0002 C=DATA   S=_DATA          G=DGROUP  M=DEFLT87    ACBP=48
 227F:00B6 0000 C=DATA   S=_DATA          G=DGROUP  M=FFTOL      ACBP=48
 227F:00B6 0082 C=DATA   S=_DATA          G=DGROUP  M=ATEXIT     ACBP=48
 227F:0138 0101 C=DATA   S=_DATA          G=DGROUP  M=CTYPE      ACBP=48
 227F:023A 0000 C=DATA   S=_DATA          G=DGROUP  M=DEL        ACBP=48
 227F:023A 0000 C=DATA   S=_DATA          G=DGROUP  M=DOSFATTR   ACBP=48
 227F:023A 0000 C=DATA   S=_DATA          G=DGROUP  M=DOSVECT    ACBP=48
 227F:023A 000C C=DATA   S=_DATA          G=DGROUP  M=EXIT       ACBP=48
 227F:0246 0000 C=DATA   S=_DATA          G=DGROUP  M=FGETPOS    ACBP=48
 227F:0246 0190 C=DATA   S=_DATA          G=DGROUP  M=FILES      ACBP=48
 227F:03D6 002A C=DATA   S=_DATA          G=DGROUP  M=FILES2     ACBP=48
 227F:0400 0004 C=DATA   S=_DATA          G=DGROUP  M=FMODE      ACBP=48
 227F:0404 0002 C=DATA   S=_DATA          G=DGROUP  M=FPSTKLEN   ACBP=48
 227F:0406 0000 C=DATA   S=_DATA          G=DGROUP  M=F_SCOPY    ACBP=48
 227F:0406 0000 C=DATA   S=_DATA          G=DGROUP  M=GETDATE    ACBP=48
 227F:0406 0000 C=DATA   S=_DATA          G=DGROUP  M=GETVECT    ACBP=48
 227F:0406 0000 C=DATA   S=_DATA          G=DGROUP  M=H_LDIV     ACBP=48
 227F:0406 0000 C=DATA   S=_DATA          G=DGROUP  M=H_LLSH     ACBP=48
 227F:0406 0000 C=DATA   S=_DATA          G=DGROUP  M=H_PADD     ACBP=48
 227F:0406 005B C=DATA   S=_DATA          G=DGROUP  M=IOERROR    ACBP=48
 227F:0462 0000 C=DATA   S=_DATA          G=DGROUP  M=ISATTY     ACBP=48
 227F:0462 0000 C=DATA   S=_DATA          G=DGROUP  M=LONGTOA    ACBP=48
 227F:0462 0000 C=DATA   S=_DATA          G=DGROUP  M=LSEEK      ACBP=48
 227F:0462 0016 C=DATA   S=_DATA          G=DGROUP  M=MKNAME     ACBP=48
 227F:0478 0004 C=DATA   S=_DATA          G=DGROUP  M=NEW        ACBP=48
 227F:047C 0000 C=DATA   S=_DATA          G=DGROUP  M=NEWF       ACBP=48
 227F:047C 0000 C=DATA   S=_DATA          G=DGROUP  M=N_LXMUL    ACBP=48
 227F:047C 0000 C=DATA   S=_DATA          G=DGROUP  M=N_PCMP     ACBP=48
 227F:047C 0004 C=DATA   S=_DATA          G=DGROUP  M=RAND       ACBP=48
 227F:0480 0000 C=DATA   S=_DATA          G=DGROUP  M=READA      ACBP=48
 227F:0480 0000 C=DATA   S=_DATA          G=DGROUP  M=SETDATE    ACBP=48
 227F:0480 0000 C=DATA   S=_DATA          G=DGROUP  M=SETUPIO    ACBP=48
 227F:0480 0004 C=DATA   S=_DATA          G=DGROUP  M=SIGDATA    ACBP=48
 227F:0484 0000 C=DATA   S=_DATA          G=DGROUP  M=STIME      ACBP=48
 227F:0484 0002 C=DATA   S=_DATA          G=DGROUP  M=STKLEN     ACBP=48
 227F:0486 0000 C=DATA   S=_DATA          G=DGROUP  M=UNLINK     ACBP=48
 227F:0486 0000 C=DATA   S=_DATA          G=DGROUP  M=VDELF      ACBP=48
 227F:0486 0000 C=DATA   S=_DATA          G=DGROUP  M=VNEWF      ACBP=48
 227F:0486 0067 C=DATA   S=_DATA          G=DGROUP  M=VPRINTER   ACBP=48
 227F:04EE 0000 C=DATA   S=_DATA          G=DGROUP  M=VRAM       ACBP=48
 227F:04EE 0002 C=DATA   S=_DATA          G=DGROUP  M=WSCROLL    ACBP=48
 227F:04F0 0000 C=DATA   S=_DATA          G=DGROUP  M=_STPCPY    ACBP=48
 227F:04F0 0000 C=DATA   S=_DATA          G=DGROUP  M=CPRINTF    ACBP=48
 227F:04F0 0018 C=DATA   S=_DATA          G=DGROUP  M=CRTINIT    ACBP=48
 227F:0508 0031 C=DATA   S=_DATA          G=DGROUP  M=CVTFAK     ACBP=48
 227F:053A 0000 C=DATA   S=_DATA          G=DGROUP  M=FARHEAP    ACBP=48
 227F:053A 0002 C=DATA   S=_DATA          G=DGROUP  M=FBRK       ACBP=48
 227F:053C 0000 C=DATA   S=_DATA          G=DGROUP  M=GETCH      ACBP=48
 227F:053C 0000 C=DATA   S=_DATA          G=DGROUP  M=GPTEXT     ACBP=48
 227F:053C 0000 C=DATA   S=_DATA          G=DGROUP  M=IOCTL      ACBP=48
 227F:053C 0002 C=DATA   S=_DATA          G=DGROUP  M=KBHIT      ACBP=48
 227F:053E 0000 C=DATA   S=_DATA          G=DGROUP  M=MOVETEXT   ACBP=48
 227F:053E 0000 C=DATA   S=_DATA          G=DGROUP  M=PUTCH      ACBP=48
 227F:053E 0000 C=DATA   S=_DATA          G=DGROUP  M=REALCVT    ACBP=48
 227F:053E 0000 C=DATA   S=_DATA          G=DGROUP  M=SCREEN     ACBP=48
 227F:053E 0000 C=DATA   S=_DATA          G=DGROUP  M=SCROLL     ACBP=48
 227F:053E 0000 C=DATA   S=_DATA          G=DGROUP  M=SETBLOCK   ACBP=48
 227F:053E 0004 C=DATA   S=_DATA          G=DGROUP  M=SETENVP    ACBP=48
 227F:0542 0000 C=DATA   S=_DATA          G=DGROUP  M=STACK      ACBP=48
 227F:0542 0000 C=DATA   S=_DATA          G=DGROUP  M=WHEREXY    ACBP=48
 227F:0542 0000 C=DATA   S=_DATA          G=DGROUP  M=ATOL       ACBP=48
 227F:0542 0000 C=DATA   S=_DATA          G=DGROUP  M=CHMODA     ACBP=48
 227F:0542 0000 C=DATA   S=_DATA          G=DGROUP  M=CLOSE      ACBP=48
 227F:0542 0000 C=DATA   S=_DATA          G=DGROUP  M=CLOSEA     ACBP=48
 227F:0542 0000 C=DATA   S=_DATA          G=DGROUP  M=EOF        ACBP=48
 227F:0542 0000 C=DATA   S=_DATA          G=DGROUP  M=FCLOSE     ACBP=48
 227F:0542 0000 C=DATA   S=_DATA          G=DGROUP  M=FFLUSH     ACBP=48
 227F:0542 0000 C=DATA   S=_DATA          G=DGROUP  M=FLUSHALL   ACBP=48
 227F:0542 0000 C=DATA   S=_DATA          G=DGROUP  M=FOPEN      ACBP=48
 227F:0542 0000 C=DATA   S=_DATA          G=DGROUP  M=FPRINTF    ACBP=48
 227F:0542 0000 C=DATA   S=_DATA          G=DGROUP  M=FREAD      ACBP=48
 227F:0542 0000 C=DATA   S=_DATA          G=DGROUP  M=FSEEK      ACBP=48
 227F:0542 0001 C=DATA   S=_DATA          G=DGROUP  M=GETC       ACBP=48
 227F:0544 0000 C=DATA   S=_DATA          G=DGROUP  M=GETENV     ACBP=48
 227F:0544 0000 C=DATA   S=_DATA          G=DGROUP  M=MEMCPY     ACBP=48
 227F:0544 0000 C=DATA   S=_DATA          G=DGROUP  M=MEMSET     ACBP=48
 227F:0544 0000 C=DATA   S=_DATA          G=DGROUP  M=OPEN       ACBP=48
 227F:0544 0000 C=DATA   S=_DATA          G=DGROUP  M=OPENA      ACBP=48
 227F:0544 0002 C=DATA   S=_DATA          G=DGROUP  M=PUTC       ACBP=48
 227F:0546 0000 C=DATA   S=_DATA          G=DGROUP  M=READ       ACBP=48
 227F:0546 0000 C=DATA   S=_DATA          G=DGROUP  M=READU      ACBP=48
 227F:0546 0004 C=DATA   S=_DATA          G=DGROUP  M=SETVBUF    ACBP=48
 227F:054A 0000 C=DATA   S=_DATA          G=DGROUP  M=SPRINTF    ACBP=48
 227F:054A 0000 C=DATA   S=_DATA          G=DGROUP  M=STRCAT     ACBP=48
 227F:054A 0000 C=DATA   S=_DATA          G=DGROUP  M=STRCPY     ACBP=48
 227F:054A 0000 C=DATA   S=_DATA          G=DGROUP  M=STRLEN     ACBP=48
 227F:054A 0000 C=DATA   S=_DATA          G=DGROUP  M=STRNCPY    ACBP=48
 227F:054A 000C C=DATA   S=_DATA          G=DGROUP  M=TIMECVT    ACBP=48
 227F:0556 003B C=DATA   S=_DATA          G=DGROUP  M=TZSET      ACBP=48
 227F:0592 0000 C=DATA   S=_DATA          G=DGROUP  M=WRITE      ACBP=48
 227F:0592 0000 C=DATA   S=_DATA          G=DGROUP  M=WRITEA     ACBP=48
 227F:0592 0000 C=DATA   S=_DATA          G=DGROUP  M=WRITEU     ACBP=48
 227F:0592 0000 C=DATA   S=_DATA          G=DGROUP  M=XFCLOSE    ACBP=48
 227F:0592 0000 C=DATA   S=_DATA          G=DGROUP  M=XFFLUSH    ACBP=48
 227F:0592 0000 C=DATA   S=_DATA          G=DGROUP  M=FMEMCPY    ACBP=48
 227F:0592 0000 C=DATA   S=_DATA          G=DGROUP  M=FSTRCMP    ACBP=48
 227F:0592 0000 C=DATA   S=_DATA          G=DGROUP  M=FSBCLOSE   ACBP=48
 227F:0592 0000 C=DATA   S=_DATA          G=DGROUP  M=FSBCTR1    ACBP=48
 227F:0592 0000 C=DATA   S=_DATA          G=DGROUP  M=FSBDTR     ACBP=48
 227F:0592 0000 C=DATA   S=_DATA          G=DGROUP  M=FSBOFLOW   ACBP=48
 227F:0592 0000 C=DATA   S=_DATA          G=DGROUP  M=FSBOPEN    ACBP=48
 227F:0592 0000 C=DATA   S=_DATA          G=DGROUP  M=FSBSBUF    ACBP=48
 227F:0592 0000 C=DATA   S=_DATA          G=DGROUP  M=FSBSKOFF   ACBP=48
 227F:0592 0000 C=DATA   S=_DATA          G=DGROUP  M=FSBSYNC    ACBP=48
 227F:0592 0000 C=DATA   S=_DATA          G=DGROUP  M=FSBUFLOW   ACBP=48
 227F:0592 0000 C=DATA   S=_DATA          G=DGROUP  M=FSCLOSE    ACBP=48
 227F:0592 0000 C=DATA   S=_DATA          G=DGROUP  M=FSCTR1     ACBP=48
 227F:0592 0000 C=DATA   S=_DATA          G=DGROUP  M=FSCTR2     ACBP=48
 227F:0592 0000 C=DATA   S=_DATA          G=DGROUP  M=FSDTR      ACBP=48
 227F:0592 0000 C=DATA   S=_DATA          G=DGROUP  M=FSOPEN     ACBP=48
 227F:0592 0000 C=DATA   S=_DATA          G=DGROUP  M=IFSCTR1    ACBP=48
 227F:0592 0000 C=DATA   S=_DATA          G=DGROUP  M=IFSCTR2    ACBP=48
 227F:0592 0000 C=DATA   S=_DATA          G=DGROUP  M=IFSDTR     ACBP=48
 227F:0592 0000 C=DATA   S=_DATA          G=DGROUP  M=ISTCTR1    ACBP=48
 227F:0592 0000 C=DATA   S=_DATA          G=DGROUP  M=ISTDIPFX   ACBP=48
 227F:0592 0000 C=DATA   S=_DATA          G=DGROUP  M=ISTDTR1    ACBP=48
 227F:0592 0000 C=DATA   S=_DATA          G=DGROUP  M=ISTEATWH   ACBP=48
 227F:0592 0000 C=DATA   S=_DATA          G=DGROUP  M=ISTGLINE   ACBP=48
 227F:0592 0000 C=DATA   S=_DATA          G=DGROUP  M=ISTREAD    ACBP=48
 227F:0592 0000 C=DATA   S=_DATA          G=DGROUP  M=ISTSKOFF   ACBP=48
 227F:0592 0000 C=DATA   S=_DATA          G=DGROUP  M=ISTSKPOS   ACBP=48
 227F:0592 0000 C=DATA   S=_DATA          G=DGROUP  M=ISTTELLG   ACBP=48
 227F:0592 0000 C=DATA   S=_DATA          G=DGROUP  M=OFSCTR1    ACBP=48
 227F:0592 0000 C=DATA   S=_DATA          G=DGROUP  M=OFSDTR     ACBP=48
 227F:0592 0000 C=DATA   S=_DATA          G=DGROUP  M=OSTCTR1    ACBP=48
 227F:0592 0000 C=DATA   S=_DATA          G=DGROUP  M=OSTDTR1    ACBP=48
 227F:0592 0000 C=DATA   S=_DATA          G=DGROUP  M=OSTFLUSH   ACBP=48
 227F:0592 0000 C=DATA   S=_DATA          G=DGROUP  M=OSTWRITE   ACBP=48
 227F:0592 0000 C=DATA   S=_DATA          G=DGROUP  M=STBALC     ACBP=48
 227F:0592 0000 C=DATA   S=_DATA          G=DGROUP  M=STBCTR1    ACBP=48
 227F:0592 0000 C=DATA   S=_DATA          G=DGROUP  M=STBDSGTN   ACBP=48
 227F:0592 0000 C=DATA   S=_DATA          G=DGROUP  M=STBDSPTN   ACBP=48
 227F:0592 0000 C=DATA   S=_DATA          G=DGROUP  M=STBDTR     ACBP=48
 227F:0592 0000 C=DATA   S=_DATA          G=DGROUP  M=STBOFLOW   ACBP=48
 227F:0592 0000 C=DATA   S=_DATA          G=DGROUP  M=STBPBFL    ACBP=48
 227F:0592 0000 C=DATA   S=_DATA          G=DGROUP  M=STBSBUF    ACBP=48
 227F:0592 0000 C=DATA   S=_DATA          G=DGROUP  M=STBSETB    ACBP=48
 227F:0592 0000 C=DATA   S=_DATA          G=DGROUP  M=STBSETG    ACBP=48
 227F:0592 0000 C=DATA   S=_DATA          G=DGROUP  M=STBSETP    ACBP=48
 227F:0592 0000 C=DATA   S=_DATA          G=DGROUP  M=STBSKOFF   ACBP=48
 227F:0592 0000 C=DATA   S=_DATA          G=DGROUP  M=STBSKPOS   ACBP=48
 227F:0592 0000 C=DATA   S=_DATA          G=DGROUP  M=STBSPUTN   ACBP=48
 227F:0592 0000 C=DATA   S=_DATA          G=DGROUP  M=STBSYNC    ACBP=48
 227F:0592 0000 C=DATA   S=_DATA          G=DGROUP  M=STBUFLOW   ACBP=48
 227F:0592 0000 C=DATA   S=_DATA          G=DGROUP  M=STCLEAR    ACBP=48
 227F:0592 0000 C=DATA   S=_DATA          G=DGROUP  M=STCTR1     ACBP=48
 227F:0592 0000 C=DATA   S=_DATA          G=DGROUP  M=STDTR      ACBP=48
 227F:0592 0000 C=DATA   S=_DATA          G=DGROUP  M=STINIT     ACBP=48
 227F:0592 0000 C=DATA   S=_DATA          G=DGROUP  M=STSETST    ACBP=48
 227F:0592 0000 C=DATA   S=_CVTSEG        G=DGROUP  M=C0.ASM     ACBP=48
 227F:0592 0002 C=DATA   S=_CVTSEG        G=DGROUP  M=REALCVT    ACBP=48
 227F:0594 0002 C=DATA   S=_CVTSEG        G=DGROUP  M=CVTFAK     ACBP=48
 227F:0596 0000 C=DATA   S=_CVTSEG        G=DGROUP  M=REALCVT    ACBP=48
 227F:0596 0000 C=DATA   S=_SCNSEG        G=DGROUP  M=C0.ASM     ACBP=48
 227F:0596 0006 C=DATA   S=_SCNSEG        G=DGROUP  M=SCANTOD    ACBP=48
 227F:059C 0006 C=DATA   S=_SCNSEG        G=DGROUP  M=CVTFAK     ACBP=48
 227F:05A2 0000 C=CONST  S=_CONST         G=DGROUP  M=C0.ASM     ACBP=48
 227F:05A2 0000 C=INITDATA S=_INIT_         G=DGROUP  M=C0.ASM     ACBP=48
 227F:05A2 0006 C=INITDATA S=_INIT_         G=DGROUP  M=TETSTART.CPP ACBP=48
 227F:05A8 0006 C=INITDATA S=_INIT_         G=DGROUP  M=FIGURE.CPP ACBP=48
 227F:05AE 0006 C=INITDATA S=_INIT_         G=DGROUP  M=..\MY.LIB\KEYBOARD.CPP ACBP=48
 227F:05B4 0006 C=INITDATA S=_INIT_         G=DGROUP  M=..\MY.LIB\SCREEN.CPP ACBP=48
 227F:05BA 0006 C=INITDATA S=_INIT_         G=DGROUP  M=..\MY.LIB\TIMER.CPP ACBP=48
 227F:05C0 0006 C=INITDATA S=_INIT_         G=DGROUP  M=..\MY.LIB\MOVEOBJ.CPP ACBP=48
 227F:05C6 0006 C=INITDATA S=_INIT_         G=DGROUP  M=TETRIS1.CPP ACBP=48
 227F:05CC 0006 C=INITDATA S=_INIT_         G=DGROUP  M=TETRIS3.CPP ACBP=48
 227F:05D2 0006 C=INITDATA S=_INIT_         G=DGROUP  M=TETRIS.CPP ACBP=48
 227F:05D8 0006 C=INITDATA S=_INIT_         G=DGROUP  M=FP87INIT   ACBP=48
 227F:05DE 0006 C=INITDATA S=_INIT_         G=DGROUP  M=SETUPIO    ACBP=48
 227F:05E4 0006 C=INITDATA S=_INIT_         G=DGROUP  M=CRTINIT    ACBP=48
 227F:05EA 0006 C=INITDATA S=_INIT_         G=DGROUP  M=SETENVP    ACBP=48
 227F:05F0 0006 C=INITDATA S=_INIT_         G=DGROUP  M=TZSET      ACBP=48
 227F:05F6 0000 C=INITDATA S=_INITEND_      G=DGROUP  M=C0.ASM     ACBP=28
 227F:05F6 0000 C=EXITDATA S=_EXIT_         G=DGROUP  M=C0.ASM     ACBP=48
 227F:05F6 0006 C=EXITDATA S=_EXIT_         G=DGROUP  M=FIGURE.CPP ACBP=48
 227F:05FC 0006 C=EXITDATA S=_EXIT_         G=DGROUP  M=..\MY.LIB\KEYBOARD.CPP ACBP=48
 227F:0602 0006 C=EXITDATA S=_EXIT_         G=DGROUP  M=..\MY.LIB\SCREEN.CPP ACBP=48
 227F:0608 0006 C=EXITDATA S=_EXIT_         G=DGROUP  M=..\MY.LIB\TIMER.CPP ACBP=48
 227F:060E 0006 C=EXITDATA S=_EXIT_         G=DGROUP  M=TETRIS1.CPP ACBP=48
 227F:0614 0006 C=EXITDATA S=_EXIT_         G=DGROUP  M=TETRIS.CPP ACBP=48
 227F:061A 0006 C=EXITDATA S=_EXIT_         G=DGROUP  M=FP87INIT   ACBP=48
 227F:0620 0000 C=EXITDATA S=_EXITEND_      G=DGROUP  M=C0.ASM     ACBP=28
 22E1:0000 0110 C=STACK  S=_STACK         G=(none)  M=C0.ASM     ACBP=74
 22E1:0000 0080 C=STACK  S=_STACK         G=(none)  M=EMUVARS    ACBP=78

  Address         Publics by Name

 0000:1D45       operator delete(void far*)
 13DD:19D5       operator <<(screen far&,manipmy far&)
 0000:22DA       operator new(unsigned int)
 0000:2323       operator new(unsigned long)
 0D56:2930       abs(int)
 10D2:1818       anim::
 166B:2666       anim::anim(sprite far*)
 10D2:0B4E       anim::anim()
 166B:258C       anim::operator +=(anim far&)
 10D2:173C       anim::operator [](int)
 10D2:0CFA       anim::animate()
 10D2:0BDA       anim::renewframe()
 10D2:17D1       anim::renewtimelive()
 10D2:15D8       anim::show()
 125A:0287 idle  checkunionrects(rect far&,rect far&)
 0D56:2505       cur(int,int)
 0FFD:0723       debug(char far*)
 125A:0124 idle  determinesystem(int,int,int,int)
 125A:0043 idle  determinesystem(int,int,int,int,int far&,int far&)
 125A:01EF       determinesystem(rect far&,rect far&,rect far&)
 0A7F:00EA idle  drawbmp(int,int)
 0BBB:028A       drawglassbox(int,int,int,int,char)
 13DD:07CD       drawrunline(int)
 082C:0320 idle  draw_clock()
 0FFD:06B9       fatal(char far*)
 0A7F:00CD idle  fatal_(char far*)
 0B3F:0007       figure::figure()
 0B3F:0295       figure::check()
 0B3F:01BE       figure::show(int)
 0B3F:00AA       figure::show(int,int)
 0B3F:0078       figure::show()
 0000:61AA       filebuf::filebuf()
 0000:62C2       filebuf::~filebuf()
 0000:60FC       filebuf::close()
 0000:64BE       filebuf::open(const char far*,int,int)
 227C:0000       filebuf::openprot
 0000:6364       filebuf::overflow(int)
 0000:66E9       filebuf::seekoff(long,seek_dir,int)
 0000:6626       filebuf::setbuf(char far*,int)
 0000:68A5       filebuf::sync()
 0000:6A46       filebuf::underflow()
 13DD:0537 idle  findzaglavie(long,int)
 0D56:2541 idle  font::font(int)
 0D56:26AA idle  font::~font()
 0D56:26F5 idle  font::show(int,int,int,char)
 0A8F:0009       fonteditor(char far*)
 0000:6CF8       fstreambase::fstreambase(const char far*,int,int)
 0000:6C49       fstreambase::fstreambase()
 0000:6DC4       fstreambase::~fstreambase()
 0000:6C04       fstreambase::close()
 0000:6E52       fstreambase::open(const char far*,int,int)
 13DD:061B idle  fun2(char far*,char far*,int,int far*,int far*,int far*,char,int far*)
 082C:0B9D idle  generatesound()
 157E:0637       generate_picture()
 082C:000A idle  getfunctionalkeyscan(int)
 082C:005E idle  getfunctionalkeyscan2(int)
 1094:016E       getrealtimeclock(unsigned char far&,unsigned char far&,unsigned char far&)
 1605:0080 idle  get_sym()
 0BBB:000E       glass::glass()
 0BBB:00DE       glass::~glass()
 0BBB:0135       glass::clear()
 0BBB:06B4       glass::load(char far*)
 0BBB:0194       glass::make(unsigned int,unsigned int)
 0BBB:0223       glass::read(int,int)
 0BBB:07BF       glass::save(char far*)
 0BBB:04C8       glass::show()
 0BBB:008D idle  glass::showbackground(int)
 0BBB:0591 idle  glass::showborder()
 0BBB:0653       glass::write(int,int,unsigned int)
 0B7E:00A0 idle  graph_draw_digit(int,int,int)
 0B7E:01B7 idle  graph_draw_image(int,int,int,int,char far*)
 0B7E:02D4       graph_draw_num(int,int,unsigned long)
 0B7E:023F       graph_draw_symbol(int,int,char)
 0B7E:0138 idle  graph_draw_symbol(int,int,char,int)
 0B7E:0155 idle  graph_draw_text(int,int,char far*,int)
 0B7E:034A idle  graph_horz_line(int,int,int)
 0B7E:0394 idle  graph_vert_line(int,int,int)
 0000:7054 idle  ifstream::ifstream(const unsigned char far*,int,int)
 0000:6F92       ifstream::ifstream(const char far*,int,int)
 0000:6EBF       ifstream::ifstream()
 0000:713A       ifstream::~ifstream()
 0ACD:065B       ifstream::open(const char far*,int,int)
 1094:0004 idle  int08h_new1()
 0000:819F       ios::ios()
 0000:81EB       ios::~ios()
 0ACD:0696       ios::operator !()
 227D:0004 idle  ios::adjustfield
 227D:0000 idle  ios::basefield
 0000:815E       ios::clear(int)
 166B:25BF       ios::eof()
 0ACD:06FE       ios::fail()
 227D:0008 idle  ios::floatfield
 0000:8242       ios::init(streambuf far*)
 227D:000C idle  ios::nextbit
 0000:829D       ios::setstate(int)
 227D:0012 idle  ios::stdioflush
 227D:0010 idle  ios::usercount
 0000:71F4       istream::istream()
 0000:7344       istream::~istream()
 0000:73BC       istream::eatwhite()
 166B:25E8       istream::getline(unsigned char far*,int,char)
 0000:7499       istream::getline(char far*,int,char)
 0000:7282       istream::ipfx(int)
 0D56:28CF       istream::read(unsigned char far*,int)
 0000:75D9       istream::read(char far*,int)
 0000:774C       istream::seekg(long)
 0000:76EC       istream::seekg(long,seek_dir)
 0000:77A9       istream::tellg()
 082C:00B2 idle  keybfunctional(int)
 082C:0140 idle  keybfunctionalclear(int)
 0CFC:0166 idle  keyboard::keyboard()
 0CFC:0234 idle  keyboard::~keyboard()
 082C:2508       keyboard::operator [](char)
 0CFC:003C idle  keyboard::anykey()
 0CFC:000E idle  keyboard::check(unsigned char)
 0CFC:012C       keyboard::clear()
 1E07:0000 idle  keyboard::countobject
 0CFC:0281 idle  keyboard::int09h_new()
 1E08:0000       keyboard::key
 0CFC:0087       keyboard::readscan(unsigned long)
 0CFC:049B       keyboard::set(char,char)
 0CFC:04CB       keyboard::setinputmode(int)
 0CFC:052E       keyboard::standartinput()
 0CFC:0502       keyboard::superinput()
 1E07:0002 idle  keyboard::this
 166B:1865 idle  load_music()
 166B:000E idle  load_sounds()
 13DD:0005       load_sprites()
 0D56:2A21       manipmy::manipmy(screen far&(far*)(screen far&,int),int)
 10D2:179C       mindobj::
 10D2:1027 idle  mindobj::mindobj()
 10D2:108B idle  mindobj::~mindobj()
 10D2:0E26 idle  mindobj::operator +=(mindobj far&)
 10D2:176C       mindobj::operator [](int)
 10D2:0E4F idle  mindobj::add(mindobj far&,int,mindobj::going far*,mindobj::framing far*,...
 10D2:13F7 idle  mindobj::del(moveobj far*)
 10D2:1164 idle  mindobj::renewframe()
 10D2:1216 idle  mindobj::renewxy()
 10D2:144D idle  mindobj::show()
 1073:0072       mouse::mouse(screen far*)
 1073:00E9       mouse::~mouse()
 1073:000D idle  mouse::draw()
 1073:0122 idle  mouse::read()
 1073:01D7 idle  mouse::set()
 1073:016D idle  mouse::set_horz_movement(int,int)
 1073:01A2 idle  mouse::set_vert_movement(int,int)
 166B:26C6       movefigure::
 166B:24E8       movefigure::movefigure(sprite far*)
 166B:272D       movefigure::~movefigure()
 166B:26E2       movefigure::show()
 10D2:1830       moveobj::
 10D2:0098       moveobj::moveobj(sprite far*)
 10D2:0004 idle  moveobj::moveobj()
 10D2:0139       moveobj::~moveobj()
 10D2:0B04 idle  moveobj::operator +=(moveobj far&)
 10D2:0A4C idle  moveobj::operator [](int)
 10D2:02AE idle  moveobj::animate()
 10D2:16FA       moveobj::del(int)
 10D2:0652       moveobj::del(moveobj far*)
 10D2:05CB idle  moveobj::delall()
 10D2:17B4       moveobj::destroy(int)
 1F10:000C       moveobj::lim
 166B:255A       moveobj::makesupervisor(sprite far*)
 10D2:07A2       moveobj::new(moveobj far*,int)
 10D2:1848       moveobj::renewframe()
 10D2:0898 idle  moveobj::renewrect()
 10D2:1865       moveobj::renewtimelive()
 10D2:0932       moveobj::renewxy()
 10D2:09CF idle  moveobj::set(float,float,float,float,float,float)
 10D2:01C4 idle  moveobj::show()
 10D2:0250 idle  moveobj::showall()
 1F10:0006 idle  moveobj::speed_unit
 1F10:0000 idle  moveobj::supervisorcounter
 1F10:000A idle  moveobj::totalanimatedobject
 1F10:0002 idle  moveobj::windowx
 1F10:0004 idle  moveobj::windowy
 10D2:0458 idle  movetxt::animate()
 10D2:152E idle  movetxt::show()
 0FFD:0576       msg(char far*,int)
 0FFD:02C3       msgtext(char far*,char far*,char far*,int,int)
 0FFD:0004       msgtextminmaxvalue(char far*,int,int,int,int)
 166B:1806       music(int,int)
 1605:00B8 idle  newline()
 0000:781C       ofstream::ofstream()
 0000:78EF       ofstream::~ofstream()
 0ACD:06C3       ofstream::open(const char far*,int,int)
 0000:79A9       ostream::ostream()
 0000:7A2E       ostream::~ostream()
 0000:7AB3       ostream::flush()
 0D56:2899       ostream::write(const unsigned char far*,int)
 0000:7AF8       ostream::write(const char far*,int)
 0A7F:003F idle  page(int,char)
 0B7E:0004 idle  pixel(int,int,int)
 082C:02A5       playfreq(int,int,int)
 129B:0004       playnote(int,int,int)
 166B:18D7 idle  programmeditor()
 0A7F:007B idle  putpixel(int,int,char)
 0A7F:005E idle  putpixel(int,int,char,char,char)
 082C:0E1F       putrec(int,unsigned long,int)
 082C:0EAF idle  putrecord(int,unsigned long)
 0C69:08DC       random(int)
 13DD:19A5       randomize()
 1605:0000 idle  read_word()
 0D56:297E       rect::rect(int,int,int,int)
 0D56:29E3       rect::rect()
 166B:2622       rect::set(int,int,int,int)
 0C69:0528       rectable::rectable()
 0C69:0567       rectable::~rectable()
 0C69:05A0       rectable::getmaxscore()
 0C69:02A6       rectable::load()
 0C69:06D7       rectable::putnewrecord(char far*,unsigned long,unsigned long,unsigned int)
 0C69:05CC       rectable::putnewrecordnamecolor(char far*,unsigned long,char)
 0C69:048B       rectable::save()
 0C69:000A       rectable::show(int)
 166B:0051 idle  redefine_keys()
 0D56:01B3       screen::screen()
 0D56:0329       screen::~screen()
 0D56:18DE       screen::operator <<(double)
 0D56:196F       screen::operator <<(int)
 0D56:186E       screen::operator <<(char far*)
 0D56:1935       screen::operator <<(unsigned int)
 0D56:18A7       screen::operator <<(unsigned long)
 0D56:19BC       screen::operator <<(char)
 0D56:094F idle  screen::bitblt(int,int,int,int,char far*)
 0D56:05B1       screen::bitblt(int,int,int,int,char far*,char)
 0D56:09E5       screen::bitblttp(int,int,int,int,char far*)
 0D56:03C2 idle  screen::bitblt_part(int,int,int,int,int,int,int,int,char far*,char)
 0D56:1050       screen::border(int,int,int,int,int)
 0D56:10F3 idle  screen::center(int,char far*)
 0D56:114E       screen::clear(int)
 1EBE:0006 idle  screen::constructor_run
 1EBE:0000 idle  screen::countobjects
 0D56:00AF idle  screen::decrementpalette()
 1EBE:0002 idle  screen::doublebuffer
 0D56:0C7D idle  screen::draw_circle(int,int,int,int)
 0D56:0E31 idle  screen::draw_ellipse(int,int,int,int,int)
 0D56:0A7C idle  screen::fill_circle(int,int,int,int)
 0D56:0B56 idle  screen::fill_ellipse(int,int,int,int,int)
 0D56:27AA       screen::flip_double_buffer()
 0D56:0138       screen::fontsave()
 0D56:118F       screen::getcolorregister(unsigned char,char far*,char far*,char far*)
 0D56:11DE       screen::graphmode()
 0D56:1292       screen::inputnumber(unsigned int)
 0D56:1335       screen::inputstring(int,char far*,int)
 0D56:15FC       screen::line(int,int,int,int,char)
 0D56:17D4       screen::line_down(int,int,int,char)
 0D56:1821       screen::line_right(int,int,int,char)
 0D56:1594       screen::locate(int,int)
 0D56:15CB       screen::locatexy(int,int)
 0D56:19F3 idle  screen::pause(int)
 0D56:1F51 idle  screen::putbignumb(long)
 0D56:1FE2 idle  screen::putbignumb(long,char)
 0D56:1A29       screen::putbigsym(unsigned char,char,char)
 0D56:1B58 idle  screen::putbigtext(char far*,char)
 0D56:1BA9 idle  screen::putbigtext(char far*,char,char)
 0D56:1BFC idle  screen::putbigtext(char far*,char,char,char)
 0D56:1E38       screen::putnumb(unsigned long)
 0D56:1EB8       screen::putnumb(unsigned long,char)
 0D56:1C5D       screen::putpixel(int,int,int)
 0D56:1CBA idle  screen::putsymbol(int,int,unsigned char)
 0D56:1D84       screen::putsymbol(unsigned char)
 0D56:1DCE       screen::puttext(char far*)
 0D56:20DD       screen::rectangle(int,int,int,int,int)
 0D56:2083 idle  screen::rectangle(rect far&,int)
 0D56:000C       screen::scrollup(int)
 0D56:2226 idle  screen::set320x240mode()
 0C69:0918       screen::setbkcolor(char)
 0D56:2957       screen::setcolor(char)
 0D56:22B5       screen::setcolorregister(unsigned char,char,char,char)
 0D56:22E8       screen::textmode()
 0D56:230A idle  screen::update(rect)
 0D56:23BE       screen::update()
 1EBE:0007 idle  screen::videomemory
 0D56:2424       screen::wait()
 0D56:24CF idle  setcolor(int)
 0A7F:0004 idle  setcolorregister(char,char,char,char)
 0B7E:0038 idle  setpixel(int,int,unsigned char)
 0C43:000D       settings::settings()
 0C43:004B       settings::~settings()
 0C43:0108       settings::load()
 0C43:0084       settings::save()
 0000:22A9 idle  set_new_handler(void(far*)())
 082C:0185 idle  showhelppage()
 082C:2403 idle  show_help()
 129B:004E       sound::sound()
 129B:057E       sound::~sound()
 206E:0000 idle  sound::countobject
 129B:0311       sound::load(char far*,int)
 129B:0214       sound::play(int,int)
 129B:01A2 idle  sound::sndplay(sndstruct far&)
 129B:015C idle  sound::soundstatus()
 129B:02D1 idle  sound::stop()
 129B:051D idle  sound::unload(int)
 082C:0EF2       soundmodule(int)
 12FB:00EE       sprite::sprite(screen far*,int)
 12FB:01C4       sprite::~sprite()
 20A2:0000 idle  sprite::countobject
 12FB:0001 idle  sprite::create(sprite::image far&)
 12FB:090F idle  sprite::delete(int)
 12FB:027C idle  sprite::find(int)
 12FB:02D2 idle  sprite::find_free()
 12FB:0334       sprite::getimage(int)
 12FB:038C idle  sprite::load(char far*,unsigned long,sprite::image)
 12FB:04DA       sprite::loadspriteform(char far*,sprite::image far&)
 12FB:0636       sprite::modifycolor(int,char)
 12FB:06D4       sprite::scroll(int,int,int)
 12FB:08E4       sprite::show(int,int,int,int)
 12FB:0834 idle  sprite::showdirect(int,int,int,int)
 12FB:0A3B       sprite::image::read(int,int)
 12FB:09D0 idle  sprite::image::write(int,int,unsigned char)
 082C:0E80       startrecord()
 0000:7B9C       streambuf::streambuf()
 0000:7DD0       streambuf::~streambuf()
 0000:7B4B       streambuf::doallocate()
 0000:7C70       streambuf::do_sgetn(char far*,int)
 0000:7D27       streambuf::do_sputn(const char far*,int)
 0000:7E4C       streambuf::overflow(int)
 0000:7E5B       streambuf::pbackfail(int)
 0000:8017       streambuf::seekoff(long,seek_dir,int)
 0000:8029       streambuf::seekpos(long,int)
 0000:7E9D       streambuf::setb(char far*,char far*,int)
 0000:7E6A       streambuf::setbuf(char far*,int)
 0000:7F53       streambuf::setg(char far*,char far*,char far*)
 0000:7FC4       streambuf::setp(char far*,char far*)
 0000:8054       streambuf::sputn(const char far*,int)
 0000:80D1       streambuf::sync()
 0000:8124       streambuf::underflow()
 125A:0007 idle  swap(int far&,int far&)
 157E:0426       tetris::tetris()
 166B:03E9 idle  tetris::~tetris()
 166B:0446 idle  tetris::game()
 157E:05E8 idle  tetris::generatefigurecolor()
 0ACD:041C       tetris::load(char far*)
 13DD:1558       tetris::menu()
 157E:0000       tetris::newfiguregenerate()
 157E:017A       tetris::nextfigureshow()
 0ACD:05B4       tetris::save(char far*)
 0ACD:0004       tetris::settings1()
 0ACD:01C0       tetris::settings2()
 15FC:0004       tetrishelp()
 082C:1C26       tetrisstart()
 1605:015F       texteditor()
 1094:0047 idle  timer::timer(float)
 1094:0207 idle  timer::~timer()
 1ED0:0000 idle  timer::countobjects
 0D56:2905       timer::gettotalcounter()
 1ED0:0002 idle  timer::max_freq
 1ED0:0006 idle  timer::min_freq
 1094:00CC       timer::restart(float)
 13DD:077E idle  tolowerregister(unsigned char far*)
 0D56:24A0 idle  _setcolor(screen far&,int)
 0D56:245B idle  _setlocate(screen far&,int)
 0000:263D       _vector_delete_(void far*,unsigned int,unsigned long,unsigned int,...)
 0000:28C1       _vector_new_(void far*,unsigned int,unsigned long,unsigned int,...)
 227F:0000 idle  DATASEG@
 0000:0284       DGROUP@
 18E3:0306       E087_ENTRY
 18E3:03C6       E087_SHORTCUT
 18E3:0430       E087_TRAP
 0000:0000 idle  FIARQQ
 0000:0000 idle  FICRQQ
 0000:0000  Abs  FIDRQQ
 0000:0000  Abs  FIERQQ
 0000:0000  Abs  FISRQQ
 0000:0000  Abs  FIWRQQ
 0000:0000 idle  FJARQQ
 0000:0000 idle  FJCRQQ
 0000:0000  Abs  FJSRQQ
 0000:1CE5 idle  FTOL@
 0000:1CE5       F_FTOL@
 0000:1F5C idle  F_LDIV@
 0000:1F6B idle  F_LMOD@
 0000:1F63 idle  F_LUDIV@
 0000:1F73 idle  F_LUMOD@
 0000:200A idle  F_LXLSH@
 0000:4193       F_OVERFLOW@
 0000:202B idle  F_PADD@
 0000:205A idle  F_PSUB@
 0000:1EDB       F_SCOPY@
 0000:1F5C idle  LDIV@
 0000:1F6B idle  LMOD@
 0000:1F63 idle  LUDIV@
 0000:1F73 idle  LUMOD@
 0000:200A idle  LXLSH@
 0000:1F59       N_LDIV@
 0000:1F68       N_LMOD@
 0000:1F60 idle  N_LUDIV@
 0000:1F70 idle  N_LUMOD@
 0000:2007       N_LXLSH@
 0000:2388       N_LXMUL@
 0000:4193 idle  N_OVERFLOW@
 0000:2028       N_PADD@
 0000:239F       N_PCMP@
 0000:2057 idle  N_PSUB@
 0000:4193 idle  OVERFLOW@
 0000:202B idle  PADD@
 0000:205A idle  PSUB@
 0000:1EDB idle  SCOPY@
 0000:026D       _ABORT
 0000:0AC8 idle  _ADDFAR
 0000:1D11 idle  _ATEXIT
 0000:4273 idle  _ATOI
 0000:41F2       _ATOL
 0000:02E7 idle  _AUDIOCAPABILITIES
 0000:036B       _AUDIOPENDINGSTATUS
 1940:0208 idle  _B
 21A0:05C6       _BACKGROUND
 21A0:003D idle  _BASEACCELERAT
 1940:38C0 idle  _BASEFREQCHANGE
 21A0:0039 idle  _BASESPEED
 2199:0008 idle  _BIG
 1E24:0805       _BIGSYMSCALE
 2199:0029 idle  _BIG_LEN
 1F17:0010 idle  _BUF
 0000:040F idle  _CHECKIN
 0000:0B83 idle  _CHECKMIDIIN
 0000:42AF       _CLOSE
 2199:002A idle  _CODE13
 0000:1C86       _COS
 0000:32C2 idle  _CPRINTF
 1E24:0807 idle  _CRTCPARMS
 21A0:0041       _CURRENT_MUSIC
 2199:006E idle  _CURSOR_HEI
 2199:006C idle  _CURSOR_LEN
 227F:057C       _DAYLIGHT
 13A5:0097       _DEINITDIGPAK
 0000:04E2       _DEINITDP
 13A5:0261       _DEINITMIDPAK
 0000:0C2D       _DEINITMP
 1DAD:000C idle  _DIGITS
 0000:0BB9       _DIGPAKAVAILABLE
 0000:02ED idle  _DIGPAKIDENTITYSTRING
 0000:0288 idle  _DIGPLAY
 0000:02C1 idle  _DIGPLAY2
 0000:02D4 idle  _DIGPLAYLOOP
 227F:04FF       _DIRECTVIDEO
 0000:57F8       _DOSTOUNIX
 20A4:001E idle  _END_OF_FILE
 227F:053E       _ENVIRON
 0000:4315       _EOF
 227F:007F       _ERRNO
 0000:0C19 idle  _EVENTIDADDRESS
 0000:1E50       _EXIT
 0000:0819 idle  _FARCAT
 0000:0959 idle  _FARCOMPARE
 0000:0800 idle  _FARCOP
 0000:3613       _FARFREE
 0000:0907 idle  _FARLEN
 0000:3727       _FARMALLOC
 0000:0AB0 idle  _FARMOV
 0000:388B idle  _FARREALLOC
 0000:439E       _FCLOSE
 0000:445D       _FFLUSH
 0000:086E idle  _FFREE
 0000:4C55 idle  _FGETC
 0000:4D4A idle  _FGETCHAR
 0000:1EA7       _FGETPOS
 20A4:00FE idle  _FILESIZE
 20A4:0048 idle  _FILE_BUF
 0000:0689       _FLOAD
 0000:0720       _FLOADPARA
 0000:4531       _FLUSHALL
 0000:083A idle  _FMALLOC
 1E24:0000 idle  _FONT
 1E24:0005       _FONT8X8
 0000:4784       _FOPEN
 0000:47C0       _FPRINTF
 0000:509F idle  _FPUTC
 0000:5241 idle  _FPUTCHAR
 0000:48DE       _FREAD
 0000:3613       _FREE
 0000:49FC       _FSEEK
 0000:4A83       _FTELL
 1940:0308 idle  _FUNCTIONAL_KEYS
 1940:0108 idle  _G
 0000:3AC4       _GETCH
 0000:3AF6 idle  _GETCHE
 0000:1EF7       _GETDATE
 0000:4D60       _GETENV
 0000:07E9 idle  _GETKEY
 0000:3B65       _GETTEXT
 0000:1F11       _GETTIME
 0000:08AF idle  _GETTIMERINTERRUPTVECTOR
 0000:1F2B       _GETVECT
 0000:0987 idle  _IFEXISTS
 20A4:008E       _IFL
 13A5:0061       _INITDIGPAK
 0000:0471       _INITDP
 13A5:0208       _INITMIDPAK
 0000:0C43       _INITMP
 1EC6:000A idle  _INT08H_OLD
 0000:3C1F       _IOCTL
 0000:20E7       _ISATTY
 1F17:1398 idle  _ISPLAY
 1940:0892 idle  _ISPLAY1
 1940:0894 idle  _ISPLAY2
 0000:3C4F       _KBHIT
 1DD0:0006       _KEYB
 21A0:0252 idle  _KEYDOWNPRESS
 0000:07D9 idle  _KEYSTAT
 13A5:0007       _LOADDIGPAK
 13A5:012B       _LOADMIDPAK
 0000:21AF       _LSEEK
 166B:1A9E       _MAIN
 0000:0B07 idle  _MAKEFP
 0000:0B14 idle  _MAKESEG
 0000:371D       _MALLOC
 1E24:0823 idle  _MANIP
 0000:02AE idle  _MASSAGEAUDIO
 0000:18D5       _MATHERR
 21A0:0035 idle  _MAXSCORE
 0000:08EB idle  _MDELETE
 13D7:0002       _MEMALLOC
 0000:4DDC       _MEMCPY
 13D7:003A       _MEMFREE
 0000:4E2E       _MEMSET
 20A4:0104 idle  _METHOD_BACK
 20A4:0102 idle  _METHOD_NEXT
 0000:056C idle  _MFCLOSE
 0000:04F8 idle  _MFOPEN
 0000:0584 idle  _MFPOS
 0000:05B5 idle  _MFREAD
 0000:0596 idle  _MFSEEK
 0000:061F idle  _MFWRITE
 0000:0BD1 idle  _MIDIAWAKE
 0000:0BCB idle  _MIDISLEEP
 0000:0B5B       _MIDISTOP
 0000:0B61 idle  _MIDPAKCLOCK
 0000:0B67 idle  _MIDPAKCLOCKADDRESS
 1940:3FF1 idle  _MODE
 1940:3FF3 idle  _MODE_PAUSE
 1940:38C1 idle  _MODE_PLAY
 1940:3FF5 idle  _MODE_READY_PAUSE
 1940:38C3 idle  _MODE_REC
 21A0:043A idle  _MOUSE
 21A0:05D6 idle  _MOVEFIG
 0000:3C68       _MOVETEXT
 20A4:014A idle  _NEED_FIND
 2174:000A idle  _NEXTFIGURELIST
 0000:03E0 idle  _NULLSOUND
 1940:3DE4 idle  _OLD_KEYS
 0000:4E8F       _OPEN
 0000:038F       _PENDINGADDRESS
 0000:0B1E       _PLAYSEQUENCE
 1940:38C5 idle  _PLAY_COUNTER
 0000:0C0D idle  _POLLMIDPAK
 0000:0358       _POSTAUDIOPENDING
 0000:19CD       _POW
 0000:18C3       _POW10
 0000:3D0C       _PUTCH
 0000:3BC2       _PUTTEXT
 1940:0008 idle  _R
 0000:23D8       _RAND
 0000:5564       _READ
 0000:3884 idle  _REALLOC
 1940:08BE idle  _REAL_REC
 1940:08C0 idle  _RECORD
 21A0:0043       _RECTABLE
 0000:0B3F       _REGISTERXMIDI
 0000:0BFB idle  _REGISTERXMIDIFILE
 0000:0BE3 idle  _RELATIVEVOLUME
 0000:0B71 idle  _REMAPCHANNEL
 0000:0348 idle  _REPORTCALLBACKADDRESS
 0000:0BBF idle  _REPORTCALLBACKTRIGGER
 0000:03DA       _REPORTDMAC
 0000:0315 idle  _REPORTSAMPLE
 0000:0395 idle  _REPORTSEMAPHOREADDRESS
 0000:0C1F idle  _REPORTSEQUENCENUMBER
 0000:039D idle  _REPORTVERSIONNUMBER
 0000:0BC5 idle  _RESETCALLBACKCOUNTER
 0000:0BD7 idle  _RESUMEPLAYING
 20A4:0311 idle  _RUNLINE3
 20A4:0000       _RUNLX
 20A4:0106 idle  _RUS1
 20A4:0127 idle  _RUS2
 20A4:0148 idle  _RUS_SIZE
 1DAD:0073 idle  _SCALEX_TEXT
 1DAD:0075 idle  _SCALEY_TEXT
 21A0:0432       _SCR
 0000:0B2D idle  _SEGUESEQUENCE
 0000:0BDD       _SEQUENCESTATUS
 0000:0333 idle  _SETAUDIOHARDWARE
 0000:03CB       _SETBACKFILLMODE
 0000:4106       _SETBLOCK
 0000:031B idle  _SETCALLBACKADDRESS
 0000:2441       _SETDATE
 0000:4E03       _SETMEM
 0000:0380 idle  _SETPLAYMODE
 0000:03BC idle  _SETRECORDMODE
 0000:0BE9       _SETRELATIVEVOLUME
 0000:0371 idle  _SETSTEREOPAN
 0000:245D       _SETTIME
 0000:03AD idle  _SETTIMERDIVISORRATE
 0000:08BD idle  _SETTIMERINTERRUPTVECTOR
 21A0:0006       _SETTINGS
 0000:5567       _SETVBUF
 0000:1F41       _SETVECT
 20A4:0004       _SHOW_TASK_LIST
 0000:1B67       _SIN
 1940:0896 idle  _SND1
 1940:08A2 idle  _SND2
 21A0:0962 idle  _SONG
 21A0:098A idle  _SONG_LEN
 21A0:044B       _SOUND
 0000:02A8 idle  _SOUNDSTATUS
 21A0:0250 idle  _SOUNDVOLUME
 0000:56D9       _SPRINTF
 21A0:05B6       _SPRITE
 1DAB:001C       _SPRITEBOX
 1DAB:000C       _SPRITEFIGURE
 0000:1906       _SQRT
 0000:23C0       _SRAND
 20A4:0006       _STEPRUNLX
 0000:2578 idle  _STIME
 0000:03A7 idle  _STOPNEXTLOOP
 0000:032D idle  _STOPSOUND
 0000:572A       _STRCAT
 0000:576E       _STRCPY
 0000:579C       _STRLEN
 0000:57C2       _STRNCPY
 20A4:000A idle  _STR_FIND
 1DAD:0034 idle  _SYMBOL_DVOE
 1DAD:005E idle  _SYMBOL_MINUS
 1DAD:0049 idle  _SYMBOL_POINT
 1940:38C7 idle  _TABLE0
 1940:3A7A idle  _TABLE1
 1940:3C2D idle  _TABLE2
 0000:0A6C idle  _TCOLOR
 21A0:0254       _TETRIS
 0000:0A9B idle  _TEXTCURSOR
 20A4:0008       _TEXT_LOOP
 0000:25BF       _TIME
 1EC6:0000       _TIMER
 227F:0578       _TIMEZONE
 0000:09AB idle  _TPRINT
 0000:0C13 idle  _TRIGGERCOUNTADDRESS
 227F:0570 idle  _TZNAME
 0000:5B51       _TZSET
 0000:0921 idle  _UCASE
 0000:3B27 idle  _UNGETCH
 0000:5939       _UNIXTODOS
 0000:261E       _UNLINK
 13A5:00D4       _UNLOADDIGPAK
 13A5:02A3       _UNLOADMIDPAK
 0000:03FB idle  _VERIFYDMA
 1940:0000 idle  _VOLUME
 0000:5702 idle  _VSPRINTF
 0000:034E idle  _WAITSOUND
 1E24:081B       _WAIT_FLAG1
 1E24:081F       _WAIT_FLAG2
 0000:41B6 idle  _WHEREX
 0000:41D2 idle  _WHEREY
 2199:002B idle  _WORD
 2199:006B idle  _WORD_LEN
 0000:6016       _WRITE
 0000:0886 idle  _WRITELN
 227F:00A0       __8087
 0000:1000 idle  __AHINCR
 0000:000C  Abs  __AHSHIFT
 227F:00B6       __ATEXITCNT
 227F:00B8       __ATEXITTBL
 0000:39B4       __BRK
 227F:0089       __BRKLVL
 227F:006B idle  __C0ARGC
 227F:006D idle  __C0ARGV
 0000:33C2 idle  __C0CRTINIT
 227F:0071       __C0ENVIRON
 227F:053D       __CCHAR
 0000:1E7F idle  __CEXIT
 227F:053C       __CFLAG
 0000:0158       __CHECKNULL
 0000:428B       __CHMOD
 0000:0145       __CLEANUP
 0000:42EA       __CLOSE
 0000:3130       __CPUTN
 0000:33E6 idle  __CRTINIT
 227F:0138       __CTYPE
 0000:0000  Abs  __CVTFAK
 0000:1E94 idle  __C_EXIT
 227F:00B4       __DEFAULT87
 227F:0406       __DOSERRNO
 0000:20CE       __DOSERROR
 227F:0408 idle  __DOSERRORTOSV
 0000:1D5E       __DOS_GETFILEATTR
 0000:1DA9       __DOS_GETVECT
 0000:1D85 idle  __DOS_SETFILEATTR
 0000:1DBF idle  __DOS_SETVECT
 22E1:0000       __EMU
 227F:0075       __ENVLNG
 227F:0077       __ENVSEG
 227F:0079       __ENVSIZE
 0000:1E66       __EXIT
 227F:023A       __EXITBUF
 227F:023E       __EXITFOPEN
 227F:0242 idle  __EXITOPEN
 0000:1951 idle  __EXPL
 0000:4C36       __FGETC
 0000:8087 idle  __FLOATCONVERT
 0000:60A2       __FMEMCPY
 227F:0400       __FMODE
 0000:171A       __FPERROR
 227F:0404       __FPSTKLEN
 0000:0ECD idle  __FPUINT
 0000:507C idle  __FPUTC
 0000:525F       __FPUTN
 0000:60C9       __FSTRCMP
 0000:472B idle  __GETFP
 227F:0085       __HEAPBASE
 227F:008D       __HEAPTOP
 225D:0010       __HUGE_DBLE
 225D:000C idle  __HUGE_FLT
 225D:0018 idle  __HUGE_LDBLE
 225D:0022 idle  __INDEFINITE
 227F:005B idle  __INT0VECTOR
 227F:005F idle  __INT4VECTOR
 227F:0063 idle  __INT5VECTOR
 227F:0067 idle  __INT6VECTOR
 0000:2088       __IOERROR
 0000:5D71       __ISDST
 227F:00B1       __LDT
 0000:0ED1       __LDTRUNC
 0000:20FF       __LONGTOA
 0000:1BC6       __MATHERR
 2260:0000       __MATHWHY
 0000:21E5       __MKNAME
 0000:0286 idle  __MMODEL
 227F:0556 idle  __MONTHDAY
 227F:0478       __NEW_HANDLER
 0000:4C52 idle  __NFGETC
 227F:03D6       __NFILE
 0000:3AF3 idle  __NGETCHE
 227F:0402       __NOTUMASK
 0000:3B24 idle  __NUNGETCH
 0000:5020       __OPEN
 227F:03D8       __OPENFD
 0000:4653 idle  __OPENFP
 227F:007D idle  __OSMAJOR
 227F:007E idle  __OSMINOR
 227F:007D idle  __OSVERSION
 0000:17EE       __POW10
 227F:00B0       __PROTECTED
 227F:007B       __PSP
 0000:2405       __READ
 0000:3D2A       __REALCVT
 227F:0592       __REALCVTVECTOR
 0000:01AE       __RESTOREZERO
 0000:3A06       __SBRK
 227F:0596 idle  __SCANTODVECTOR
 0000:3E9B       __SCREENIO
 0000:3F81       __SCROLL
 0000:0000 idle  __SETENVP__
 0000:2479       __SETUPIO
 227F:0081 idle  __STARTTIME
 227F:0484       __STKLEN
 0000:30F5       __STPCPY
 227F:0246       __STREAMS
 0000:0159       __TERMINATE
 225D:0026 idle  __TINY_LDBLE
 0000:2249 idle  __TMPNAM
 0000:0000 idle  __TURBOCRT
 0000:0000  Abs  __TURBOCVT
 0000:8087  Abs  __TURBOFLOAT
 0000:2188       __UTOA
 0000:3EEA       __VALIDATEXY
 227F:007D       __VERSION
 227F:04F0       __VIDEO
 0000:332E       __VIDEOINT
 0000:2B78       __VPRINTER
 0000:3030       __VPTR
 0000:306E       __VRAM
 0000:41A5       __WHEREXY
 0000:5FC7       __WRITE
 227F:04EE       __WSCROLL
 0000:1507       __XCVT
 0000:6019       __XFCLOSE
 0000:6061       __XFFLUSH
 0000:34D3 idle  ___FIRST
 0000:0DFC idle  ___FPRESET
 0000:34D5 idle  ___LAST
 0000:5475       ___READ
 0000:34D7 idle  ___ROVER
 227F:0480       ___SIGNALPTR
 0000:5E57       ___WRITE

  Address         Publics by Value

 0000:0000  Abs  FIWRQQ
 0000:0000  Abs  FIERQQ
 0000:0000  Abs  FIDRQQ
 0000:0000  Abs  __TURBOCVT
 0000:0000 idle  FIARQQ
 0000:0000 idle  FICRQQ
 0000:0000  Abs  FISRQQ
 0000:0000 idle  FJARQQ
 0000:0000 idle  FJCRQQ
 0000:0000  Abs  FJSRQQ
 0000:0000 idle  __TURBOCRT
 0000:0000  Abs  __CVTFAK
 0000:0000 idle  __SETENVP__
 0000:000C  Abs  __AHSHIFT
 0000:0145       __CLEANUP
 0000:0158       __CHECKNULL
 0000:0159       __TERMINATE
 0000:01AE       __RESTOREZERO
 0000:026D       _ABORT
 0000:0284       DGROUP@
 0000:0286 idle  __MMODEL
 0000:0288 idle  _DIGPLAY
 0000:02A8 idle  _SOUNDSTATUS
 0000:02AE idle  _MASSAGEAUDIO
 0000:02C1 idle  _DIGPLAY2
 0000:02D4 idle  _DIGPLAYLOOP
 0000:02E7 idle  _AUDIOCAPABILITIES
 0000:02ED idle  _DIGPAKIDENTITYSTRING
 0000:0315 idle  _REPORTSAMPLE
 0000:031B idle  _SETCALLBACKADDRESS
 0000:032D idle  _STOPSOUND
 0000:0333 idle  _SETAUDIOHARDWARE
 0000:0348 idle  _REPORTCALLBACKADDRESS
 0000:034E idle  _WAITSOUND
 0000:0358       _POSTAUDIOPENDING
 0000:036B       _AUDIOPENDINGSTATUS
 0000:0371 idle  _SETSTEREOPAN
 0000:0380 idle  _SETPLAYMODE
 0000:038F       _PENDINGADDRESS
 0000:0395 idle  _REPORTSEMAPHOREADDRESS
 0000:039D idle  _REPORTVERSIONNUMBER
 0000:03A7 idle  _STOPNEXTLOOP
 0000:03AD idle  _SETTIMERDIVISORRATE
 0000:03BC idle  _SETRECORDMODE
 0000:03CB       _SETBACKFILLMODE
 0000:03DA       _REPORTDMAC
 0000:03E0 idle  _NULLSOUND
 0000:03FB idle  _VERIFYDMA
 0000:040F idle  _CHECKIN
 0000:0471       _INITDP
 0000:04E2       _DEINITDP
 0000:04F8 idle  _MFOPEN
 0000:056C idle  _MFCLOSE
 0000:0584 idle  _MFPOS
 0000:0596 idle  _MFSEEK
 0000:05B5 idle  _MFREAD
 0000:061F idle  _MFWRITE
 0000:0689       _FLOAD
 0000:0720       _FLOADPARA
 0000:07D9 idle  _KEYSTAT
 0000:07E9 idle  _GETKEY
 0000:0800 idle  _FARCOP
 0000:0819 idle  _FARCAT
 0000:083A idle  _FMALLOC
 0000:086E idle  _FFREE
 0000:0886 idle  _WRITELN
 0000:08AF idle  _GETTIMERINTERRUPTVECTOR
 0000:08BD idle  _SETTIMERINTERRUPTVECTOR
 0000:08EB idle  _MDELETE
 0000:0907 idle  _FARLEN
 0000:0921 idle  _UCASE
 0000:0959 idle  _FARCOMPARE
 0000:0987 idle  _IFEXISTS
 0000:09AB idle  _TPRINT
 0000:0A6C idle  _TCOLOR
 0000:0A9B idle  _TEXTCURSOR
 0000:0AB0 idle  _FARMOV
 0000:0AC8 idle  _ADDFAR
 0000:0B07 idle  _MAKEFP
 0000:0B14 idle  _MAKESEG
 0000:0B1E       _PLAYSEQUENCE
 0000:0B2D idle  _SEGUESEQUENCE
 0000:0B3F       _REGISTERXMIDI
 0000:0B5B       _MIDISTOP
 0000:0B61 idle  _MIDPAKCLOCK
 0000:0B67 idle  _MIDPAKCLOCKADDRESS
 0000:0B71 idle  _REMAPCHANNEL
 0000:0B83 idle  _CHECKMIDIIN
 0000:0BB9       _DIGPAKAVAILABLE
 0000:0BBF idle  _REPORTCALLBACKTRIGGER
 0000:0BC5 idle  _RESETCALLBACKCOUNTER
 0000:0BCB idle  _MIDISLEEP
 0000:0BD1 idle  _MIDIAWAKE
 0000:0BD7 idle  _RESUMEPLAYING
 0000:0BDD       _SEQUENCESTATUS
 0000:0BE3 idle  _RELATIVEVOLUME
 0000:0BE9       _SETRELATIVEVOLUME
 0000:0BFB idle  _REGISTERXMIDIFILE
 0000:0C0D idle  _POLLMIDPAK
 0000:0C13 idle  _TRIGGERCOUNTADDRESS
 0000:0C19 idle  _EVENTIDADDRESS
 0000:0C1F idle  _REPORTSEQUENCENUMBER
 0000:0C2D       _DEINITMP
 0000:0C43       _INITMP
 0000:0DFC idle  ___FPRESET
 0000:0ECD idle  __FPUINT
 0000:0ED1       __LDTRUNC
 0000:1000 idle  __AHINCR
 0000:1507       __XCVT
 0000:171A       __FPERROR
 0000:17EE       __POW10
 0000:18C3       _POW10
 0000:18D5       _MATHERR
 0000:1906       _SQRT
 0000:1951 idle  __EXPL
 0000:19CD       _POW
 0000:1B67       _SIN
 0000:1BC6       __MATHERR
 0000:1C86       _COS
 0000:1CE5       F_FTOL@
 0000:1CE5 idle  FTOL@
 0000:1D11 idle  _ATEXIT
 0000:1D45       operator delete(void far*)
 0000:1D5E       __DOS_GETFILEATTR
 0000:1D85 idle  __DOS_SETFILEATTR
 0000:1DA9       __DOS_GETVECT
 0000:1DBF idle  __DOS_SETVECT
 0000:1E50       _EXIT
 0000:1E66       __EXIT
 0000:1E7F idle  __CEXIT
 0000:1E94 idle  __C_EXIT
 0000:1EA7       _FGETPOS
 0000:1EDB       F_SCOPY@
 0000:1EDB idle  SCOPY@
 0000:1EF7       _GETDATE
 0000:1F11       _GETTIME
 0000:1F2B       _GETVECT
 0000:1F41       _SETVECT
 0000:1F59       N_LDIV@
 0000:1F5C idle  LDIV@
 0000:1F5C idle  F_LDIV@
 0000:1F60 idle  N_LUDIV@
 0000:1F63 idle  F_LUDIV@
 0000:1F63 idle  LUDIV@
 0000:1F68       N_LMOD@
 0000:1F6B idle  F_LMOD@
 0000:1F6B idle  LMOD@
 0000:1F70 idle  N_LUMOD@
 0000:1F73 idle  LUMOD@
 0000:1F73 idle  F_LUMOD@
 0000:2007       N_LXLSH@
 0000:200A idle  LXLSH@
 0000:200A idle  F_LXLSH@
 0000:2028       N_PADD@
 0000:202B idle  F_PADD@
 0000:202B idle  PADD@
 0000:2057 idle  N_PSUB@
 0000:205A idle  F_PSUB@
 0000:205A idle  PSUB@
 0000:2088       __IOERROR
 0000:20CE       __DOSERROR
 0000:20E7       _ISATTY
 0000:20FF       __LONGTOA
 0000:2188       __UTOA
 0000:21AF       _LSEEK
 0000:21E5       __MKNAME
 0000:2249 idle  __TMPNAM
 0000:22A9 idle  set_new_handler(void(far*)())
 0000:22DA       operator new(unsigned int)
 0000:2323       operator new(unsigned long)
 0000:2388       N_LXMUL@
 0000:239F       N_PCMP@
 0000:23C0       _SRAND
 0000:23D8       _RAND
 0000:2405       __READ
 0000:2441       _SETDATE
 0000:245D       _SETTIME
 0000:2479       __SETUPIO
 0000:2578 idle  _STIME
 0000:25BF       _TIME
 0000:261E       _UNLINK
 0000:263D       _vector_delete_(void far*,unsigned int,unsigned long,unsigned int,...)
 0000:28C1       _vector_new_(void far*,unsigned int,unsigned long,unsigned int,...)
 0000:2B78       __VPRINTER
 0000:3030       __VPTR
 0000:306E       __VRAM
 0000:30F5       __STPCPY
 0000:3130       __CPUTN
 0000:32C2 idle  _CPRINTF
 0000:332E       __VIDEOINT
 0000:33C2 idle  __C0CRTINIT
 0000:33E6 idle  __CRTINIT
 0000:34D3 idle  ___FIRST
 0000:34D5 idle  ___LAST
 0000:34D7 idle  ___ROVER
 0000:3613       _FARFREE
 0000:3613       _FREE
 0000:371D       _MALLOC
 0000:3727       _FARMALLOC
 0000:3884 idle  _REALLOC
 0000:388B idle  _FARREALLOC
 0000:39B4       __BRK
 0000:3A06       __SBRK
 0000:3AC4       _GETCH
 0000:3AF3 idle  __NGETCHE
 0000:3AF6 idle  _GETCHE
 0000:3B24 idle  __NUNGETCH
 0000:3B27 idle  _UNGETCH
 0000:3B65       _GETTEXT
 0000:3BC2       _PUTTEXT
 0000:3C1F       _IOCTL
 0000:3C4F       _KBHIT
 0000:3C68       _MOVETEXT
 0000:3D0C       _PUTCH
 0000:3D2A       __REALCVT
 0000:3E9B       __SCREENIO
 0000:3EEA       __VALIDATEXY
 0000:3F81       __SCROLL
 0000:4106       _SETBLOCK
 0000:4193       F_OVERFLOW@
 0000:4193 idle  N_OVERFLOW@
 0000:4193 idle  OVERFLOW@
 0000:41A5       __WHEREXY
 0000:41B6 idle  _WHEREX
 0000:41D2 idle  _WHEREY
 0000:41F2       _ATOL
 0000:4273 idle  _ATOI
 0000:428B       __CHMOD
 0000:42AF       _CLOSE
 0000:42EA       __CLOSE
 0000:4315       _EOF
 0000:439E       _FCLOSE
 0000:445D       _FFLUSH
 0000:4531       _FLUSHALL
 0000:4653 idle  __OPENFP
 0000:472B idle  __GETFP
 0000:4784       _FOPEN
 0000:47C0       _FPRINTF
 0000:48DE       _FREAD
 0000:49FC       _FSEEK
 0000:4A83       _FTELL
 0000:4C36       __FGETC
 0000:4C52 idle  __NFGETC
 0000:4C55 idle  _FGETC
 0000:4D4A idle  _FGETCHAR
 0000:4D60       _GETENV
 0000:4DDC       _MEMCPY
 0000:4E03       _SETMEM
 0000:4E2E       _MEMSET
 0000:4E8F       _OPEN
 0000:5020       __OPEN
 0000:507C idle  __FPUTC
 0000:509F idle  _FPUTC
 0000:5241 idle  _FPUTCHAR
 0000:525F       __FPUTN
 0000:5475       ___READ
 0000:5564       _READ
 0000:5567       _SETVBUF
 0000:56D9       _SPRINTF
 0000:5702 idle  _VSPRINTF
 0000:572A       _STRCAT
 0000:576E       _STRCPY
 0000:579C       _STRLEN
 0000:57C2       _STRNCPY
 0000:57F8       _DOSTOUNIX
 0000:5939       _UNIXTODOS
 0000:5B51       _TZSET
 0000:5D71       __ISDST
 0000:5E57       ___WRITE
 0000:5FC7       __WRITE
 0000:6016       _WRITE
 0000:6019       __XFCLOSE
 0000:6061       __XFFLUSH
 0000:60A2       __FMEMCPY
 0000:60C9       __FSTRCMP
 0000:60FC       filebuf::close()
 0000:61AA       filebuf::filebuf()
 0000:62C2       filebuf::~filebuf()
 0000:6364       filebuf::overflow(int)
 0000:64BE       filebuf::open(const char far*,int,int)
 0000:6626       filebuf::setbuf(char far*,int)
 0000:66E9       filebuf::seekoff(long,seek_dir,int)
 0000:68A5       filebuf::sync()
 0000:6A46       filebuf::underflow()
 0000:6C04       fstreambase::close()
 0000:6C49       fstreambase::fstreambase()
 0000:6CF8       fstreambase::fstreambase(const char far*,int,int)
 0000:6DC4       fstreambase::~fstreambase()
 0000:6E52       fstreambase::open(const char far*,int,int)
 0000:6EBF       ifstream::ifstream()
 0000:6F92       ifstream::ifstream(const char far*,int,int)
 0000:7054 idle  ifstream::ifstream(const unsigned char far*,int,int)
 0000:713A       ifstream::~ifstream()
 0000:71F4       istream::istream()
 0000:7282       istream::ipfx(int)
 0000:7344       istream::~istream()
 0000:73BC       istream::eatwhite()
 0000:7499       istream::getline(char far*,int,char)
 0000:75D9       istream::read(char far*,int)
 0000:76EC       istream::seekg(long,seek_dir)
 0000:774C       istream::seekg(long)
 0000:77A9       istream::tellg()
 0000:781C       ofstream::ofstream()
 0000:78EF       ofstream::~ofstream()
 0000:79A9       ostream::ostream()
 0000:7A2E       ostream::~ostream()
 0000:7AB3       ostream::flush()
 0000:7AF8       ostream::write(const char far*,int)
 0000:7B4B       streambuf::doallocate()
 0000:7B9C       streambuf::streambuf()
 0000:7C70       streambuf::do_sgetn(char far*,int)
 0000:7D27       streambuf::do_sputn(const char far*,int)
 0000:7DD0       streambuf::~streambuf()
 0000:7E4C       streambuf::overflow(int)
 0000:7E5B       streambuf::pbackfail(int)
 0000:7E6A       streambuf::setbuf(char far*,int)
 0000:7E9D       streambuf::setb(char far*,char far*,int)
 0000:7F53       streambuf::setg(char far*,char far*,char far*)
 0000:7FC4       streambuf::setp(char far*,char far*)
 0000:8017       streambuf::seekoff(long,seek_dir,int)
 0000:8029       streambuf::seekpos(long,int)
 0000:8054       streambuf::sputn(const char far*,int)
 0000:8087  Abs  __TURBOFLOAT
 0000:8087 idle  __FLOATCONVERT
 0000:80D1       streambuf::sync()
 0000:8124       streambuf::underflow()
 0000:815E       ios::clear(int)
 0000:819F       ios::ios()
 0000:81EB       ios::~ios()
 0000:8242       ios::init(streambuf far*)
 0000:829D       ios::setstate(int)
 082C:000A idle  getfunctionalkeyscan(int)
 082C:005E idle  getfunctionalkeyscan2(int)
 082C:00B2 idle  keybfunctional(int)
 082C:0140 idle  keybfunctionalclear(int)
 082C:0185 idle  showhelppage()
 082C:02A5       playfreq(int,int,int)
 082C:0320 idle  draw_clock()
 082C:0B9D idle  generatesound()
 082C:0E1F       putrec(int,unsigned long,int)
 082C:0E80       startrecord()
 082C:0EAF idle  putrecord(int,unsigned long)
 082C:0EF2       soundmodule(int)
 082C:1C26       tetrisstart()
 082C:2403 idle  show_help()
 082C:2508       keyboard::operator [](char)
 0A7F:0004 idle  setcolorregister(char,char,char,char)
 0A7F:003F idle  page(int,char)
 0A7F:005E idle  putpixel(int,int,char,char,char)
 0A7F:007B idle  putpixel(int,int,char)
 0A7F:00CD idle  fatal_(char far*)
 0A7F:00EA idle  drawbmp(int,int)
 0A8F:0009       fonteditor(char far*)
 0ACD:0004       tetris::settings1()
 0ACD:01C0       tetris::settings2()
 0ACD:041C       tetris::load(char far*)
 0ACD:05B4       tetris::save(char far*)
 0ACD:065B       ifstream::open(const char far*,int,int)
 0ACD:0696       ios::operator !()
 0ACD:06C3       ofstream::open(const char far*,int,int)
 0ACD:06FE       ios::fail()
 0B3F:0007       figure::figure()
 0B3F:0078       figure::show()
 0B3F:00AA       figure::show(int,int)
 0B3F:01BE       figure::show(int)
 0B3F:0295       figure::check()
 0B7E:0004 idle  pixel(int,int,int)
 0B7E:0038 idle  setpixel(int,int,unsigned char)
 0B7E:00A0 idle  graph_draw_digit(int,int,int)
 0B7E:0138 idle  graph_draw_symbol(int,int,char,int)
 0B7E:0155 idle  graph_draw_text(int,int,char far*,int)
 0B7E:01B7 idle  graph_draw_image(int,int,int,int,char far*)
 0B7E:023F       graph_draw_symbol(int,int,char)
 0B7E:02D4       graph_draw_num(int,int,unsigned long)
 0B7E:034A idle  graph_horz_line(int,int,int)
 0B7E:0394 idle  graph_vert_line(int,int,int)
 0BBB:000E       glass::glass()
 0BBB:008D idle  glass::showbackground(int)
 0BBB:00DE       glass::~glass()
 0BBB:0135       glass::clear()
 0BBB:0194       glass::make(unsigned int,unsigned int)
 0BBB:0223       glass::read(int,int)
 0BBB:028A       drawglassbox(int,int,int,int,char)
 0BBB:04C8       glass::show()
 0BBB:0591 idle  glass::showborder()
 0BBB:0653       glass::write(int,int,unsigned int)
 0BBB:06B4       glass::load(char far*)
 0BBB:07BF       glass::save(char far*)
 0C43:000D       settings::settings()
 0C43:004B       settings::~settings()
 0C43:0084       settings::save()
 0C43:0108       settings::load()
 0C69:000A       rectable::show(int)
 0C69:02A6       rectable::load()
 0C69:048B       rectable::save()
 0C69:0528       rectable::rectable()
 0C69:0567       rectable::~rectable()
 0C69:05A0       rectable::getmaxscore()
 0C69:05CC       rectable::putnewrecordnamecolor(char far*,unsigned long,char)
 0C69:06D7       rectable::putnewrecord(char far*,unsigned long,unsigned long,unsigned int)
 0C69:08DC       random(int)
 0C69:0918       screen::setbkcolor(char)
 0CFC:000E idle  keyboard::check(unsigned char)
 0CFC:003C idle  keyboard::anykey()
 0CFC:0087       keyboard::readscan(unsigned long)
 0CFC:012C       keyboard::clear()
 0CFC:0166 idle  keyboard::keyboard()
 0CFC:0234 idle  keyboard::~keyboard()
 0CFC:0281 idle  keyboard::int09h_new()
 0CFC:049B       keyboard::set(char,char)
 0CFC:04CB       keyboard::setinputmode(int)
 0CFC:0502       keyboard::superinput()
 0CFC:052E       keyboard::standartinput()
 0D56:000C       screen::scrollup(int)
 0D56:00AF idle  screen::decrementpalette()
 0D56:0138       screen::fontsave()
 0D56:01B3       screen::screen()
 0D56:0329       screen::~screen()
 0D56:03C2 idle  screen::bitblt_part(int,int,int,int,int,int,int,int,char far*,char)
 0D56:05B1       screen::bitblt(int,int,int,int,char far*,char)
 0D56:094F idle  screen::bitblt(int,int,int,int,char far*)
 0D56:09E5       screen::bitblttp(int,int,int,int,char far*)
 0D56:0A7C idle  screen::fill_circle(int,int,int,int)
 0D56:0B56 idle  screen::fill_ellipse(int,int,int,int,int)
 0D56:0C7D idle  screen::draw_circle(int,int,int,int)
 0D56:0E31 idle  screen::draw_ellipse(int,int,int,int,int)
 0D56:1050       screen::border(int,int,int,int,int)
 0D56:10F3 idle  screen::center(int,char far*)
 0D56:114E       screen::clear(int)
 0D56:118F       screen::getcolorregister(unsigned char,char far*,char far*,char far*)
 0D56:11DE       screen::graphmode()
 0D56:1292       screen::inputnumber(unsigned int)
 0D56:1335       screen::inputstring(int,char far*,int)
 0D56:1594       screen::locate(int,int)
 0D56:15CB       screen::locatexy(int,int)
 0D56:15FC       screen::line(int,int,int,int,char)
 0D56:17D4       screen::line_down(int,int,int,char)
 0D56:1821       screen::line_right(int,int,int,char)
 0D56:186E       screen::operator <<(char far*)
 0D56:18A7       screen::operator <<(unsigned long)
 0D56:18DE       screen::operator <<(double)
 0D56:1935       screen::operator <<(unsigned int)
 0D56:196F       screen::operator <<(int)
 0D56:19BC       screen::operator <<(char)
 0D56:19F3 idle  screen::pause(int)
 0D56:1A29       screen::putbigsym(unsigned char,char,char)
 0D56:1B58 idle  screen::putbigtext(char far*,char)
 0D56:1BA9 idle  screen::putbigtext(char far*,char,char)
 0D56:1BFC idle  screen::putbigtext(char far*,char,char,char)
 0D56:1C5D       screen::putpixel(int,int,int)
 0D56:1CBA idle  screen::putsymbol(int,int,unsigned char)
 0D56:1D84       screen::putsymbol(unsigned char)
 0D56:1DCE       screen::puttext(char far*)
 0D56:1E38       screen::putnumb(unsigned long)
 0D56:1EB8       screen::putnumb(unsigned long,char)
 0D56:1F51 idle  screen::putbignumb(long)
 0D56:1FE2 idle  screen::putbignumb(long,char)
 0D56:2083 idle  screen::rectangle(rect far&,int)
 0D56:20DD       screen::rectangle(int,int,int,int,int)
 0D56:2226 idle  screen::set320x240mode()
 0D56:22B5       screen::setcolorregister(unsigned char,char,char,char)
 0D56:22E8       screen::textmode()
 0D56:230A idle  screen::update(rect)
 0D56:23BE       screen::update()
 0D56:2424       screen::wait()
 0D56:245B idle  _setlocate(screen far&,int)
 0D56:24A0 idle  _setcolor(screen far&,int)
 0D56:24CF idle  setcolor(int)
 0D56:2505       cur(int,int)
 0D56:2541 idle  font::font(int)
 0D56:26AA idle  font::~font()
 0D56:26F5 idle  font::show(int,int,int,char)
 0D56:27AA       screen::flip_double_buffer()
 0D56:2899       ostream::write(const unsigned char far*,int)
 0D56:28CF       istream::read(unsigned char far*,int)
 0D56:2905       timer::gettotalcounter()
 0D56:2930       abs(int)
 0D56:2957       screen::setcolor(char)
 0D56:297E       rect::rect(int,int,int,int)
 0D56:29E3       rect::rect()
 0D56:2A21       manipmy::manipmy(screen far&(far*)(screen far&,int),int)
 0FFD:0004       msgtextminmaxvalue(char far*,int,int,int,int)
 0FFD:02C3       msgtext(char far*,char far*,char far*,int,int)
 0FFD:0576       msg(char far*,int)
 0FFD:06B9       fatal(char far*)
 0FFD:0723       debug(char far*)
 1073:000D idle  mouse::draw()
 1073:0072       mouse::mouse(screen far*)
 1073:00E9       mouse::~mouse()
 1073:0122 idle  mouse::read()
 1073:016D idle  mouse::set_horz_movement(int,int)
 1073:01A2 idle  mouse::set_vert_movement(int,int)
 1073:01D7 idle  mouse::set()
 1094:0004 idle  int08h_new1()
 1094:0047 idle  timer::timer(float)
 1094:00CC       timer::restart(float)
 1094:016E       getrealtimeclock(unsigned char far&,unsigned char far&,unsigned char far&)
 1094:0207 idle  timer::~timer()
 10D2:0004 idle  moveobj::moveobj()
 10D2:0098       moveobj::moveobj(sprite far*)
 10D2:0139       moveobj::~moveobj()
 10D2:01C4 idle  moveobj::show()
 10D2:0250 idle  moveobj::showall()
 10D2:02AE idle  moveobj::animate()
 10D2:0458 idle  movetxt::animate()
 10D2:05CB idle  moveobj::delall()
 10D2:0652       moveobj::del(moveobj far*)
 10D2:07A2       moveobj::new(moveobj far*,int)
 10D2:0898 idle  moveobj::renewrect()
 10D2:0932       moveobj::renewxy()
 10D2:09CF idle  moveobj::set(float,float,float,float,float,float)
 10D2:0A4C idle  moveobj::operator [](int)
 10D2:0B04 idle  moveobj::operator +=(moveobj far&)
 10D2:0B4E       anim::anim()
 10D2:0BDA       anim::renewframe()
 10D2:0CFA       anim::animate()
 10D2:0E26 idle  mindobj::operator +=(mindobj far&)
 10D2:0E4F idle  mindobj::add(mindobj far&,int,mindobj::going far*,mindobj::framing far*,...
 10D2:1027 idle  mindobj::mindobj()
 10D2:108B idle  mindobj::~mindobj()
 10D2:1164 idle  mindobj::renewframe()
 10D2:1216 idle  mindobj::renewxy()
 10D2:13F7 idle  mindobj::del(moveobj far*)
 10D2:144D idle  mindobj::show()
 10D2:152E idle  movetxt::show()
 10D2:15D8       anim::show()
 10D2:16FA       moveobj::del(int)
 10D2:173C       anim::operator [](int)
 10D2:176C       mindobj::operator [](int)
 10D2:179C       mindobj::
 10D2:17B4       moveobj::destroy(int)
 10D2:17D1       anim::renewtimelive()
 10D2:1818       anim::
 10D2:1830       moveobj::
 10D2:1848       moveobj::renewframe()
 10D2:1865       moveobj::renewtimelive()
 125A:0007 idle  swap(int far&,int far&)
 125A:0043 idle  determinesystem(int,int,int,int,int far&,int far&)
 125A:0124 idle  determinesystem(int,int,int,int)
 125A:01EF       determinesystem(rect far&,rect far&,rect far&)
 125A:0287 idle  checkunionrects(rect far&,rect far&)
 129B:0004       playnote(int,int,int)
 129B:004E       sound::sound()
 129B:015C idle  sound::soundstatus()
 129B:01A2 idle  sound::sndplay(sndstruct far&)
 129B:0214       sound::play(int,int)
 129B:02D1 idle  sound::stop()
 129B:0311       sound::load(char far*,int)
 129B:051D idle  sound::unload(int)
 129B:057E       sound::~sound()
 12FB:0001 idle  sprite::create(sprite::image far&)
 12FB:00EE       sprite::sprite(screen far*,int)
 12FB:01C4       sprite::~sprite()
 12FB:027C idle  sprite::find(int)
 12FB:02D2 idle  sprite::find_free()
 12FB:0334       sprite::getimage(int)
 12FB:038C idle  sprite::load(char far*,unsigned long,sprite::image)
 12FB:04DA       sprite::loadspriteform(char far*,sprite::image far&)
 12FB:0636       sprite::modifycolor(int,char)
 12FB:06D4       sprite::scroll(int,int,int)
 12FB:0834 idle  sprite::showdirect(int,int,int,int)
 12FB:08E4       sprite::show(int,int,int,int)
 12FB:090F idle  sprite::delete(int)
 12FB:09D0 idle  sprite::image::write(int,int,unsigned char)
 12FB:0A3B       sprite::image::read(int,int)
 13A5:0007       _LOADDIGPAK
 13A5:0061       _INITDIGPAK
 13A5:0097       _DEINITDIGPAK
 13A5:00D4       _UNLOADDIGPAK
 13A5:012B       _LOADMIDPAK
 13A5:0208       _INITMIDPAK
 13A5:0261       _DEINITMIDPAK
 13A5:02A3       _UNLOADMIDPAK
 13D7:0002       _MEMALLOC
 13D7:003A       _MEMFREE
 13DD:0005       load_sprites()
 13DD:0537 idle  findzaglavie(long,int)
 13DD:061B idle  fun2(char far*,char far*,int,int far*,int far*,int far*,char,int far*)
 13DD:077E idle  tolowerregister(unsigned char far*)
 13DD:07CD       drawrunline(int)
 13DD:1558       tetris::menu()
 13DD:19A5       randomize()
 13DD:19D5       operator <<(screen far&,manipmy far&)
 157E:0000       tetris::newfiguregenerate()
 157E:017A       tetris::nextfigureshow()
 157E:0426       tetris::tetris()
 157E:05E8 idle  tetris::generatefigurecolor()
 157E:0637       generate_picture()
 15FC:0004       tetrishelp()
 1605:0000 idle  read_word()
 1605:0080 idle  get_sym()
 1605:00B8 idle  newline()
 1605:015F       texteditor()
 166B:000E idle  load_sounds()
 166B:0051 idle  redefine_keys()
 166B:03E9 idle  tetris::~tetris()
 166B:0446 idle  tetris::game()
 166B:1806       music(int,int)
 166B:1865 idle  load_music()
 166B:18D7 idle  programmeditor()
 166B:1A9E       _MAIN
 166B:24E8       movefigure::movefigure(sprite far*)
 166B:255A       moveobj::makesupervisor(sprite far*)
 166B:258C       anim::operator +=(anim far&)
 166B:25BF       ios::eof()
 166B:25E8       istream::getline(unsigned char far*,int,char)
 166B:2622       rect::set(int,int,int,int)
 166B:2666       anim::anim(sprite far*)
 166B:26C6       movefigure::
 166B:26E2       movefigure::show()
 166B:272D       movefigure::~movefigure()
 18E3:0306       E087_ENTRY
 18E3:03C6       E087_SHORTCUT
 18E3:0430       E087_TRAP
 1940:0000 idle  _VOLUME
 1940:0008 idle  _R
 1940:0108 idle  _G
 1940:0208 idle  _B
 1940:0308 idle  _FUNCTIONAL_KEYS
 1940:0892 idle  _ISPLAY1
 1940:0894 idle  _ISPLAY2
 1940:0896 idle  _SND1
 1940:08A2 idle  _SND2
 1940:08BE idle  _REAL_REC
 1940:08C0 idle  _RECORD
 1940:38C0 idle  _BASEFREQCHANGE
 1940:38C1 idle  _MODE_PLAY
 1940:38C3 idle  _MODE_REC
 1940:38C5 idle  _PLAY_COUNTER
 1940:38C7 idle  _TABLE0
 1940:3A7A idle  _TABLE1
 1940:3C2D idle  _TABLE2
 1940:3DE4 idle  _OLD_KEYS
 1940:3FF1 idle  _MODE
 1940:3FF3 idle  _MODE_PAUSE
 1940:3FF5 idle  _MODE_READY_PAUSE
 1DAB:000C       _SPRITEFIGURE
 1DAB:001C       _SPRITEBOX
 1DAD:000C idle  _DIGITS
 1DAD:0034 idle  _SYMBOL_DVOE
 1DAD:0049 idle  _SYMBOL_POINT
 1DAD:005E idle  _SYMBOL_MINUS
 1DAD:0073 idle  _SCALEX_TEXT
 1DAD:0075 idle  _SCALEY_TEXT
 1DD0:0006       _KEYB
 1E07:0000 idle  keyboard::countobject
 1E07:0002 idle  keyboard::this
 1E08:0000       keyboard::key
 1E24:0000 idle  _FONT
 1E24:0005       _FONT8X8
 1E24:0805       _BIGSYMSCALE
 1E24:0807 idle  _CRTCPARMS
 1E24:081B       _WAIT_FLAG1
 1E24:081F       _WAIT_FLAG2
 1E24:0823 idle  _MANIP
 1EBE:0000 idle  screen::countobjects
 1EBE:0002 idle  screen::doublebuffer
 1EBE:0006 idle  screen::constructor_run
 1EBE:0007 idle  screen::videomemory
 1EC6:0000       _TIMER
 1EC6:000A idle  _INT08H_OLD
 1ED0:0000 idle  timer::countobjects
 1ED0:0002 idle  timer::max_freq
 1ED0:0006 idle  timer::min_freq
 1F10:0000 idle  moveobj::supervisorcounter
 1F10:0002 idle  moveobj::windowx
 1F10:0004 idle  moveobj::windowy
 1F10:0006 idle  moveobj::speed_unit
 1F10:000A idle  moveobj::totalanimatedobject
 1F10:000C       moveobj::lim
 1F17:0010 idle  _BUF
 1F17:1398 idle  _ISPLAY
 206E:0000 idle  sound::countobject
 20A2:0000 idle  sprite::countobject
 20A4:0000       _RUNLX
 20A4:0004       _SHOW_TASK_LIST
 20A4:0006       _STEPRUNLX
 20A4:0008       _TEXT_LOOP
 20A4:000A idle  _STR_FIND
 20A4:001E idle  _END_OF_FILE
 20A4:0048 idle  _FILE_BUF
 20A4:008E       _IFL
 20A4:00FE idle  _FILESIZE
 20A4:0102 idle  _METHOD_NEXT
 20A4:0104 idle  _METHOD_BACK
 20A4:0106 idle  _RUS1
 20A4:0127 idle  _RUS2
 20A4:0148 idle  _RUS_SIZE
 20A4:014A idle  _NEED_FIND
 20A4:0311 idle  _RUNLINE3
 2174:000A idle  _NEXTFIGURELIST
 2199:0008 idle  _BIG
 2199:0029 idle  _BIG_LEN
 2199:002A idle  _CODE13
 2199:002B idle  _WORD
 2199:006B idle  _WORD_LEN
 2199:006C idle  _CURSOR_LEN
 2199:006E idle  _CURSOR_HEI
 21A0:0006       _SETTINGS
 21A0:0035 idle  _MAXSCORE
 21A0:0039 idle  _BASESPEED
 21A0:003D idle  _BASEACCELERAT
 21A0:0041       _CURRENT_MUSIC
 21A0:0043       _RECTABLE
 21A0:0250 idle  _SOUNDVOLUME
 21A0:0252 idle  _KEYDOWNPRESS
 21A0:0254       _TETRIS
 21A0:0432       _SCR
 21A0:043A idle  _MOUSE
 21A0:044B       _SOUND
 21A0:05B6       _SPRITE
 21A0:05C6       _BACKGROUND
 21A0:05D6 idle  _MOVEFIG
 21A0:0962 idle  _SONG
 21A0:098A idle  _SONG_LEN
 225D:000C idle  __HUGE_FLT
 225D:0010       __HUGE_DBLE
 225D:0018 idle  __HUGE_LDBLE
 225D:0022 idle  __INDEFINITE
 225D:0026 idle  __TINY_LDBLE
 2260:0000       __MATHWHY
 227C:0000       filebuf::openprot
 227D:0000 idle  ios::basefield
 227D:0004 idle  ios::adjustfield
 227D:0008 idle  ios::floatfield
 227D:000C idle  ios::nextbit
 227D:0010 idle  ios::usercount
 227D:0012 idle  ios::stdioflush
 227F:0000 idle  DATASEG@
 227F:005B idle  __INT0VECTOR
 227F:005F idle  __INT4VECTOR
 227F:0063 idle  __INT5VECTOR
 227F:0067 idle  __INT6VECTOR
 227F:006B idle  __C0ARGC
 227F:006D idle  __C0ARGV
 227F:0071       __C0ENVIRON
 227F:0075       __ENVLNG
 227F:0077       __ENVSEG
 227F:0079       __ENVSIZE
 227F:007B       __PSP
 227F:007D idle  __OSVERSION
 227F:007D idle  __OSMAJOR
 227F:007D       __VERSION
 227F:007E idle  __OSMINOR
 227F:007F       _ERRNO
 227F:0081 idle  __STARTTIME
 227F:0085       __HEAPBASE
 227F:0089       __BRKLVL
 227F:008D       __HEAPTOP
 227F:00A0       __8087
 227F:00B0       __PROTECTED
 227F:00B1       __LDT
 227F:00B4       __DEFAULT87
 227F:00B6       __ATEXITCNT
 227F:00B8       __ATEXITTBL
 227F:0138       __CTYPE
 227F:023A       __EXITBUF
 227F:023E       __EXITFOPEN
 227F:0242 idle  __EXITOPEN
 227F:0246       __STREAMS
 227F:03D6       __NFILE
 227F:03D8       __OPENFD
 227F:0400       __FMODE
 227F:0402       __NOTUMASK
 227F:0404       __FPSTKLEN
 227F:0406       __DOSERRNO
 227F:0408 idle  __DOSERRORTOSV
 227F:0478       __NEW_HANDLER
 227F:0480       ___SIGNALPTR
 227F:0484       __STKLEN
 227F:04EE       __WSCROLL
 227F:04F0       __VIDEO
 227F:04FF       _DIRECTVIDEO
 227F:053C       __CFLAG
 227F:053D       __CCHAR
 227F:053E       _ENVIRON
 227F:0556 idle  __MONTHDAY
 227F:0570 idle  _TZNAME
 227F:0578       _TIMEZONE
 227F:057C       _DAYLIGHT
 227F:0592       __REALCVTVECTOR
 227F:0596 idle  __SCANTODVECTOR
 22E1:0000       __EMU

Program entry point at 0000:0000

