
 Start  Stop   Length Name               Class

 00000H 0839CH 0839DH _TEXT              CODE
 0839DH 098FDH 01561H SINTEZER_TEXT      CODE
 098FEH 0A269H 0096CH DRAWCLK_TEXT       CODE
 0A26AH 0AB0EH 008A5H TETSTART_TEXT      CODE
 0AB0FH 0AC13H 00105H BMPVIEW_TEXT       CODE
 0AC14H 0AFEEH 003DBH FONTEDIT_TEXT      CODE
 0AFEFH 0B711H 00723H TET_SETT_TEXT      CODE
 0B712H 0BAFEH 003EDH FIGURE_TEXT        CODE
 0BAFFH 0BED8H 003DAH GRAPH_TEXT         CODE
 0BED9H 0C757H 0087FH GLASS_TEXT         CODE
 0C758H 0C9D2H 0027BH SETTINGS_TEXT      CODE
 0C9D3H 0D325H 00953H RECTABLE_TEXT      CODE
 0D326H 0D8C3H 0059EH KEYBOARD_TEXT      CODE
 0D8C4H 10374H 02AB1H SCREEN_TEXT        CODE
 10375H 10AE5H 00771H DEBUG_TEXT         CODE
 10AE6H 10CECH 00207H MOUSE_TEXT         CODE
 10CEDH 110CCH 003E0H TIMER_TEXT         CODE
 110CDH 1294FH 01883H MOVEOBJ_TEXT       CODE
 12950H 12D5CH 0040DH RECTS_TEXT         CODE
 12D5DH 13344H 005E8H SOUND_TEXT         CODE
 13345H 13DEAH 00AA6H SPRITE_TEXT        CODE
 13DEBH 14105H 0031BH LOADER_TEXT        CODE
 14106H 14168H 00063H MEMORY_TEXT        CODE
 14169H 15B6CH 01A04H DRAWRUNL_TEXT      CODE
 15B6DH 16350H 007E4H TETRIS3_TEXT       CODE
 16351H 163DCH 0008CH TETR_HLP_TEXT      CODE
 163DDH 16E0AH 00A2EH TEXTED2_TEXT       CODE
 16E0BH 186ACH 018A2H TXTEDITR_TEXT      CODE
 186ADH 1AF3BH 0288FH TETRIS_TEXT        CODE
 1AF40H 1B507H 005C8H E87_PROG           CODE
 1B510H 1B510H 00000H _FARDATA           FAR_DATA
 1B510H 1D259H 01D4AH SINTEZER_DATA      FAR_DATA
 1D25AH 1D32AH 000D1H DRAWCLK_DATA       FAR_DATA
 1D32CH 1D8B6H 0058BH TETSTART_DATA      FAR_DATA
 1D8B8H 1D8B8H 00000H BMPVIEW_DATA       FAR_DATA
 1D8B8H 1D8F8H 00041H FONTEDIT_DATA      FAR_DATA
 1D8FAH 1DA42H 00149H TET_SETT_DATA      FAR_DATA
 1DA44H 1DA63H 00020H FIGURE_DATA        FAR_DATA
 1DA64H 1DBA4H 00141H GRAPH_DATA         FAR_DATA
 1DBA6H 1DBBFH 0001AH GLASS_DATA         FAR_DATA
 1DBC0H 1DBE5H 00026H SETTINGS_DATA      FAR_DATA
 1DBE6H 1DC8CH 000A7H RECTABLE_DATA      FAR_DATA
 1DC8EH 1DFEFH 00362H KEYBOARD_DATA      FAR_DATA
 1DFF0H 1DFF5H 00006H KEYBOARD5_DATA     FAR_DATA
 1E000H 1E1BFH 001C0H KEYBOARD6_DATA     FAR_DATA
 1E1C0H 1EB50H 00991H SCREEN_DATA        FAR_DATA
 1EB60H 1EB6AH 0000BH SCREEN5_DATA       FAR_DATA
 1EB6CH 1EB9FH 00034H DEBUG_DATA         FAR_DATA
 1EBA0H 1EBDFH 00040H MOUSE_DATA         FAR_DATA
 1EBE0H 1EC72H 00093H TIMER_DATA         FAR_DATA
 1EC80H 1EC89H 0000AH TIMER5_DATA        FAR_DATA
 1EC8AH 1F07DH 003F4H MOVEOBJ_DATA       FAR_DATA
 1F080H 1F093H 00014H MOVEOBJ5_DATA      FAR_DATA
 1F094H 1F0F3H 00060H RECTS_DATA         FAR_DATA
 1F0F4H 2060CH 01519H SOUND_DATA         FAR_DATA
 20610H 20611H 00002H SOUND5_DATA        FAR_DATA
 20612H 20948H 00337H SPRITE_DATA        FAR_DATA
 20950H 20951H 00002H SPRITE5_DATA       FAR_DATA
 20952H 2096FH 0001EH LOADER_DATA        FAR_DATA
 20970H 20970H 00000H MEMORY_DATA        FAR_DATA
 20970H 2167AH 00D0BH DRAWRUNL_DATA      FAR_DATA
 2167CH 2176AH 000EFH TETRIS3_DATA       FAR_DATA
 2176CH 218C9H 0015EH TETR_HLP_DATA      FAR_DATA
 218CAH 21C2EH 00365H TEXTED2_DATA       FAR_DATA
 21C30H 22244H 00615H TXTEDITR_DATA      FAR_DATA
 22246H 22E25H 00BE0H TETRIS_DATA        FAR_DATA
 22E26H 22E49H 00024H HUGEVAL_DATA       FAR_DATA
 22E4AH 22E4AH 00000H LDTRUNC_DATA       FAR_DATA
 22E4AH 22E8CH 00043H MATHWHY_DATA       FAR_DATA
 22E8EH 22E8EH 00000H REALCVT_DATA       FAR_DATA
 22E8EH 22EA5H 00018H SCANTOD_DATA       FAR_DATA
 22EA6H 22EA6H 00000H XCVT_DATA          FAR_DATA
 22EA6H 22F3FH 0009AH FPERR_DATA         FAR_DATA
 22F40H 22FBFH 00080H _POW10_DATA        FAR_DATA
 22FC0H 22FC0H 00000H POW10D_DATA        FAR_DATA
 22FC0H 22FC0H 00000H MATHERR_DATA       FAR_DATA
 22FC0H 22FCCH 0000DH SQRT_DATA          FAR_DATA
 22FCEH 22FDDH 00010H POW_DATA           FAR_DATA
 22FDEH 22FE9H 0000CH SIN_DATA           FAR_DATA
 22FEAH 22FF7H 0000EH _MATHERR_DATA      FAR_DATA
 22FF8H 23003H 0000CH COS_DATA           FAR_DATA
 23010H 23011H 00002H FSBDTR5_DATA       FAR_DATA
 23020H 23035H 00016H STDTR5_DATA        FAR_DATA
 23040H 23040H 00000H _FARBSS            FAR_BSS
 23040H 23040H 00000H _OVERLAY_          OVRINFO
 23040H 23040H 00000H _1STUB_            STUBSEG
 23040H 235D1H 00592H _DATA              DATA
 235D2H 235D5H 00004H _CVTSEG            DATA
 235D6H 235E1H 0000CH _SCNSEG            DATA
 235E2H 235E2H 00000H _CONST             CONST
 235E2H 23635H 00054H _INIT_             INITDATA
 23636H 23636H 00000H _INITEND_          INITDATA
 23636H 2365FH 0002AH _EXIT_             EXITDATA
 23660H 23660H 00000H _EXITEND_          EXITDATA
 23660H 2376FH 00110H _STACK             STACK


Detailed map of segments

 0000:0000 0288 C=CODE   S=_TEXT          G=(none)  M=C0.ASM     ACBP=28
 0000:0288 0270 C=CODE   S=_TEXT          G=(none)  M=..\DIGMID.LIB\DIGPLAY.ASM ACBP=28
 0000:04F8 0626 C=CODE   S=_TEXT          G=(none)  M=..\DIGMID.LIB\DOSCALLS.ASM ACBP=28
 0000:0B1E 01A5 C=CODE   S=_TEXT          G=(none)  M=..\DIGMID.LIB\MIDPAK.ASM ACBP=28
 0000:0CC3 020E C=CODE   S=_TEXT          G=(none)  M=FP87INIT   ACBP=28
 0000:0ED1 0000 C=CODE   S=_TEXT          G=(none)  M=E87TRAP    ACBP=28
 0000:0ED1 0000 C=CODE   S=_TEXT          G=(none)  M=PROTFLAG   ACBP=28
 0000:0ED1 0000 C=CODE   S=_TEXT          G=(none)  M=DEFLT87    ACBP=28
 0000:0ED1 0000 C=CODE   S=_TEXT          G=(none)  M=HUGEVAL    ACBP=28
 0000:0ED1 00A7 C=CODE   S=_TEXT          G=(none)  M=LDTRUNC    ACBP=28
 0000:0F78 0000 C=CODE   S=_TEXT          G=(none)  M=MATHWHY    ACBP=28
 0000:0F78 01D2 C=CODE   S=_TEXT          G=(none)  M=REALCVT    ACBP=28
 0000:114A 03BD C=CODE   S=_TEXT          G=(none)  M=SCANTOD    ACBP=28
 0000:1507 0213 C=CODE   S=_TEXT          G=(none)  M=XCVT       ACBP=28
 0000:171A 00D4 C=CODE   S=_TEXT          G=(none)  M=FPERR      ACBP=28
 0000:17EE 00D5 C=CODE   S=_TEXT          G=(none)  M=_POW10     ACBP=28
 0000:18C3 0012 C=CODE   S=_TEXT          G=(none)  M=POW10D     ACBP=28
 0000:18D5 0031 C=CODE   S=_TEXT          G=(none)  M=MATHERR    ACBP=28
 0000:1906 004B C=CODE   S=_TEXT          G=(none)  M=SQRT       ACBP=28
 0000:1951 0216 C=CODE   S=_TEXT          G=(none)  M=POW        ACBP=28
 0000:1B67 005F C=CODE   S=_TEXT          G=(none)  M=SIN        ACBP=28
 0000:1BC6 00C0 C=CODE   S=_TEXT          G=(none)  M=_MATHERR   ACBP=28
 0000:1C86 005F C=CODE   S=_TEXT          G=(none)  M=COS        ACBP=28
 0000:1CE5 002C C=CODE   S=_TEXT          G=(none)  M=FFTOL      ACBP=28
 0000:1D11 0034 C=CODE   S=_TEXT          G=(none)  M=ATEXIT     ACBP=28
 0000:1D45 0000 C=CODE   S=_TEXT          G=(none)  M=CTYPE      ACBP=28
 0000:1D45 0019 C=CODE   S=_TEXT          G=(none)  M=DEL        ACBP=28
 0000:1D5E 004B C=CODE   S=_TEXT          G=(none)  M=DOSFATTR   ACBP=28
 0000:1DA9 002E C=CODE   S=_TEXT          G=(none)  M=DOSVECT    ACBP=28
 0000:1DD7 00D0 C=CODE   S=_TEXT          G=(none)  M=EXIT       ACBP=28
 0000:1EA7 0034 C=CODE   S=_TEXT          G=(none)  M=FGETPOS    ACBP=28
 0000:1EDB 0000 C=CODE   S=_TEXT          G=(none)  M=FILES      ACBP=28
 0000:1EDB 0000 C=CODE   S=_TEXT          G=(none)  M=FILES2     ACBP=28
 0000:1EDB 0000 C=CODE   S=_TEXT          G=(none)  M=FMODE      ACBP=28
 0000:1EDB 0000 C=CODE   S=_TEXT          G=(none)  M=FPSTKLEN   ACBP=28
 0000:1EDB 001C C=CODE   S=_TEXT          G=(none)  M=F_SCOPY    ACBP=28
 0000:1EF7 0034 C=CODE   S=_TEXT          G=(none)  M=GETDATE    ACBP=28
 0000:1F2B 002E C=CODE   S=_TEXT          G=(none)  M=GETVECT    ACBP=28
 0000:1F59 00AE C=CODE   S=_TEXT          G=(none)  M=H_LDIV     ACBP=28
 0000:2007 0021 C=CODE   S=_TEXT          G=(none)  M=H_LLSH     ACBP=28
 0000:2028 0060 C=CODE   S=_TEXT          G=(none)  M=H_PADD     ACBP=28
 0000:2088 005F C=CODE   S=_TEXT          G=(none)  M=IOERROR    ACBP=28
 0000:20E7 0018 C=CODE   S=_TEXT          G=(none)  M=ISATTY     ACBP=28
 0000:20FF 00B0 C=CODE   S=_TEXT          G=(none)  M=LONGTOA    ACBP=28
 0000:21AF 0036 C=CODE   S=_TEXT          G=(none)  M=LSEEK      ACBP=28
 0000:21E5 00C4 C=CODE   S=_TEXT          G=(none)  M=MKNAME     ACBP=28
 0000:22A9 007A C=CODE   S=_TEXT          G=(none)  M=NEW        ACBP=28
 0000:2323 0065 C=CODE   S=_TEXT          G=(none)  M=NEWF       ACBP=28
 0000:2388 0017 C=CODE   S=_TEXT          G=(none)  M=N_LXMUL    ACBP=28
 0000:239F 0021 C=CODE   S=_TEXT          G=(none)  M=N_PCMP     ACBP=28
 0000:23C0 0045 C=CODE   S=_TEXT          G=(none)  M=RAND       ACBP=28
 0000:2405 003C C=CODE   S=_TEXT          G=(none)  M=READA      ACBP=28
 0000:2441 0038 C=CODE   S=_TEXT          G=(none)  M=SETDATE    ACBP=28
 0000:2479 00FF C=CODE   S=_TEXT          G=(none)  M=SETUPIO    ACBP=28
 0000:2578 0000 C=CODE   S=_TEXT          G=(none)  M=SIGDATA    ACBP=28
 0000:2578 00A6 C=CODE   S=_TEXT          G=(none)  M=STIME      ACBP=28
 0000:261E 0000 C=CODE   S=_TEXT          G=(none)  M=STKLEN     ACBP=28
 0000:261E 001F C=CODE   S=_TEXT          G=(none)  M=UNLINK     ACBP=28
 0000:263D 0284 C=CODE   S=_TEXT          G=(none)  M=VDELF      ACBP=28
 0000:28C1 029F C=CODE   S=_TEXT          G=(none)  M=VNEWF      ACBP=28
 0000:2B60 04D0 C=CODE   S=_TEXT          G=(none)  M=VPRINTER   ACBP=28
 0000:3030 00C5 C=CODE   S=_TEXT          G=(none)  M=VRAM       ACBP=28
 0000:30F5 0000 C=CODE   S=_TEXT          G=(none)  M=WSCROLL    ACBP=28
 0000:30F5 003B C=CODE   S=_TEXT          G=(none)  M=_STPCPY    ACBP=28
 0000:3130 01B5 C=CODE   S=_TEXT          G=(none)  M=CPRINTF    ACBP=28
 0000:32E5 01CA C=CODE   S=_TEXT          G=(none)  M=CRTINIT    ACBP=28
 0000:34AF 0024 C=CODE   S=_TEXT          G=(none)  M=CVTFAK     ACBP=28
 0000:34D3 0432 C=CODE   S=_TEXT          G=(none)  M=FARHEAP    ACBP=28
 0000:3905 01BF C=CODE   S=_TEXT          G=(none)  M=FBRK       ACBP=28
 0000:3AC4 00A1 C=CODE   S=_TEXT          G=(none)  M=GETCH      ACBP=28
 0000:3B65 00BA C=CODE   S=_TEXT          G=(none)  M=GPTEXT     ACBP=28
 0000:3C1F 0030 C=CODE   S=_TEXT          G=(none)  M=IOCTL      ACBP=28
 0000:3C4F 0019 C=CODE   S=_TEXT          G=(none)  M=KBHIT      ACBP=28
 0000:3C68 00A4 C=CODE   S=_TEXT          G=(none)  M=MOVETEXT   ACBP=28
 0000:3D0C 001E C=CODE   S=_TEXT          G=(none)  M=PUTCH      ACBP=28
 0000:3D2A 000A C=CODE   S=_TEXT          G=(none)  M=REALCVT    ACBP=28
 0000:3D34 021E C=CODE   S=_TEXT          G=(none)  M=SCREEN     ACBP=28
 0000:3F52 01B4 C=CODE   S=_TEXT          G=(none)  M=SCROLL     ACBP=28
 0000:4106 0023 C=CODE   S=_TEXT          G=(none)  M=SETBLOCK   ACBP=28
 0000:4129 0058 C=CODE   S=_TEXT          G=(none)  M=SETENVP    ACBP=28
 0000:4181 0024 C=CODE   S=_TEXT          G=(none)  M=STACK      ACBP=28
 0000:41A5 004D C=CODE   S=_TEXT          G=(none)  M=WHEREXY    ACBP=28
 0000:41F2 0099 C=CODE   S=_TEXT          G=(none)  M=ATOL       ACBP=28
 0000:428B 0024 C=CODE   S=_TEXT          G=(none)  M=CHMODA     ACBP=28
 0000:42AF 003B C=CODE   S=_TEXT          G=(none)  M=CLOSE      ACBP=28
 0000:42EA 002B C=CODE   S=_TEXT          G=(none)  M=CLOSEA     ACBP=28
 0000:4315 0089 C=CODE   S=_TEXT          G=(none)  M=EOF        ACBP=28
 0000:439E 00BF C=CODE   S=_TEXT          G=(none)  M=FCLOSE     ACBP=28
 0000:445D 00D4 C=CODE   S=_TEXT          G=(none)  M=FFLUSH     ACBP=28
 0000:4531 0051 C=CODE   S=_TEXT          G=(none)  M=FLUSHALL   ACBP=28
 0000:4582 023E C=CODE   S=_TEXT          G=(none)  M=FOPEN      ACBP=28
 0000:47C0 0023 C=CODE   S=_TEXT          G=(none)  M=FPRINTF    ACBP=28
 0000:47E3 0190 C=CODE   S=_TEXT          G=(none)  M=FREAD      ACBP=28
 0000:4973 01FD C=CODE   S=_TEXT          G=(none)  M=FSEEK      ACBP=28
 0000:4B70 01F0 C=CODE   S=_TEXT          G=(none)  M=GETC       ACBP=28
 0000:4D60 007C C=CODE   S=_TEXT          G=(none)  M=GETENV     ACBP=28
 0000:4DDC 0027 C=CODE   S=_TEXT          G=(none)  M=MEMCPY     ACBP=28
 0000:4E03 0051 C=CODE   S=_TEXT          G=(none)  M=MEMSET     ACBP=28
 0000:4E54 01CC C=CODE   S=_TEXT          G=(none)  M=OPEN       ACBP=28
 0000:5020 005C C=CODE   S=_TEXT          G=(none)  M=OPENA      ACBP=28
 0000:507C 03F9 C=CODE   S=_TEXT          G=(none)  M=PUTC       ACBP=28
 0000:5475 00EF C=CODE   S=_TEXT          G=(none)  M=READ       ACBP=28
 0000:5564 0003 C=CODE   S=_TEXT          G=(none)  M=READU      ACBP=28
 0000:5567 012B C=CODE   S=_TEXT          G=(none)  M=SETVBUF    ACBP=28
 0000:5692 0098 C=CODE   S=_TEXT          G=(none)  M=SPRINTF    ACBP=28
 0000:572A 0044 C=CODE   S=_TEXT          G=(none)  M=STRCAT     ACBP=28
 0000:576E 002E C=CODE   S=_TEXT          G=(none)  M=STRCPY     ACBP=28
 0000:579C 0026 C=CODE   S=_TEXT          G=(none)  M=STRLEN     ACBP=28
 0000:57C2 0036 C=CODE   S=_TEXT          G=(none)  M=STRNCPY    ACBP=28
 0000:57F8 0359 C=CODE   S=_TEXT          G=(none)  M=TIMECVT    ACBP=28
 0000:5B51 0306 C=CODE   S=_TEXT          G=(none)  M=TZSET      ACBP=28
 0000:5E57 0170 C=CODE   S=_TEXT          G=(none)  M=WRITE      ACBP=28
 0000:5FC7 004F C=CODE   S=_TEXT          G=(none)  M=WRITEA     ACBP=28
 0000:6016 0003 C=CODE   S=_TEXT          G=(none)  M=WRITEU     ACBP=28
 0000:6019 0048 C=CODE   S=_TEXT          G=(none)  M=XFCLOSE    ACBP=28
 0000:6061 0041 C=CODE   S=_TEXT          G=(none)  M=XFFLUSH    ACBP=28
 0000:60A2 0027 C=CODE   S=_TEXT          G=(none)  M=FMEMCPY    ACBP=28
 0000:60C9 0033 C=CODE   S=_TEXT          G=(none)  M=FSTRCMP    ACBP=28
 0000:60FC 00AE C=CODE   S=_TEXT          G=(none)  M=FSBCLOSE   ACBP=28
 0000:61AA 0118 C=CODE   S=_TEXT          G=(none)  M=FSBCTR1    ACBP=28
 0000:62C2 00A2 C=CODE   S=_TEXT          G=(none)  M=FSBDTR     ACBP=28
 0000:6364 015A C=CODE   S=_TEXT          G=(none)  M=FSBOFLOW   ACBP=28
 0000:64BE 0168 C=CODE   S=_TEXT          G=(none)  M=FSBOPEN    ACBP=28
 0000:6626 00C3 C=CODE   S=_TEXT          G=(none)  M=FSBSBUF    ACBP=28
 0000:66E9 01BC C=CODE   S=_TEXT          G=(none)  M=FSBSKOFF   ACBP=28
 0000:68A5 01A1 C=CODE   S=_TEXT          G=(none)  M=FSBSYNC    ACBP=28
 0000:6A46 01BE C=CODE   S=_TEXT          G=(none)  M=FSBUFLOW   ACBP=28
 0000:6C04 0045 C=CODE   S=_TEXT          G=(none)  M=FSCLOSE    ACBP=28
 0000:6C49 00AF C=CODE   S=_TEXT          G=(none)  M=FSCTR1     ACBP=28
 0000:6CF8 00CC C=CODE   S=_TEXT          G=(none)  M=FSCTR2     ACBP=28
 0000:6DC4 008E C=CODE   S=_TEXT          G=(none)  M=FSDTR      ACBP=28
 0000:6E52 006D C=CODE   S=_TEXT          G=(none)  M=FSOPEN     ACBP=28
 0000:6EBF 00D3 C=CODE   S=_TEXT          G=(none)  M=IFSCTR1    ACBP=28
 0000:6F92 01A8 C=CODE   S=_TEXT          G=(none)  M=IFSCTR2    ACBP=28
 0000:713A 00BA C=CODE   S=_TEXT          G=(none)  M=IFSDTR     ACBP=28
 0000:71F4 008E C=CODE   S=_TEXT          G=(none)  M=ISTCTR1    ACBP=28
 0000:7282 00C2 C=CODE   S=_TEXT          G=(none)  M=ISTDIPFX   ACBP=28
 0000:7344 0078 C=CODE   S=_TEXT          G=(none)  M=ISTDTR1    ACBP=28
 0000:73BC 00DD C=CODE   S=_TEXT          G=(none)  M=ISTEATWH   ACBP=28
 0000:7499 0140 C=CODE   S=_TEXT          G=(none)  M=ISTGLINE   ACBP=28
 0000:75D9 0113 C=CODE   S=_TEXT          G=(none)  M=ISTREAD    ACBP=28
 0000:76EC 0060 C=CODE   S=_TEXT          G=(none)  M=ISTSKOFF   ACBP=28
 0000:774C 005D C=CODE   S=_TEXT          G=(none)  M=ISTSKPOS   ACBP=28
 0000:77A9 0073 C=CODE   S=_TEXT          G=(none)  M=ISTTELLG   ACBP=28
 0000:781C 00D3 C=CODE   S=_TEXT          G=(none)  M=OFSCTR1    ACBP=28
 0000:78EF 00BA C=CODE   S=_TEXT          G=(none)  M=OFSDTR     ACBP=28
 0000:79A9 0085 C=CODE   S=_TEXT          G=(none)  M=OSTCTR1    ACBP=28
 0000:7A2E 0085 C=CODE   S=_TEXT          G=(none)  M=OSTDTR1    ACBP=28
 0000:7AB3 0045 C=CODE   S=_TEXT          G=(none)  M=OSTFLUSH   ACBP=28
 0000:7AF8 005D C=CODE   S=_TEXT          G=(none)  M=OSTSKPOS   ACBP=28
 0000:7B55 0076 C=CODE   S=_TEXT          G=(none)  M=OSTTELLP   ACBP=28
 0000:7BCB 0053 C=CODE   S=_TEXT          G=(none)  M=OSTWRITE   ACBP=28
 0000:7C1E 0051 C=CODE   S=_TEXT          G=(none)  M=STBALC     ACBP=28
 0000:7C6F 00D4 C=CODE   S=_TEXT          G=(none)  M=STBCTR1    ACBP=28
 0000:7D43 00B7 C=CODE   S=_TEXT          G=(none)  M=STBDSGTN   ACBP=28
 0000:7DFA 00A9 C=CODE   S=_TEXT          G=(none)  M=STBDSPTN   ACBP=28
 0000:7EA3 007C C=CODE   S=_TEXT          G=(none)  M=STBDTR     ACBP=28
 0000:7F1F 000F C=CODE   S=_TEXT          G=(none)  M=STBOFLOW   ACBP=28
 0000:7F2E 000F C=CODE   S=_TEXT          G=(none)  M=STBPBFL    ACBP=28
 0000:7F3D 0033 C=CODE   S=_TEXT          G=(none)  M=STBSBUF    ACBP=28
 0000:7F70 00B6 C=CODE   S=_TEXT          G=(none)  M=STBSETB    ACBP=28
 0000:8026 0071 C=CODE   S=_TEXT          G=(none)  M=STBSETG    ACBP=28
 0000:8097 0053 C=CODE   S=_TEXT          G=(none)  M=STBSETP    ACBP=28
 0000:80EA 0012 C=CODE   S=_TEXT          G=(none)  M=STBSKOFF   ACBP=28
 0000:80FC 002B C=CODE   S=_TEXT          G=(none)  M=STBSKPOS   ACBP=28
 0000:8127 007D C=CODE   S=_TEXT          G=(none)  M=STBSPUTN   ACBP=28
 0000:81A4 0053 C=CODE   S=_TEXT          G=(none)  M=STBSYNC    ACBP=28
 0000:81F7 003A C=CODE   S=_TEXT          G=(none)  M=STBUFLOW   ACBP=28
 0000:8231 0041 C=CODE   S=_TEXT          G=(none)  M=STCLEAR    ACBP=28
 0000:8272 004C C=CODE   S=_TEXT          G=(none)  M=STCTR1     ACBP=28
 0000:82BE 0057 C=CODE   S=_TEXT          G=(none)  M=STDTR      ACBP=28
 0000:8315 005B C=CODE   S=_TEXT          G=(none)  M=STINIT     ACBP=28
 0000:8370 002D C=CODE   S=_TEXT          G=(none)  M=STSETST    ACBP=28
 0839:000D 1561 C=CODE   S=SINTEZER_TEXT  G=(none)  M=SINTEZER.CPP ACBP=28
 098F:000E 096C C=CODE   S=DRAWCLK_TEXT   G=(none)  M=DRAWCLK.CPP ACBP=28
 0A26:000A 08A5 C=CODE   S=TETSTART_TEXT  G=(none)  M=TETSTART.CPP ACBP=28
 0AB0:000F 0105 C=CODE   S=BMPVIEW_TEXT   G=(none)  M=BMPVIEW.CPP ACBP=28
 0AC1:0004 03DB C=CODE   S=FONTEDIT_TEXT  G=(none)  M=FONTEDIT.CPP ACBP=28
 0AFE:000F 0723 C=CODE   S=TET_SETT_TEXT  G=(none)  M=TET_SETT.CPP ACBP=28
 0B71:0002 03ED C=CODE   S=FIGURE_TEXT    G=(none)  M=FIGURE.CPP ACBP=28
 0BAF:000F 03DA C=CODE   S=GRAPH_TEXT     G=(none)  M=GRAPH.CPP  ACBP=28
 0BED:0009 087F C=CODE   S=GLASS_TEXT     G=(none)  M=GLASS.CPP  ACBP=28
 0C75:0008 027B C=CODE   S=SETTINGS_TEXT  G=(none)  M=SETTINGS.CPP ACBP=28
 0C9D:0003 0953 C=CODE   S=RECTABLE_TEXT  G=(none)  M=RECTABLE.CPP ACBP=28
 0D32:0006 059E C=CODE   S=KEYBOARD_TEXT  G=(none)  M=..\MY.LIB\KEYBOARD.CPP ACBP=28
 0D8C:0004 2AB1 C=CODE   S=SCREEN_TEXT    G=(none)  M=..\MY.LIB\SCREEN.CPP ACBP=28
 1037:0005 0771 C=CODE   S=DEBUG_TEXT     G=(none)  M=..\MY.LIB\DEBUG.CPP ACBP=28
 10AE:0006 0207 C=CODE   S=MOUSE_TEXT     G=(none)  M=..\MY.LIB\MOUSE.CPP ACBP=28
 10CE:000D 03E0 C=CODE   S=TIMER_TEXT     G=(none)  M=..\MY.LIB\TIMER.CPP ACBP=28
 110C:000D 1883 C=CODE   S=MOVEOBJ_TEXT   G=(none)  M=..\MY.LIB\MOVEOBJ.CPP ACBP=28
 1295:0000 040D C=CODE   S=RECTS_TEXT     G=(none)  M=..\MY.LIB\RECTS.CPP ACBP=28
 12D5:000D 05E8 C=CODE   S=SOUND_TEXT     G=(none)  M=..\MY.LIB\SOUND.CPP ACBP=28
 1334:0005 0AA6 C=CODE   S=SPRITE_TEXT    G=(none)  M=..\MY.LIB\SPRITE.CPP ACBP=28
 13DE:000B 031B C=CODE   S=LOADER_TEXT    G=(none)  M=..\DIGMID.LIB\LOADER.C ACBP=28
 1410:0006 0063 C=CODE   S=MEMORY_TEXT    G=(none)  M=..\DIGMID.LIB\MEMORY.C ACBP=28
 1416:0009 1A04 C=CODE   S=DRAWRUNL_TEXT  G=(none)  M=DRAWRUNL.CPP ACBP=28
 15B6:000D 07E4 C=CODE   S=TETRIS3_TEXT   G=(none)  M=TETRIS3.CPP ACBP=28
 1635:0001 008C C=CODE   S=TETR_HLP_TEXT  G=(none)  M=TETR_HLP.CPP ACBP=28
 163D:000D 0A2E C=CODE   S=TEXTED2_TEXT   G=(none)  M=TEXTED2.CPP ACBP=28
 16E0:000B 18A2 C=CODE   S=TXTEDITR_TEXT  G=(none)  M=TXTEDITR.CPP ACBP=28
 186A:000D 288F C=CODE   S=TETRIS_TEXT    G=(none)  M=TETRIS.CPP ACBP=28
 1AF4:0000 0000 C=CODE   S=E87_PROG       G=(none)  M=FP87INIT   ACBP=68
 1AF4:0000 03E3 C=CODE   S=E87_PROG       G=(none)  M=EMU087     ACBP=68
 1AF4:03F0 01D8 C=CODE   S=E87_PROG       G=(none)  M=E87TRAP    ACBP=68
 1B51:0000 0000 C=FAR_DATA S=_FARDATA       G=(none)  M=C0.ASM     ACBP=68
 1B51:0000 1D4A C=FAR_DATA S=SINTEZER_DATA  G=(none)  M=SINTEZER.CPP ACBP=48
 1D25:000A 00D1 C=FAR_DATA S=DRAWCLK_DATA   G=(none)  M=DRAWCLK.CPP ACBP=48
 1D32:000C 058B C=FAR_DATA S=TETSTART_DATA  G=(none)  M=TETSTART.CPP ACBP=48
 1D8B:0008 0000 C=FAR_DATA S=BMPVIEW_DATA   G=(none)  M=BMPVIEW.CPP ACBP=48
 1D8B:0008 0041 C=FAR_DATA S=FONTEDIT_DATA  G=(none)  M=FONTEDIT.CPP ACBP=48
 1D8F:000A 0149 C=FAR_DATA S=TET_SETT_DATA  G=(none)  M=TET_SETT.CPP ACBP=48
 1DA4:0004 0020 C=FAR_DATA S=FIGURE_DATA    G=(none)  M=FIGURE.CPP ACBP=48
 1DA6:0004 0141 C=FAR_DATA S=GRAPH_DATA     G=(none)  M=GRAPH.CPP  ACBP=48
 1DBA:0006 001A C=FAR_DATA S=GLASS_DATA     G=(none)  M=GLASS.CPP  ACBP=48
 1DBC:0000 0026 C=FAR_DATA S=SETTINGS_DATA  G=(none)  M=SETTINGS.CPP ACBP=48
 1DBE:0006 00A7 C=FAR_DATA S=RECTABLE_DATA  G=(none)  M=RECTABLE.CPP ACBP=48
 1DC8:000E 0362 C=FAR_DATA S=KEYBOARD_DATA  G=(none)  M=..\MY.LIB\KEYBOARD.CPP ACBP=48
 1DFF:0000 0006 C=FAR_DATA S=KEYBOARD5_DATA G=(none)  M=..\MY.LIB\KEYBOARD.CPP ACBP=68
 1E00:0000 01C0 C=FAR_DATA S=KEYBOARD6_DATA G=(none)  M=..\MY.LIB\KEYBOARD.CPP ACBP=68
 1E1C:0000 0991 C=FAR_DATA S=SCREEN_DATA    G=(none)  M=..\MY.LIB\SCREEN.CPP ACBP=48
 1EB6:0000 000B C=FAR_DATA S=SCREEN5_DATA   G=(none)  M=..\MY.LIB\SCREEN.CPP ACBP=68
 1EB6:000C 0034 C=FAR_DATA S=DEBUG_DATA     G=(none)  M=..\MY.LIB\DEBUG.CPP ACBP=48
 1EBA:0000 0040 C=FAR_DATA S=MOUSE_DATA     G=(none)  M=..\MY.LIB\MOUSE.CPP ACBP=48
 1EBE:0000 0093 C=FAR_DATA S=TIMER_DATA     G=(none)  M=..\MY.LIB\TIMER.CPP ACBP=48
 1EC8:0000 000A C=FAR_DATA S=TIMER5_DATA    G=(none)  M=..\MY.LIB\TIMER.CPP ACBP=68
 1EC8:000A 03F4 C=FAR_DATA S=MOVEOBJ_DATA   G=(none)  M=..\MY.LIB\MOVEOBJ.CPP ACBP=48
 1F08:0000 0014 C=FAR_DATA S=MOVEOBJ5_DATA  G=(none)  M=..\MY.LIB\MOVEOBJ.CPP ACBP=68
 1F09:0004 0060 C=FAR_DATA S=RECTS_DATA     G=(none)  M=..\MY.LIB\RECTS.CPP ACBP=48
 1F0F:0004 1519 C=FAR_DATA S=SOUND_DATA     G=(none)  M=..\MY.LIB\SOUND.CPP ACBP=48
 2061:0000 0002 C=FAR_DATA S=SOUND5_DATA    G=(none)  M=..\MY.LIB\SOUND.CPP ACBP=68
 2061:0002 0337 C=FAR_DATA S=SPRITE_DATA    G=(none)  M=..\MY.LIB\SPRITE.CPP ACBP=48
 2095:0000 0002 C=FAR_DATA S=SPRITE5_DATA   G=(none)  M=..\MY.LIB\SPRITE.CPP ACBP=68
 2095:0002 001E C=FAR_DATA S=LOADER_DATA    G=(none)  M=..\DIGMID.LIB\LOADER.C ACBP=48
 2097:0000 0000 C=FAR_DATA S=MEMORY_DATA    G=(none)  M=..\DIGMID.LIB\MEMORY.C ACBP=48
 2097:0000 0D0B C=FAR_DATA S=DRAWRUNL_DATA  G=(none)  M=DRAWRUNL.CPP ACBP=48
 2167:000C 00EF C=FAR_DATA S=TETRIS3_DATA   G=(none)  M=TETRIS3.CPP ACBP=48
 2176:000C 015E C=FAR_DATA S=TETR_HLP_DATA  G=(none)  M=TETR_HLP.CPP ACBP=48
 218C:000A 0365 C=FAR_DATA S=TEXTED2_DATA   G=(none)  M=TEXTED2.CPP ACBP=48
 21C3:0000 0615 C=FAR_DATA S=TXTEDITR_DATA  G=(none)  M=TXTEDITR.CPP ACBP=48
 2224:0006 0BE0 C=FAR_DATA S=TETRIS_DATA    G=(none)  M=TETRIS.CPP ACBP=48
 22E2:0006 0024 C=FAR_DATA S=HUGEVAL_DATA   G=(none)  M=HUGEVAL    ACBP=48
 22E4:000A 0000 C=FAR_DATA S=LDTRUNC_DATA   G=(none)  M=LDTRUNC    ACBP=48
 22E4:000A 0043 C=FAR_DATA S=MATHWHY_DATA   G=(none)  M=MATHWHY    ACBP=48
 22E8:000E 0000 C=FAR_DATA S=REALCVT_DATA   G=(none)  M=REALCVT    ACBP=48
 22E8:000E 0018 C=FAR_DATA S=SCANTOD_DATA   G=(none)  M=SCANTOD    ACBP=48
 22EA:0006 0000 C=FAR_DATA S=XCVT_DATA      G=(none)  M=XCVT       ACBP=48
 22EA:0006 009A C=FAR_DATA S=FPERR_DATA     G=(none)  M=FPERR      ACBP=48
 22F4:0000 0080 C=FAR_DATA S=_POW10_DATA    G=(none)  M=_POW10     ACBP=48
 22FC:0000 0000 C=FAR_DATA S=POW10D_DATA    G=(none)  M=POW10D     ACBP=48
 22FC:0000 0000 C=FAR_DATA S=MATHERR_DATA   G=(none)  M=MATHERR    ACBP=48
 22FC:0000 000D C=FAR_DATA S=SQRT_DATA      G=(none)  M=SQRT       ACBP=48
 22FC:000E 0010 C=FAR_DATA S=POW_DATA       G=(none)  M=POW        ACBP=48
 22FD:000E 000C C=FAR_DATA S=SIN_DATA       G=(none)  M=SIN        ACBP=48
 22FE:000A 000E C=FAR_DATA S=_MATHERR_DATA  G=(none)  M=_MATHERR   ACBP=48
 22FF:0008 000C C=FAR_DATA S=COS_DATA       G=(none)  M=COS        ACBP=48
 2301:0000 0002 C=FAR_DATA S=FSBDTR5_DATA   G=(none)  M=FSBDTR     ACBP=68
 2302:0000 0016 C=FAR_DATA S=STDTR5_DATA    G=(none)  M=STDTR      ACBP=68
 2304:0000 0000 C=FAR_BSS S=_FARBSS        G=(none)  M=C0.ASM     ACBP=68
 2304:0000 0000 C=OVRINFO S=_OVERLAY_      G=(none)  M=C0.ASM     ACBP=68
 2304:0000 0000 C=STUBSEG S=_1STUB_        G=(none)  M=C0.ASM     ACBP=68
 2304:0000 0091 C=DATA   S=_DATA          G=DGROUP  M=C0.ASM     ACBP=68
 2304:00A0 0002 C=DATA   S=_DATA          G=DGROUP  M=FP87INIT   ACBP=68
 2304:00B0 0000 C=DATA   S=_DATA          G=DGROUP  M=E87TRAP    ACBP=68
 2304:00B0 0003 C=DATA   S=_DATA          G=DGROUP  M=PROTFLAG   ACBP=48
 2304:00B4 0002 C=DATA   S=_DATA          G=DGROUP  M=DEFLT87    ACBP=48
 2304:00B6 0000 C=DATA   S=_DATA          G=DGROUP  M=FFTOL      ACBP=48
 2304:00B6 0082 C=DATA   S=_DATA          G=DGROUP  M=ATEXIT     ACBP=48
 2304:0138 0101 C=DATA   S=_DATA          G=DGROUP  M=CTYPE      ACBP=48
 2304:023A 0000 C=DATA   S=_DATA          G=DGROUP  M=DEL        ACBP=48
 2304:023A 0000 C=DATA   S=_DATA          G=DGROUP  M=DOSFATTR   ACBP=48
 2304:023A 0000 C=DATA   S=_DATA          G=DGROUP  M=DOSVECT    ACBP=48
 2304:023A 000C C=DATA   S=_DATA          G=DGROUP  M=EXIT       ACBP=48
 2304:0246 0000 C=DATA   S=_DATA          G=DGROUP  M=FGETPOS    ACBP=48
 2304:0246 0190 C=DATA   S=_DATA          G=DGROUP  M=FILES      ACBP=48
 2304:03D6 002A C=DATA   S=_DATA          G=DGROUP  M=FILES2     ACBP=48
 2304:0400 0004 C=DATA   S=_DATA          G=DGROUP  M=FMODE      ACBP=48
 2304:0404 0002 C=DATA   S=_DATA          G=DGROUP  M=FPSTKLEN   ACBP=48
 2304:0406 0000 C=DATA   S=_DATA          G=DGROUP  M=F_SCOPY    ACBP=48
 2304:0406 0000 C=DATA   S=_DATA          G=DGROUP  M=GETDATE    ACBP=48
 2304:0406 0000 C=DATA   S=_DATA          G=DGROUP  M=GETVECT    ACBP=48
 2304:0406 0000 C=DATA   S=_DATA          G=DGROUP  M=H_LDIV     ACBP=48
 2304:0406 0000 C=DATA   S=_DATA          G=DGROUP  M=H_LLSH     ACBP=48
 2304:0406 0000 C=DATA   S=_DATA          G=DGROUP  M=H_PADD     ACBP=48
 2304:0406 005B C=DATA   S=_DATA          G=DGROUP  M=IOERROR    ACBP=48
 2304:0462 0000 C=DATA   S=_DATA          G=DGROUP  M=ISATTY     ACBP=48
 2304:0462 0000 C=DATA   S=_DATA          G=DGROUP  M=LONGTOA    ACBP=48
 2304:0462 0000 C=DATA   S=_DATA          G=DGROUP  M=LSEEK      ACBP=48
 2304:0462 0016 C=DATA   S=_DATA          G=DGROUP  M=MKNAME     ACBP=48
 2304:0478 0004 C=DATA   S=_DATA          G=DGROUP  M=NEW        ACBP=48
 2304:047C 0000 C=DATA   S=_DATA          G=DGROUP  M=NEWF       ACBP=48
 2304:047C 0000 C=DATA   S=_DATA          G=DGROUP  M=N_LXMUL    ACBP=48
 2304:047C 0000 C=DATA   S=_DATA          G=DGROUP  M=N_PCMP     ACBP=48
 2304:047C 0004 C=DATA   S=_DATA          G=DGROUP  M=RAND       ACBP=48
 2304:0480 0000 C=DATA   S=_DATA          G=DGROUP  M=READA      ACBP=48
 2304:0480 0000 C=DATA   S=_DATA          G=DGROUP  M=SETDATE    ACBP=48
 2304:0480 0000 C=DATA   S=_DATA          G=DGROUP  M=SETUPIO    ACBP=48
 2304:0480 0004 C=DATA   S=_DATA          G=DGROUP  M=SIGDATA    ACBP=48
 2304:0484 0000 C=DATA   S=_DATA          G=DGROUP  M=STIME      ACBP=48
 2304:0484 0002 C=DATA   S=_DATA          G=DGROUP  M=STKLEN     ACBP=48
 2304:0486 0000 C=DATA   S=_DATA          G=DGROUP  M=UNLINK     ACBP=48
 2304:0486 0000 C=DATA   S=_DATA          G=DGROUP  M=VDELF      ACBP=48
 2304:0486 0000 C=DATA   S=_DATA          G=DGROUP  M=VNEWF      ACBP=48
 2304:0486 0067 C=DATA   S=_DATA          G=DGROUP  M=VPRINTER   ACBP=48
 2304:04EE 0000 C=DATA   S=_DATA          G=DGROUP  M=VRAM       ACBP=48
 2304:04EE 0002 C=DATA   S=_DATA          G=DGROUP  M=WSCROLL    ACBP=48
 2304:04F0 0000 C=DATA   S=_DATA          G=DGROUP  M=_STPCPY    ACBP=48
 2304:04F0 0000 C=DATA   S=_DATA          G=DGROUP  M=CPRINTF    ACBP=48
 2304:04F0 0018 C=DATA   S=_DATA          G=DGROUP  M=CRTINIT    ACBP=48
 2304:0508 0031 C=DATA   S=_DATA          G=DGROUP  M=CVTFAK     ACBP=48
 2304:053A 0000 C=DATA   S=_DATA          G=DGROUP  M=FARHEAP    ACBP=48
 2304:053A 0002 C=DATA   S=_DATA          G=DGROUP  M=FBRK       ACBP=48
 2304:053C 0000 C=DATA   S=_DATA          G=DGROUP  M=GETCH      ACBP=48
 2304:053C 0000 C=DATA   S=_DATA          G=DGROUP  M=GPTEXT     ACBP=48
 2304:053C 0000 C=DATA   S=_DATA          G=DGROUP  M=IOCTL      ACBP=48
 2304:053C 0002 C=DATA   S=_DATA          G=DGROUP  M=KBHIT      ACBP=48
 2304:053E 0000 C=DATA   S=_DATA          G=DGROUP  M=MOVETEXT   ACBP=48
 2304:053E 0000 C=DATA   S=_DATA          G=DGROUP  M=PUTCH      ACBP=48
 2304:053E 0000 C=DATA   S=_DATA          G=DGROUP  M=REALCVT    ACBP=48
 2304:053E 0000 C=DATA   S=_DATA          G=DGROUP  M=SCREEN     ACBP=48
 2304:053E 0000 C=DATA   S=_DATA          G=DGROUP  M=SCROLL     ACBP=48
 2304:053E 0000 C=DATA   S=_DATA          G=DGROUP  M=SETBLOCK   ACBP=48
 2304:053E 0004 C=DATA   S=_DATA          G=DGROUP  M=SETENVP    ACBP=48
 2304:0542 0000 C=DATA   S=_DATA          G=DGROUP  M=STACK      ACBP=48
 2304:0542 0000 C=DATA   S=_DATA          G=DGROUP  M=WHEREXY    ACBP=48
 2304:0542 0000 C=DATA   S=_DATA          G=DGROUP  M=ATOL       ACBP=48
 2304:0542 0000 C=DATA   S=_DATA          G=DGROUP  M=CHMODA     ACBP=48
 2304:0542 0000 C=DATA   S=_DATA          G=DGROUP  M=CLOSE      ACBP=48
 2304:0542 0000 C=DATA   S=_DATA          G=DGROUP  M=CLOSEA     ACBP=48
 2304:0542 0000 C=DATA   S=_DATA          G=DGROUP  M=EOF        ACBP=48
 2304:0542 0000 C=DATA   S=_DATA          G=DGROUP  M=FCLOSE     ACBP=48
 2304:0542 0000 C=DATA   S=_DATA          G=DGROUP  M=FFLUSH     ACBP=48
 2304:0542 0000 C=DATA   S=_DATA          G=DGROUP  M=FLUSHALL   ACBP=48
 2304:0542 0000 C=DATA   S=_DATA          G=DGROUP  M=FOPEN      ACBP=48
 2304:0542 0000 C=DATA   S=_DATA          G=DGROUP  M=FPRINTF    ACBP=48
 2304:0542 0000 C=DATA   S=_DATA          G=DGROUP  M=FREAD      ACBP=48
 2304:0542 0000 C=DATA   S=_DATA          G=DGROUP  M=FSEEK      ACBP=48
 2304:0542 0001 C=DATA   S=_DATA          G=DGROUP  M=GETC       ACBP=48
 2304:0544 0000 C=DATA   S=_DATA          G=DGROUP  M=GETENV     ACBP=48
 2304:0544 0000 C=DATA   S=_DATA          G=DGROUP  M=MEMCPY     ACBP=48
 2304:0544 0000 C=DATA   S=_DATA          G=DGROUP  M=MEMSET     ACBP=48
 2304:0544 0000 C=DATA   S=_DATA          G=DGROUP  M=OPEN       ACBP=48
 2304:0544 0000 C=DATA   S=_DATA          G=DGROUP  M=OPENA      ACBP=48
 2304:0544 0002 C=DATA   S=_DATA          G=DGROUP  M=PUTC       ACBP=48
 2304:0546 0000 C=DATA   S=_DATA          G=DGROUP  M=READ       ACBP=48
 2304:0546 0000 C=DATA   S=_DATA          G=DGROUP  M=READU      ACBP=48
 2304:0546 0004 C=DATA   S=_DATA          G=DGROUP  M=SETVBUF    ACBP=48
 2304:054A 0000 C=DATA   S=_DATA          G=DGROUP  M=SPRINTF    ACBP=48
 2304:054A 0000 C=DATA   S=_DATA          G=DGROUP  M=STRCAT     ACBP=48
 2304:054A 0000 C=DATA   S=_DATA          G=DGROUP  M=STRCPY     ACBP=48
 2304:054A 0000 C=DATA   S=_DATA          G=DGROUP  M=STRLEN     ACBP=48
 2304:054A 0000 C=DATA   S=_DATA          G=DGROUP  M=STRNCPY    ACBP=48
 2304:054A 000C C=DATA   S=_DATA          G=DGROUP  M=TIMECVT    ACBP=48
 2304:0556 003B C=DATA   S=_DATA          G=DGROUP  M=TZSET      ACBP=48
 2304:0592 0000 C=DATA   S=_DATA          G=DGROUP  M=WRITE      ACBP=48
 2304:0592 0000 C=DATA   S=_DATA          G=DGROUP  M=WRITEA     ACBP=48
 2304:0592 0000 C=DATA   S=_DATA          G=DGROUP  M=WRITEU     ACBP=48
 2304:0592 0000 C=DATA   S=_DATA          G=DGROUP  M=XFCLOSE    ACBP=48
 2304:0592 0000 C=DATA   S=_DATA          G=DGROUP  M=XFFLUSH    ACBP=48
 2304:0592 0000 C=DATA   S=_DATA          G=DGROUP  M=FMEMCPY    ACBP=48
 2304:0592 0000 C=DATA   S=_DATA          G=DGROUP  M=FSTRCMP    ACBP=48
 2304:0592 0000 C=DATA   S=_DATA          G=DGROUP  M=FSBCLOSE   ACBP=48
 2304:0592 0000 C=DATA   S=_DATA          G=DGROUP  M=FSBCTR1    ACBP=48
 2304:0592 0000 C=DATA   S=_DATA          G=DGROUP  M=FSBDTR     ACBP=48
 2304:0592 0000 C=DATA   S=_DATA          G=DGROUP  M=FSBOFLOW   ACBP=48
 2304:0592 0000 C=DATA   S=_DATA          G=DGROUP  M=FSBOPEN    ACBP=48
 2304:0592 0000 C=DATA   S=_DATA          G=DGROUP  M=FSBSBUF    ACBP=48
 2304:0592 0000 C=DATA   S=_DATA          G=DGROUP  M=FSBSKOFF   ACBP=48
 2304:0592 0000 C=DATA   S=_DATA          G=DGROUP  M=FSBSYNC    ACBP=48
 2304:0592 0000 C=DATA   S=_DATA          G=DGROUP  M=FSBUFLOW   ACBP=48
 2304:0592 0000 C=DATA   S=_DATA          G=DGROUP  M=FSCLOSE    ACBP=48
 2304:0592 0000 C=DATA   S=_DATA          G=DGROUP  M=FSCTR1     ACBP=48
 2304:0592 0000 C=DATA   S=_DATA          G=DGROUP  M=FSCTR2     ACBP=48
 2304:0592 0000 C=DATA   S=_DATA          G=DGROUP  M=FSDTR      ACBP=48
 2304:0592 0000 C=DATA   S=_DATA          G=DGROUP  M=FSOPEN     ACBP=48
 2304:0592 0000 C=DATA   S=_DATA          G=DGROUP  M=IFSCTR1    ACBP=48
 2304:0592 0000 C=DATA   S=_DATA          G=DGROUP  M=IFSCTR2    ACBP=48
 2304:0592 0000 C=DATA   S=_DATA          G=DGROUP  M=IFSDTR     ACBP=48
 2304:0592 0000 C=DATA   S=_DATA          G=DGROUP  M=ISTCTR1    ACBP=48
 2304:0592 0000 C=DATA   S=_DATA          G=DGROUP  M=ISTDIPFX   ACBP=48
 2304:0592 0000 C=DATA   S=_DATA          G=DGROUP  M=ISTDTR1    ACBP=48
 2304:0592 0000 C=DATA   S=_DATA          G=DGROUP  M=ISTEATWH   ACBP=48
 2304:0592 0000 C=DATA   S=_DATA          G=DGROUP  M=ISTGLINE   ACBP=48
 2304:0592 0000 C=DATA   S=_DATA          G=DGROUP  M=ISTREAD    ACBP=48
 2304:0592 0000 C=DATA   S=_DATA          G=DGROUP  M=ISTSKOFF   ACBP=48
 2304:0592 0000 C=DATA   S=_DATA          G=DGROUP  M=ISTSKPOS   ACBP=48
 2304:0592 0000 C=DATA   S=_DATA          G=DGROUP  M=ISTTELLG   ACBP=48
 2304:0592 0000 C=DATA   S=_DATA          G=DGROUP  M=OFSCTR1    ACBP=48
 2304:0592 0000 C=DATA   S=_DATA          G=DGROUP  M=OFSDTR     ACBP=48
 2304:0592 0000 C=DATA   S=_DATA          G=DGROUP  M=OSTCTR1    ACBP=48
 2304:0592 0000 C=DATA   S=_DATA          G=DGROUP  M=OSTDTR1    ACBP=48
 2304:0592 0000 C=DATA   S=_DATA          G=DGROUP  M=OSTFLUSH   ACBP=48
 2304:0592 0000 C=DATA   S=_DATA          G=DGROUP  M=OSTSKPOS   ACBP=48
 2304:0592 0000 C=DATA   S=_DATA          G=DGROUP  M=OSTTELLP   ACBP=48
 2304:0592 0000 C=DATA   S=_DATA          G=DGROUP  M=OSTWRITE   ACBP=48
 2304:0592 0000 C=DATA   S=_DATA          G=DGROUP  M=STBALC     ACBP=48
 2304:0592 0000 C=DATA   S=_DATA          G=DGROUP  M=STBCTR1    ACBP=48
 2304:0592 0000 C=DATA   S=_DATA          G=DGROUP  M=STBDSGTN   ACBP=48
 2304:0592 0000 C=DATA   S=_DATA          G=DGROUP  M=STBDSPTN   ACBP=48
 2304:0592 0000 C=DATA   S=_DATA          G=DGROUP  M=STBDTR     ACBP=48
 2304:0592 0000 C=DATA   S=_DATA          G=DGROUP  M=STBOFLOW   ACBP=48
 2304:0592 0000 C=DATA   S=_DATA          G=DGROUP  M=STBPBFL    ACBP=48
 2304:0592 0000 C=DATA   S=_DATA          G=DGROUP  M=STBSBUF    ACBP=48
 2304:0592 0000 C=DATA   S=_DATA          G=DGROUP  M=STBSETB    ACBP=48
 2304:0592 0000 C=DATA   S=_DATA          G=DGROUP  M=STBSETG    ACBP=48
 2304:0592 0000 C=DATA   S=_DATA          G=DGROUP  M=STBSETP    ACBP=48
 2304:0592 0000 C=DATA   S=_DATA          G=DGROUP  M=STBSKOFF   ACBP=48
 2304:0592 0000 C=DATA   S=_DATA          G=DGROUP  M=STBSKPOS   ACBP=48
 2304:0592 0000 C=DATA   S=_DATA          G=DGROUP  M=STBSPUTN   ACBP=48
 2304:0592 0000 C=DATA   S=_DATA          G=DGROUP  M=STBSYNC    ACBP=48
 2304:0592 0000 C=DATA   S=_DATA          G=DGROUP  M=STBUFLOW   ACBP=48
 2304:0592 0000 C=DATA   S=_DATA          G=DGROUP  M=STCLEAR    ACBP=48
 2304:0592 0000 C=DATA   S=_DATA          G=DGROUP  M=STCTR1     ACBP=48
 2304:0592 0000 C=DATA   S=_DATA          G=DGROUP  M=STDTR      ACBP=48
 2304:0592 0000 C=DATA   S=_DATA          G=DGROUP  M=STINIT     ACBP=48
 2304:0592 0000 C=DATA   S=_DATA          G=DGROUP  M=STSETST    ACBP=48
 2304:0592 0000 C=DATA   S=_CVTSEG        G=DGROUP  M=C0.ASM     ACBP=48
 2304:0592 0002 C=DATA   S=_CVTSEG        G=DGROUP  M=REALCVT    ACBP=48
 2304:0594 0002 C=DATA   S=_CVTSEG        G=DGROUP  M=CVTFAK     ACBP=48
 2304:0596 0000 C=DATA   S=_CVTSEG        G=DGROUP  M=REALCVT    ACBP=48
 2304:0596 0000 C=DATA   S=_SCNSEG        G=DGROUP  M=C0.ASM     ACBP=48
 2304:0596 0006 C=DATA   S=_SCNSEG        G=DGROUP  M=SCANTOD    ACBP=48
 2304:059C 0006 C=DATA   S=_SCNSEG        G=DGROUP  M=CVTFAK     ACBP=48
 2304:05A2 0000 C=CONST  S=_CONST         G=DGROUP  M=C0.ASM     ACBP=48
 2304:05A2 0000 C=INITDATA S=_INIT_         G=DGROUP  M=C0.ASM     ACBP=48
 2304:05A2 0006 C=INITDATA S=_INIT_         G=DGROUP  M=SINTEZER.CPP ACBP=48
 2304:05A8 0006 C=INITDATA S=_INIT_         G=DGROUP  M=FIGURE.CPP ACBP=48
 2304:05AE 0006 C=INITDATA S=_INIT_         G=DGROUP  M=..\MY.LIB\KEYBOARD.CPP ACBP=48
 2304:05B4 0006 C=INITDATA S=_INIT_         G=DGROUP  M=..\MY.LIB\SCREEN.CPP ACBP=48
 2304:05BA 0006 C=INITDATA S=_INIT_         G=DGROUP  M=..\MY.LIB\TIMER.CPP ACBP=48
 2304:05C0 0006 C=INITDATA S=_INIT_         G=DGROUP  M=..\MY.LIB\MOVEOBJ.CPP ACBP=48
 2304:05C6 0006 C=INITDATA S=_INIT_         G=DGROUP  M=DRAWRUNL.CPP ACBP=48
 2304:05CC 0006 C=INITDATA S=_INIT_         G=DGROUP  M=TETRIS3.CPP ACBP=48
 2304:05D2 0006 C=INITDATA S=_INIT_         G=DGROUP  M=TETRIS.CPP ACBP=48
 2304:05D8 0006 C=INITDATA S=_INIT_         G=DGROUP  M=FP87INIT   ACBP=48
 2304:05DE 0006 C=INITDATA S=_INIT_         G=DGROUP  M=SETUPIO    ACBP=48
 2304:05E4 0006 C=INITDATA S=_INIT_         G=DGROUP  M=CRTINIT    ACBP=48
 2304:05EA 0006 C=INITDATA S=_INIT_         G=DGROUP  M=SETENVP    ACBP=48
 2304:05F0 0006 C=INITDATA S=_INIT_         G=DGROUP  M=TZSET      ACBP=48
 2304:05F6 0000 C=INITDATA S=_INITEND_      G=DGROUP  M=C0.ASM     ACBP=28
 2304:05F6 0000 C=EXITDATA S=_EXIT_         G=DGROUP  M=C0.ASM     ACBP=48
 2304:05F6 0006 C=EXITDATA S=_EXIT_         G=DGROUP  M=FIGURE.CPP ACBP=48
 2304:05FC 0006 C=EXITDATA S=_EXIT_         G=DGROUP  M=..\MY.LIB\KEYBOARD.CPP ACBP=48
 2304:0602 0006 C=EXITDATA S=_EXIT_         G=DGROUP  M=..\MY.LIB\SCREEN.CPP ACBP=48
 2304:0608 0006 C=EXITDATA S=_EXIT_         G=DGROUP  M=..\MY.LIB\TIMER.CPP ACBP=48
 2304:060E 0006 C=EXITDATA S=_EXIT_         G=DGROUP  M=DRAWRUNL.CPP ACBP=48
 2304:0614 0006 C=EXITDATA S=_EXIT_         G=DGROUP  M=TETRIS.CPP ACBP=48
 2304:061A 0006 C=EXITDATA S=_EXIT_         G=DGROUP  M=FP87INIT   ACBP=48
 2304:0620 0000 C=EXITDATA S=_EXITEND_      G=DGROUP  M=C0.ASM     ACBP=28
 2366:0000 0110 C=STACK  S=_STACK         G=(none)  M=C0.ASM     ACBP=74
 2366:0000 0080 C=STACK  S=_STACK         G=(none)  M=EMUVARS    ACBP=78

  Address         Publics by Name

 0000:1D45       operator delete(void far*)
 1416:19D2       operator <<(screen far&,manipmy far&)
 0000:22DA       operator new(unsigned int)
 0000:2323       operator new(unsigned long)
 0D8C:2971       abs(int)
 110C:1821       anim::
 186A:2786       anim::anim(sprite far*)
 110C:0B57       anim::anim()
 186A:26AC       anim::operator +=(anim far&)
 110C:1745       anim::operator [](int)
 110C:0D03       anim::animate()
 110C:0BE3       anim::renewframe()
 110C:17DA       anim::renewtimelive()
 110C:15E1       anim::show()
 16E0:1750 idle  check(char far*,char far*)
 1295:0280 idle  checkunionrects(rect far&,rect far&)
 16E0:17EA idle  checkword(char far*)
 16E0:00DC       colorchange()
 0D8C:2546       cur(int,int)
 1037:072C       debug(char far*)
 1295:011D idle  determinesystem(int,int,int,int)
 1295:003C idle  determinesystem(int,int,int,int,int far&,int far&)
 1295:01E8       determinesystem(rect far&,rect far&,rect far&)
 0AB0:00F5 idle  drawbmp(int,int)
 098F:03FD       drawclock()
 098F:000E idle  drawclock2()
 0BED:0285       drawglassbox(int,int,int,int,char)
 186A:1A9D idle  drawpalette()
 1416:082E       drawrunline(int)
 098F:0104 idle  drawstrelka(int,int,int,int,int,int,int,int,double)
 1037:06C2       fatal(char far*)
 0AB0:00D8 idle  fatal_(char far*)
 0B71:0002       figure::figure()
 0B71:0290       figure::check()
 0B71:01B9       figure::show(int)
 0B71:00A5       figure::show(int,int)
 0B71:0073       figure::show()
 0000:61AA       filebuf::filebuf()
 0000:62C2       filebuf::~filebuf()
 0000:60FC       filebuf::close()
 0000:64BE       filebuf::open(const char far*,int,int)
 2301:0000       filebuf::openprot
 0000:6364       filebuf::overflow(int)
 0000:66E9       filebuf::seekoff(long,seek_dir,int)
 0000:6626       filebuf::setbuf(char far*,int)
 0000:68A5       filebuf::sync()
 0000:6A46       filebuf::underflow()
 16E0:018A idle  find(char)
 1416:053B idle  findzaglavie(long,int)
 16E0:0169 idle  find_zaglav()
 0D8C:2582 idle  font::font(int)
 0D8C:26EB idle  font::~font()
 0D8C:2736 idle  font::show(int,int,int,char)
 0AC1:0004       fonteditor(char far*)
 0000:6CF8       fstreambase::fstreambase(const char far*,int,int)
 0000:6C49       fstreambase::fstreambase()
 0000:6DC4       fstreambase::~fstreambase()
 0000:6C04       fstreambase::close()
 0000:6E52       fstreambase::open(const char far*,int,int)
 1416:0626 idle  fun2(char far*,char far*,int,int far*,int far*,int far*,char,int far*)
 163D:0340       fun_code13()
 163D:0444       fun_code8()
 163D:0101       fun_delay()
 163D:09AA       fun_key_f1()
 163D:06A2       fun_key_m_key_0()
 163D:072A       fun_key_m_key_1()
 163D:083A       fun_key_m_key_2()
 163D:07B2       fun_key_m_key_3()
 163D:08C2       fun_key_m_key_4()
 163D:094A       fun_key_pad9()
 163D:03B1       fun_pad0()
 163D:055E       fun_pad6()
 163D:04FE idle  fun_pad9()
 163D:029D       fun_show_cursor()
 163D:000D       fun_show_debug()
 0839:0323 idle  generatesound()
 15B6:0644       generate_picture()
 0839:000D idle  getfunctionalkeyscan(int)
 0839:0061 idle  getfunctionalkeyscan2(int)
 10CE:0177       getrealtimeclock(unsigned char far&,unsigned char far&,unsigned char far&)
 0BED:0009       glass::glass()
 0BED:00D9       glass::~glass()
 0BED:0130       glass::clear()
 0BED:06AF       glass::load(char far*)
 0BED:018F       glass::make(unsigned int,unsigned int)
 0BED:021E       glass::read(int,int)
 0BED:07BA       glass::save(char far*)
 0BED:04C3       glass::show()
 0BED:0088 idle  glass::showbackground(int)
 0BED:058C idle  glass::showborder()
 0BED:064E       glass::write(int,int,unsigned int)
 0BAF:00AB idle  graph_draw_digit(int,int,int)
 0BAF:01C2 idle  graph_draw_image(int,int,int,int,char far*)
 0BAF:02DF       graph_draw_num(int,int,unsigned long)
 0BAF:024A       graph_draw_symbol(int,int,char)
 0BAF:0143 idle  graph_draw_symbol(int,int,char,int)
 0BAF:0160 idle  graph_draw_text(int,int,char far*,int)
 0BAF:0355 idle  graph_horz_line(int,int,int)
 0BAF:039F idle  graph_vert_line(int,int,int)
 0000:7054 idle  ifstream::ifstream(const unsigned char far*,int,int)
 0000:6F92       ifstream::ifstream(const char far*,int,int)
 0000:6EBF       ifstream::ifstream()
 0000:713A       ifstream::~ifstream()
 0AFE:0666       ifstream::open(const char far*,int,int)
 10CE:000D idle  int08h_new1()
 0000:8272       ios::ios()
 0000:82BE       ios::~ios()
 0AFE:06A1       ios::operator !()
 2302:0004 idle  ios::adjustfield
 2302:0000 idle  ios::basefield
 0000:8231       ios::clear(int)
 186A:26DF       ios::eof()
 0AFE:0709       ios::fail()
 2302:0008 idle  ios::floatfield
 0000:8315       ios::init(streambuf far*)
 2302:000C idle  ios::nextbit
 0000:8370       ios::setstate(int)
 2302:0012 idle  ios::stdioflush
 2302:0010 idle  ios::usercount
 0000:71F4       istream::istream()
 0000:7344       istream::~istream()
 0000:73BC       istream::eatwhite()
 186A:2708       istream::getline(unsigned char far*,int,char)
 0000:7499       istream::getline(char far*,int,char)
 0000:7282       istream::ipfx(int)
 0D8C:2910       istream::read(unsigned char far*,int)
 0000:75D9       istream::read(char far*,int)
 0000:774C       istream::seekg(long)
 0000:76EC       istream::seekg(long,seek_dir)
 0000:77A9       istream::tellg()
 0839:00B5 idle  keybfunctional(int)
 0839:0143 idle  keybfunctionalclear(int)
 0D32:015E idle  keyboard::keyboard()
 0D32:022C idle  keyboard::~keyboard()
 0839:1542       keyboard::operator [](char)
 0D32:0034 idle  keyboard::anykey()
 0D32:0006 idle  keyboard::check(unsigned char)
 0D32:0124       keyboard::clear()
 1DFF:0000 idle  keyboard::countobject
 0D32:0279 idle  keyboard::int09h_new()
 1E00:0000       keyboard::key
 0D32:007F       keyboard::readscan(unsigned long)
 0D32:0493       keyboard::set(char,char)
 0D32:04C3       keyboard::setinputmode(int)
 0D32:0526       keyboard::standartinput()
 0D32:04FA       keyboard::superinput()
 1DFF:0002 idle  keyboard::this
 186A:1864 idle  load_music()
 186A:000D idle  load_sounds()
 1416:0009       load_sprites()
 0D8C:2A62       manipmy::manipmy(screen far&(far*)(screen far&,int),int)
 16E0:171F idle  min(int,int)
 110C:17A5       mindobj::
 110C:1030 idle  mindobj::mindobj()
 110C:1094 idle  mindobj::~mindobj()
 110C:0E2F idle  mindobj::operator +=(mindobj far&)
 110C:1775       mindobj::operator [](int)
 110C:0E58 idle  mindobj::add(mindobj far&,int,mindobj::going far*,mindobj::framing far*,...
 110C:1400 idle  mindobj::del(moveobj far*)
 110C:116D idle  mindobj::renewframe()
 110C:121F idle  mindobj::renewxy()
 110C:1456 idle  mindobj::show()
 10AE:006B       mouse::mouse(screen far*)
 10AE:00E2       mouse::~mouse()
 10AE:0006 idle  mouse::draw()
 10AE:011B idle  mouse::read()
 10AE:01D0 idle  mouse::set()
 10AE:0166 idle  mouse::set_horz_movement(int,int)
 10AE:019B idle  mouse::set_vert_movement(int,int)
 186A:27E6       movefigure::
 186A:2608       movefigure::movefigure(sprite far*)
 186A:284D       movefigure::~movefigure()
 186A:2802       movefigure::show()
 110C:1839       moveobj::
 110C:00A1       moveobj::moveobj(sprite far*)
 110C:000D idle  moveobj::moveobj()
 110C:0142       moveobj::~moveobj()
 110C:0B0D idle  moveobj::operator +=(moveobj far&)
 110C:0A55 idle  moveobj::operator [](int)
 110C:02B7 idle  moveobj::animate()
 110C:1703       moveobj::del(int)
 110C:065B       moveobj::del(moveobj far*)
 110C:05D4 idle  moveobj::delall()
 110C:17BD       moveobj::destroy(int)
 1F08:000C       moveobj::lim
 186A:267A       moveobj::makesupervisor(sprite far*)
 110C:07AB       moveobj::new(moveobj far*,int)
 110C:1851       moveobj::renewframe()
 110C:08A1 idle  moveobj::renewrect()
 110C:186E       moveobj::renewtimelive()
 110C:093B       moveobj::renewxy()
 110C:09D8 idle  moveobj::set(float,float,float,float,float,float)
 110C:01CD idle  moveobj::show()
 110C:0259 idle  moveobj::showall()
 1F08:0006 idle  moveobj::speed_unit
 1F08:0000 idle  moveobj::supervisorcounter
 1F08:000A idle  moveobj::totalanimatedobject
 1F08:0002 idle  moveobj::windowx
 1F08:0004 idle  moveobj::windowy
 110C:0461 idle  movetxt::animate()
 110C:1537 idle  movetxt::show()
 1037:057E       msg(char far*,int)
 1037:02C4       msgtext(char far*,char far*,char far*,int,int)
 1037:0005       msgtextminmaxvalue(char far*,int,int,int,int)
 186A:1805       music(int,int)
 16E0:080F       newline()
 0000:781C       ofstream::ofstream()
 0000:78EF       ofstream::~ofstream()
 0AFE:06CE       ofstream::open(const char far*,int,int)
 1416:07D8       open_text_book()
 0000:79A9       ostream::ostream()
 0000:7A2E       ostream::~ostream()
 0000:7AB3       ostream::flush()
 0000:7AF8       ostream::seekp(long)
 0000:7B55       ostream::tellp()
 0D8C:28DA       ostream::write(const unsigned char far*,int)
 0000:7BCB       ostream::write(const char far*,int)
 0AB0:004A idle  page(int,char)
 0BAF:000F idle  pixel(int,int,int)
 0839:02A8       playfreq(int,int,int)
 12D5:000D       playnote(int,int,int)
 16E0:08B6 idle  printzaglav()
 186A:18D6 idle  programmeditor()
 0AB0:0086 idle  putpixel(int,int,char)
 0AB0:0069 idle  putpixel(int,int,char,char,char)
 0839:0661       putrec(int,unsigned long,int)
 0839:06F1 idle  putrecord(int,unsigned long)
 0C9D:08F3       random(int)
 1416:19A2       randomize()
 16E0:06E7       read_word()
 0D8C:29BF       rect::rect(int,int,int,int)
 0D8C:2A24       rect::rect()
 186A:2742       rect::set(int,int,int,int)
 0C9D:053F       rectable::rectable()
 0C9D:057E       rectable::~rectable()
 0C9D:05B7       rectable::getmaxscore()
 0C9D:02BD       rectable::load()
 0C9D:06EE       rectable::putnewrecord(char far*,unsigned long,unsigned long,unsigned int)
 0C9D:05E3       rectable::putnewrecordnamecolor(char far*,unsigned long,char)
 0C9D:04A2       rectable::save()
 0C9D:0003       rectable::show(int)
 186A:0050 idle  redefine_keys()
 0A26:0063       restorepalette()
 0A26:000A       savepalette()
 0D8C:01AB       screen::screen()
 0D8C:032A       screen::~screen()
 0D8C:18DF       screen::operator <<(double)
 0D8C:1970       screen::operator <<(int)
 0D8C:186F       screen::operator <<(char far*)
 0D8C:1936       screen::operator <<(unsigned int)
 0D8C:18A8       screen::operator <<(unsigned long)
 0D8C:19BD       screen::operator <<(char)
 0D8C:0950 idle  screen::bitblt(int,int,int,int,char far*)
 0D8C:05B2       screen::bitblt(int,int,int,int,char far*,char)
 0D8C:09E6       screen::bitblttp(int,int,int,int,char far*)
 0D8C:03C3 idle  screen::bitblt_part(int,int,int,int,int,int,int,int,char far*,char)
 0D8C:1051       screen::border(int,int,int,int,int)
 0D8C:10F4 idle  screen::center(int,char far*)
 0D8C:114F       screen::clear(int)
 1EB6:0006 idle  screen::constructor_run
 1EB6:0000 idle  screen::countobjects
 0D8C:00A7       screen::decrementpalette()
 1EB6:0002 idle  screen::doublebuffer
 0D8C:0C7E idle  screen::draw_circle(int,int,int,int)
 0D8C:0E32 idle  screen::draw_ellipse(int,int,int,int,int)
 0D8C:0A7D idle  screen::fill_circle(int,int,int,int)
 0D8C:0B57 idle  screen::fill_ellipse(int,int,int,int,int)
 0D8C:27EB       screen::flip_double_buffer()
 0D8C:0130       screen::fontsave()
 0D8C:1190       screen::getcolorregister(unsigned char,char far*,char far*,char far*)
 0D8C:11DF       screen::graphmode()
 0D8C:1293       screen::inputnumber(unsigned int)
 0D8C:1336       screen::inputstring(int,char far*,int)
 0D8C:15FD       screen::line(int,int,int,int,char)
 0D8C:17D5       screen::line_down(int,int,int,char)
 0D8C:1822       screen::line_right(int,int,int,char)
 0D8C:1595       screen::locate(int,int)
 0D8C:15CC       screen::locatexy(int,int)
 0D8C:19F4       screen::pause(int)
 0D8C:1F53 idle  screen::putbignumb(long)
 0D8C:1FE4 idle  screen::putbignumb(long,char)
 0D8C:1A2A       screen::putbigsym(unsigned char,char,char)
 0D8C:1B59 idle  screen::putbigtext(char far*,char)
 0D8C:1BAA idle  screen::putbigtext(char far*,char,char)
 0D8C:1BFD idle  screen::putbigtext(char far*,char,char,char)
 0D8C:1E3A       screen::putnumb(unsigned long)
 0D8C:1EBA       screen::putnumb(unsigned long,char)
 0D8C:1C5E       screen::putpixel(int,int,int)
 0D8C:1CBB idle  screen::putsymbol(int,int,unsigned char)
 0D8C:1D86       screen::putsymbol(unsigned char)
 0D8C:1DD0       screen::puttext(char far*)
 0D8C:20DF       screen::rectangle(int,int,int,int,int)
 0D8C:2085 idle  screen::rectangle(rect far&,int)
 0D8C:0004       screen::scrollup(int)
 0D8C:2228 idle  screen::set320x240mode()
 0C9D:092F       screen::setbkcolor(char)
 0D8C:2998       screen::setcolor(char)
 0D8C:22B7       screen::setcolorregister(unsigned char,char,char,char)
 0D8C:22EA       screen::textmode()
 0D8C:230C idle  screen::update(rect)
 0D8C:23C0       screen::update()
 1EB6:0007 idle  screen::videomemory
 0D8C:2465       screen::wait()
 0D8C:2510 idle  setcolor(int)
 0AB0:000F idle  setcolorregister(char,char,char,char)
 0BAF:0043 idle  setpixel(int,int,unsigned char)
 0C75:0008       settings::settings()
 0C75:0046       settings::~settings()
 0C75:0103       settings::load()
 0C75:007F       settings::save()
 0000:22A9 idle  set_new_handler(void(far*)())
 0839:0188 idle  showhelppage()
 0A26:0817 idle  show_help()
 12D5:0057       sound::sound()
 12D5:0572       sound::~sound()
 2061:0000 idle  sound::countobject
 12D5:0305       sound::load(char far*,int)
 12D5:0205       sound::play(int,int)
 12D5:0193 idle  sound::sndplay(sndstruct far&)
 12D5:014D idle  sound::soundstatus()
 12D5:02C5 idle  sound::stop()
 12D5:0511 idle  sound::unload(int)
 0839:0734       soundmodule(int)
 1334:00F2       sprite::sprite(screen far*,int)
 1334:01C8       sprite::~sprite()
 2095:0000 idle  sprite::countobject
 1334:0005 idle  sprite::create(sprite::image far&)
 1334:0913 idle  sprite::delete(int)
 1334:0280 idle  sprite::find(int)
 1334:02D6 idle  sprite::find_free()
 1334:0338       sprite::getimage(int)
 1334:0390 idle  sprite::load(char far*,unsigned long,sprite::image)
 1334:04DE       sprite::loadspriteform(char far*,sprite::image far&)
 1334:063A       sprite::modifycolor(int,char)
 1334:06D8       sprite::scroll(int,int,int)
 1334:08E8       sprite::show(int,int,int,int)
 1334:0838 idle  sprite::showdirect(int,int,int,int)
 1334:0A3F       sprite::image::read(int,int)
 1334:09D4 idle  sprite::image::write(int,int,unsigned char)
 0839:06C2       startrecord()
 16E0:099F       step_back()
 0000:7C6F       streambuf::streambuf()
 0000:7EA3       streambuf::~streambuf()
 0000:7C1E       streambuf::doallocate()
 0000:7D43       streambuf::do_sgetn(char far*,int)
 0000:7DFA       streambuf::do_sputn(const char far*,int)
 0000:7F1F       streambuf::overflow(int)
 0000:7F2E       streambuf::pbackfail(int)
 0000:80EA       streambuf::seekoff(long,seek_dir,int)
 0000:80FC       streambuf::seekpos(long,int)
 0000:7F70       streambuf::setb(char far*,char far*,int)
 0000:7F3D       streambuf::setbuf(char far*,int)
 0000:8026       streambuf::setg(char far*,char far*,char far*)
 0000:8097       streambuf::setp(char far*,char far*)
 0000:8127       streambuf::sputn(const char far*,int)
 0000:81A4       streambuf::sync()
 0000:81F7       streambuf::underflow()
 1295:0000 idle  swap(int far&,int far&)
 15B6:0433       tetris::tetris()
 186A:03E8 idle  tetris::~tetris()
 186A:0445 idle  tetris::game()
 15B6:05F5 idle  tetris::generatefigurecolor()
 0AFE:0427       tetris::load(char far*)
 1416:14CC       tetris::menu()
 15B6:000D       tetris::newfiguregenerate()
 15B6:0187       tetris::nextfigureshow()
 0AFE:05BF       tetris::save(char far*)
 0AFE:000F       tetris::settings1()
 0AFE:01CB       tetris::settings2()
 1635:0001       tetrishelp()
 0A26:00BC       tetrisstart()
 16E0:0A78       texteditor()
 10CE:0050 idle  timer::timer(float)
 10CE:0210 idle  timer::~timer()
 1EC8:0000 idle  timer::countobjects
 0D8C:2946       timer::gettotalcounter()
 1EC8:0002 idle  timer::max_freq
 1EC8:0006 idle  timer::min_freq
 10CE:00D5       timer::restart(float)
 1416:0789       tolowerregister(unsigned char far*)
 16E0:000B idle  videoeffect()
 0D8C:24E1 idle  _setcolor(screen far&,int)
 0D8C:249C idle  _setlocate(screen far&,int)
 0000:263D       _vector_delete_(void far*,unsigned int,unsigned long,unsigned int,...)
 0000:28C1       _vector_new_(void far*,unsigned int,unsigned long,unsigned int,...)
 2304:0000 idle  DATASEG@
 0000:0284       DGROUP@
 1AF4:0306       E087_ENTRY
 1AF4:03C6       E087_SHORTCUT
 1AF4:0430       E087_TRAP
 0000:0000 idle  FIARQQ
 0000:0000 idle  FICRQQ
 0000:0000  Abs  FIDRQQ
 0000:0000  Abs  FIERQQ
 0000:0000  Abs  FISRQQ
 0000:0000  Abs  FIWRQQ
 0000:0000 idle  FJARQQ
 0000:0000 idle  FJCRQQ
 0000:0000  Abs  FJSRQQ
 0000:1CE5 idle  FTOL@
 0000:1CE5       F_FTOL@
 0000:1F5C idle  F_LDIV@
 0000:1F6B idle  F_LMOD@
 0000:1F63 idle  F_LUDIV@
 0000:1F73 idle  F_LUMOD@
 0000:200A idle  F_LXLSH@
 0000:4193       F_OVERFLOW@
 0000:202B idle  F_PADD@
 0000:205A idle  F_PSUB@
 0000:1EDB       F_SCOPY@
 0000:1F5C idle  LDIV@
 0000:1F6B idle  LMOD@
 0000:1F63 idle  LUDIV@
 0000:1F73 idle  LUMOD@
 0000:200A idle  LXLSH@
 0000:1F59       N_LDIV@
 0000:1F68       N_LMOD@
 0000:1F60 idle  N_LUDIV@
 0000:1F70 idle  N_LUMOD@
 0000:2007       N_LXLSH@
 0000:2388       N_LXMUL@
 0000:4193 idle  N_OVERFLOW@
 0000:2028       N_PADD@
 0000:239F       N_PCMP@
 0000:2057 idle  N_PSUB@
 0000:4193 idle  OVERFLOW@
 0000:202B idle  PADD@
 0000:205A idle  PSUB@
 0000:1EDB idle  SCOPY@
 0000:026D       _ABORT
 0000:0AC8 idle  _ADDFAR
 0000:1D11 idle  _ATEXIT
 0000:4273 idle  _ATOI
 0000:41F2       _ATOL
 0000:02E7 idle  _AUDIOCAPABILITIES
 0000:036B       _AUDIOPENDINGSTATUS
 2224:05D0       _BACKGROUND
 2224:0045 idle  _BASEACCELERAT
 1B51:0B32 idle  _BASEFREQCHANGE
 2224:0041 idle  _BASESPEED
 21C3:000E idle  _BIG
 1E1C:0805       _BIGSYMSCALE
 21C3:002F idle  _BIG_LEN
 1F0F:0010 idle  _BUF
 0000:040F idle  _CHECKIN
 0000:0B83 idle  _CHECKMIDIIN
 0000:42AF       _CLOSE
 21C3:0032       _CODE13
 0000:1C86       _COS
 0000:32C2 idle  _CPRINTF
 21C3:0000       _CR
 1E1C:0807 idle  _CRTCPARMS
 2224:0049       _CURRENT_MUSIC
 21C3:009B       _CURSOR_HEI
 21C3:0099       _CURSOR_LEN
 2304:057C       _DAYLIGHT
 13DE:009B       _DEINITDIGPAK
 0000:04E2       _DEINITDP
 13DE:0265       _DEINITMIDPAK
 0000:0C2D       _DEINITMP
 1DA6:0004 idle  _DIGITS
 0000:0BB9       _DIGPAKAVAILABLE
 0000:02ED idle  _DIGPAKIDENTITYSTRING
 0000:0288 idle  _DIGPLAY
 0000:02C1 idle  _DIGPLAY2
 0000:02D4 idle  _DIGPLAYLOOP
 2304:04FF       _DIRECTVIDEO
 0000:57F8       _DOSTOUNIX
 2097:001E idle  _END_OF_FILE
 2304:053E       _ENVIRON
 0000:4315       _EOF
 2304:007F       _ERRNO
 0000:0C19 idle  _EVENTIDADDRESS
 0000:1E50       _EXIT
 0000:0819 idle  _FARCAT
 0000:0959 idle  _FARCOMPARE
 0000:0800 idle  _FARCOP
 0000:3613       _FARFREE
 0000:0907 idle  _FARLEN
 0000:3727       _FARMALLOC
 0000:0AB0 idle  _FARMOV
 0000:388B idle  _FARREALLOC
 0000:439E       _FCLOSE
 0000:445D       _FFLUSH
 0000:086E idle  _FFREE
 0000:4C55 idle  _FGETC
 0000:4D4A idle  _FGETCHAR
 0000:1EA7       _FGETPOS
 2097:00FE       _FILESIZE
 2097:0048 idle  _FILE_BUF
 0000:0689       _FLOAD
 0000:0720       _FLOADPARA
 0000:4531       _FLUSHALL
 0000:083A idle  _FMALLOC
 1E1C:0000 idle  _FONT
 1E1C:0005       _FONT8X8
 0000:4784       _FOPEN
 0000:47C0       _FPRINTF
 0000:509F idle  _FPUTC
 0000:5241 idle  _FPUTCHAR
 0000:48DE       _FREAD
 0000:3613       _FREE
 0000:49FC       _FSEEK
 0000:4A83       _FTELL
 1B51:0B39 idle  _FUNCTIONAL_KEYS
 0000:3AC4       _GETCH
 0000:3AF6 idle  _GETCHE
 0000:1EF7       _GETDATE
 0000:4D60       _GETENV
 0000:07E9 idle  _GETKEY
 0000:3B65       _GETTEXT
 0000:1F11       _GETTIME
 0000:08AF idle  _GETTIMERINTERRUPTVECTOR
 0000:1F2B       _GETVECT
 0000:0987 idle  _IFEXISTS
 2097:008E       _IFL
 13DE:0065       _INITDIGPAK
 0000:0471       _INITDP
 13DE:020C       _INITMIDPAK
 0000:0C43       _INITMP
 1EBE:000A idle  _INT08H_OLD
 0000:3C1F       _IOCTL
 0000:20E7       _ISATTY
 1F0F:1398 idle  _ISPLAY
 1B51:0502 idle  _ISPLAY1
 1B51:0504 idle  _ISPLAY2
 0000:3C4F       _KBHIT
 1DC8:000E       _KEYB
 2224:025A idle  _KEYDOWNPRESS
 0000:07D9 idle  _KEYSTAT
 13DE:000B       _LOADDIGPAK
 13DE:012F       _LOADMIDPAK
 0000:21AF       _LSEEK
 186A:1BA8       _MAIN
 0000:0B07 idle  _MAKEFP
 0000:0B14 idle  _MAKESEG
 0000:371D       _MALLOC
 1E1C:0823 idle  _MANIP
 0000:02AE idle  _MASSAGEAUDIO
 0000:18D5       _MATHERR
 2224:003D idle  _MAXSCORE
 0000:08EB idle  _MDELETE
 1410:0006       _MEMALLOC
 0000:4DDC       _MEMCPY
 1410:003E       _MEMFREE
 0000:4E2E       _MEMSET
 2097:0104 idle  _METHOD_BACK
 2097:0102 idle  _METHOD_NEXT
 0000:056C idle  _MFCLOSE
 0000:04F8 idle  _MFOPEN
 0000:0584 idle  _MFPOS
 0000:05B5 idle  _MFREAD
 0000:0596 idle  _MFSEEK
 0000:061F idle  _MFWRITE
 0000:0BD1 idle  _MIDIAWAKE
 0000:0BCB idle  _MIDISLEEP
 0000:0B5B       _MIDISTOP
 0000:0B61 idle  _MIDPAKCLOCK
 0000:0B67 idle  _MIDPAKCLOCKADDRESS
 1D32:000C idle  _MODE
 1D32:000E idle  _MODE_PAUSE
 1B51:0B33 idle  _MODE_PLAY
 21C3:0030       _MODE_PRINTER
 21C3:0031       _MODE_RANDOMCHANGECHAPTER
 1D32:0010 idle  _MODE_READY_PAUSE
 1B51:0B35 idle  _MODE_REC
 2224:0444 idle  _MOUSE
 2224:05E0 idle  _MOVEFIG
 0000:3C68       _MOVETEXT
 2097:014A idle  _NEED_FIND
 2167:000C idle  _NEXTFIGURELIST
 0000:03E0 idle  _NULLSOUND
 1B51:1705 idle  _OLD_KEYS
 0000:4E8F       _OPEN
 21C3:0006       _PAUSE
 0000:038F       _PENDINGADDRESS
 1D25:000A idle  _PI
 0000:0B1E       _PLAYSEQUENCE
 1B51:0B37 idle  _PLAY_COUNTER
 0000:0C0D idle  _POLLMIDPAK
 0000:0358       _POSTAUDIOPENDING
 0000:19CD       _POW
 0000:18C3       _POW10
 0000:3D0C       _PUTCH
 0000:3BC2       _PUTTEXT
 0000:23D8       _RAND
 0000:5564       _READ
 0000:3884 idle  _REALLOC
 1B51:0530 idle  _REAL_REC
 1B51:0532 idle  _RECORD
 2224:004B       _RECTABLE
 0000:0B3F       _REGISTERXMIDI
 0000:0BFB idle  _REGISTERXMIDIFILE
 0000:0BE3 idle  _RELATIVEVOLUME
 0000:0B71 idle  _REMAPCHANNEL
 0000:0348 idle  _REPORTCALLBACKADDRESS
 0000:0BBF idle  _REPORTCALLBACKTRIGGER
 0000:03DA       _REPORTDMAC
 0000:0315 idle  _REPORTSAMPLE
 0000:0395 idle  _REPORTSEMAPHOREADDRESS
 0000:0C1F idle  _REPORTSEQUENCENUMBER
 0000:039D idle  _REPORTVERSIONNUMBER
 0000:0BC5 idle  _RESETCALLBACKCOUNTER
 0000:0BD7 idle  _RESUMEPLAYING
 2097:0311 idle  _RUNLINE3
 2097:0000       _RUNLX
 2097:0106 idle  _RUS1
 2097:0127 idle  _RUS2
 2097:0148 idle  _RUS_SIZE
 1DA6:006B idle  _SCALEX_TEXT
 1DA6:006D idle  _SCALEY_TEXT
 2224:043A       _SCR
 0000:0B2D idle  _SEGUESEQUENCE
 0000:0BDD       _SEQUENCESTATUS
 0000:0333 idle  _SETAUDIOHARDWARE
 0000:03CB       _SETBACKFILLMODE
 0000:4106       _SETBLOCK
 0000:031B idle  _SETCALLBACKADDRESS
 0000:2441       _SETDATE
 0000:4E03       _SETMEM
 0000:0380 idle  _SETPLAYMODE
 0000:03BC idle  _SETRECORDMODE
 0000:0BE9       _SETRELATIVEVOLUME
 0000:0371 idle  _SETSTEREOPAN
 0000:245D       _SETTIME
 0000:03AD idle  _SETTIMERDIVISORRATE
 0000:08BD idle  _SETTIMERINTERRUPTVECTOR
 2224:0006       _SETTINGS
 0000:5567       _SETVBUF
 0000:1F41       _SETVECT
 21C3:000C       _SHOW_DEBUG
 21C3:000A idle  _SHOW_DEBUG_TIME
 2097:0004       _SHOW_TASK_LIST
 0000:1B67       _SIN
 1B51:0506 idle  _SND1
 1B51:0512 idle  _SND2
 2224:096C idle  _SONG
 2224:0994 idle  _SONG_LEN
 2224:0455       _SOUND
 0000:02A8 idle  _SOUNDSTATUS
 2224:0258 idle  _SOUNDVOLUME
 0000:56D9       _SPRINTF
 2224:05C0       _SPRITE
 1DA4:0014       _SPRITEBOX
 1DA4:0004       _SPRITEFIGURE
 0000:1906       _SQRT
 0000:23C0       _SRAND
 21C3:0074 idle  _START_CHAPTER_POSITION
 2097:0006       _STEPRUNLX
 0000:2578 idle  _STIME
 0000:03A7 idle  _STOPNEXTLOOP
 0000:032D idle  _STOPSOUND
 0000:572A       _STRCAT
 0000:576E       _STRCPY
 0000:579C       _STRLEN
 0000:57C2       _STRNCPY
 2097:000A idle  _STR_FIND
 21C3:0004       _SYMBOLCOUNT
 1DA6:002C idle  _SYMBOL_DVOE
 1DA6:0056 idle  _SYMBOL_MINUS
 1DA6:0041 idle  _SYMBOL_POINT
 1B51:0BC1 idle  _TABLE0
 1B51:0F81 idle  _TABLE1
 1B51:1341 idle  _TABLE2
 0000:0A6C idle  _TCOLOR
 2224:025C       _TETRIS
 0000:0A9B idle  _TEXTCURSOR
 2097:0008       _TEXT_LOOP
 0000:25BF       _TIME
 1EBE:0000       _TIMER
 2304:0578       _TIMEZONE
 0000:09AB idle  _TPRINT
 0000:0C13 idle  _TRIGGERCOUNTADDRESS
 2304:0570 idle  _TZNAME
 0000:5B51       _TZSET
 0000:0921 idle  _UCASE
 0000:3B27 idle  _UNGETCH
 0000:5939       _UNIXTODOS
 0000:261E       _UNLINK
 13DE:00D8       _UNLOADDIGPAK
 13DE:02A7       _UNLOADMIDPAK
 0000:03FB idle  _VERIFYDMA
 0000:5702 idle  _VSPRINTF
 0000:034E idle  _WAITSOUND
 1E1C:081B       _WAIT_FLAG1
 1E1C:081F       _WAIT_FLAG2
 0000:41B6 idle  _WHEREX
 0000:41D2 idle  _WHEREY
 21C3:0033       _WORD
 21C3:016E idle  _WORDS
 21C3:00E6 idle  _WORDS_GOD
 21C3:021E idle  _WORDS_IISUS
 21C3:0002       _WORD_COUNT
 21C3:0073       _WORD_LEN
 0000:6016       _WRITE
 0000:0886 idle  _WRITELN
 21C3:0078       _ZAGLAV
 2304:00A0       __8087
 0000:1000 idle  __AHINCR
 0000:000C  Abs  __AHSHIFT
 2304:00B6       __ATEXITCNT
 2304:00B8       __ATEXITTBL
 0000:39B4       __BRK
 2304:0089       __BRKLVL
 2304:006B idle  __C0ARGC
 2304:006D idle  __C0ARGV
 0000:33C2 idle  __C0CRTINIT
 2304:0071       __C0ENVIRON
 2304:053D       __CCHAR
 0000:1E7F idle  __CEXIT
 2304:053C       __CFLAG
 0000:0158       __CHECKNULL
 0000:428B       __CHMOD
 0000:0145       __CLEANUP
 0000:42EA       __CLOSE
 0000:3130       __CPUTN
 0000:33E6 idle  __CRTINIT
 2304:0138       __CTYPE
 0000:0000  Abs  __CVTFAK
 0000:1E94 idle  __C_EXIT
 2304:00B4       __DEFAULT87
 2304:0406       __DOSERRNO
 0000:20CE       __DOSERROR
 2304:0408 idle  __DOSERRORTOSV
 0000:1D5E       __DOS_GETFILEATTR
 0000:1DA9       __DOS_GETVECT
 0000:1D85 idle  __DOS_SETFILEATTR
 0000:1DBF idle  __DOS_SETVECT
 2366:0000       __EMU
 2304:0075       __ENVLNG
 2304:0077       __ENVSEG
 2304:0079       __ENVSIZE
 0000:1E66       __EXIT
 2304:023A       __EXITBUF
 2304:023E       __EXITFOPEN
 2304:0242 idle  __EXITOPEN
 0000:1951 idle  __EXPL
 0000:4C36       __FGETC
 0000:8087 idle  __FLOATCONVERT
 0000:60A2       __FMEMCPY
 2304:0400       __FMODE
 0000:171A       __FPERROR
 2304:0404       __FPSTKLEN
 0000:0ECD idle  __FPUINT
 0000:507C idle  __FPUTC
 0000:525F       __FPUTN
 0000:60C9       __FSTRCMP
 0000:472B idle  __GETFP
 2304:0085       __HEAPBASE
 2304:008D       __HEAPTOP
 22E2:000A       __HUGE_DBLE
 22E2:0006 idle  __HUGE_FLT
 22E2:0012 idle  __HUGE_LDBLE
 22E2:001C idle  __INDEFINITE
 2304:005B idle  __INT0VECTOR
 2304:005F idle  __INT4VECTOR
 2304:0063 idle  __INT5VECTOR
 2304:0067 idle  __INT6VECTOR
 0000:2088       __IOERROR
 0000:5D71       __ISDST
 2304:00B1       __LDT
 0000:0ED1       __LDTRUNC
 0000:20FF       __LONGTOA
 0000:1BC6       __MATHERR
 22E4:000A       __MATHWHY
 0000:21E5       __MKNAME
 0000:0286 idle  __MMODEL
 2304:0556 idle  __MONTHDAY
 2304:0478       __NEW_HANDLER
 0000:4C52 idle  __NFGETC
 2304:03D6       __NFILE
 0000:3AF3 idle  __NGETCHE
 2304:0402       __NOTUMASK
 0000:3B24 idle  __NUNGETCH
 0000:5020       __OPEN
 2304:03D8       __OPENFD
 0000:4653 idle  __OPENFP
 2304:007D idle  __OSMAJOR
 2304:007E idle  __OSMINOR
 2304:007D idle  __OSVERSION
 0000:17EE       __POW10
 2304:00B0       __PROTECTED
 2304:007B       __PSP
 0000:2405       __READ
 0000:3D2A       __REALCVT
 2304:0592       __REALCVTVECTOR
 0000:01AE       __RESTOREZERO
 0000:3A06       __SBRK
 2304:0596 idle  __SCANTODVECTOR
 0000:3E9B       __SCREENIO
 0000:3F81       __SCROLL
 0000:0000 idle  __SETENVP__
 0000:2479       __SETUPIO
 2304:0081 idle  __STARTTIME
 2304:0484       __STKLEN
 0000:30F5       __STPCPY
 2304:0246       __STREAMS
 0000:0159       __TERMINATE
 22E2:0020 idle  __TINY_LDBLE
 0000:2249 idle  __TMPNAM
 0000:0000 idle  __TURBOCRT
 0000:0000  Abs  __TURBOCVT
 0000:8087  Abs  __TURBOFLOAT
 0000:2188       __UTOA
 0000:3EEA       __VALIDATEXY
 2304:007D       __VERSION
 2304:04F0       __VIDEO
 0000:332E       __VIDEOINT
 0000:2B78       __VPRINTER
 0000:3030       __VPTR
 0000:306E       __VRAM
 0000:41A5       __WHEREXY
 0000:5FC7       __WRITE
 2304:04EE       __WSCROLL
 0000:1507       __XCVT
 0000:6019       __XFCLOSE
 0000:6061       __XFFLUSH
 0000:34D3 idle  ___FIRST
 0000:0DFC idle  ___FPRESET
 0000:34D5 idle  ___LAST
 0000:5475       ___READ
 0000:34D7 idle  ___ROVER
 2304:0480       ___SIGNALPTR
 0000:5E57       ___WRITE

  Address         Publics by Value

 0000:0000  Abs  FIWRQQ
 0000:0000  Abs  FIERQQ
 0000:0000  Abs  FIDRQQ
 0000:0000  Abs  __TURBOCVT
 0000:0000 idle  FIARQQ
 0000:0000 idle  FICRQQ
 0000:0000  Abs  FISRQQ
 0000:0000 idle  FJARQQ
 0000:0000 idle  FJCRQQ
 0000:0000  Abs  FJSRQQ
 0000:0000 idle  __TURBOCRT
 0000:0000  Abs  __CVTFAK
 0000:0000 idle  __SETENVP__
 0000:000C  Abs  __AHSHIFT
 0000:0145       __CLEANUP
 0000:0158       __CHECKNULL
 0000:0159       __TERMINATE
 0000:01AE       __RESTOREZERO
 0000:026D       _ABORT
 0000:0284       DGROUP@
 0000:0286 idle  __MMODEL
 0000:0288 idle  _DIGPLAY
 0000:02A8 idle  _SOUNDSTATUS
 0000:02AE idle  _MASSAGEAUDIO
 0000:02C1 idle  _DIGPLAY2
 0000:02D4 idle  _DIGPLAYLOOP
 0000:02E7 idle  _AUDIOCAPABILITIES
 0000:02ED idle  _DIGPAKIDENTITYSTRING
 0000:0315 idle  _REPORTSAMPLE
 0000:031B idle  _SETCALLBACKADDRESS
 0000:032D idle  _STOPSOUND
 0000:0333 idle  _SETAUDIOHARDWARE
 0000:0348 idle  _REPORTCALLBACKADDRESS
 0000:034E idle  _WAITSOUND
 0000:0358       _POSTAUDIOPENDING
 0000:036B       _AUDIOPENDINGSTATUS
 0000:0371 idle  _SETSTEREOPAN
 0000:0380 idle  _SETPLAYMODE
 0000:038F       _PENDINGADDRESS
 0000:0395 idle  _REPORTSEMAPHOREADDRESS
 0000:039D idle  _REPORTVERSIONNUMBER
 0000:03A7 idle  _STOPNEXTLOOP
 0000:03AD idle  _SETTIMERDIVISORRATE
 0000:03BC idle  _SETRECORDMODE
 0000:03CB       _SETBACKFILLMODE
 0000:03DA       _REPORTDMAC
 0000:03E0 idle  _NULLSOUND
 0000:03FB idle  _VERIFYDMA
 0000:040F idle  _CHECKIN
 0000:0471       _INITDP
 0000:04E2       _DEINITDP
 0000:04F8 idle  _MFOPEN
 0000:056C idle  _MFCLOSE
 0000:0584 idle  _MFPOS
 0000:0596 idle  _MFSEEK
 0000:05B5 idle  _MFREAD
 0000:061F idle  _MFWRITE
 0000:0689       _FLOAD
 0000:0720       _FLOADPARA
 0000:07D9 idle  _KEYSTAT
 0000:07E9 idle  _GETKEY
 0000:0800 idle  _FARCOP
 0000:0819 idle  _FARCAT
 0000:083A idle  _FMALLOC
 0000:086E idle  _FFREE
 0000:0886 idle  _WRITELN
 0000:08AF idle  _GETTIMERINTERRUPTVECTOR
 0000:08BD idle  _SETTIMERINTERRUPTVECTOR
 0000:08EB idle  _MDELETE
 0000:0907 idle  _FARLEN
 0000:0921 idle  _UCASE
 0000:0959 idle  _FARCOMPARE
 0000:0987 idle  _IFEXISTS
 0000:09AB idle  _TPRINT
 0000:0A6C idle  _TCOLOR
 0000:0A9B idle  _TEXTCURSOR
 0000:0AB0 idle  _FARMOV
 0000:0AC8 idle  _ADDFAR
 0000:0B07 idle  _MAKEFP
 0000:0B14 idle  _MAKESEG
 0000:0B1E       _PLAYSEQUENCE
 0000:0B2D idle  _SEGUESEQUENCE
 0000:0B3F       _REGISTERXMIDI
 0000:0B5B       _MIDISTOP
 0000:0B61 idle  _MIDPAKCLOCK
 0000:0B67 idle  _MIDPAKCLOCKADDRESS
 0000:0B71 idle  _REMAPCHANNEL
 0000:0B83 idle  _CHECKMIDIIN
 0000:0BB9       _DIGPAKAVAILABLE
 0000:0BBF idle  _REPORTCALLBACKTRIGGER
 0000:0BC5 idle  _RESETCALLBACKCOUNTER
 0000:0BCB idle  _MIDISLEEP
 0000:0BD1 idle  _MIDIAWAKE
 0000:0BD7 idle  _RESUMEPLAYING
 0000:0BDD       _SEQUENCESTATUS
 0000:0BE3 idle  _RELATIVEVOLUME
 0000:0BE9       _SETRELATIVEVOLUME
 0000:0BFB idle  _REGISTERXMIDIFILE
 0000:0C0D idle  _POLLMIDPAK
 0000:0C13 idle  _TRIGGERCOUNTADDRESS
 0000:0C19 idle  _EVENTIDADDRESS
 0000:0C1F idle  _REPORTSEQUENCENUMBER
 0000:0C2D       _DEINITMP
 0000:0C43       _INITMP
 0000:0DFC idle  ___FPRESET
 0000:0ECD idle  __FPUINT
 0000:0ED1       __LDTRUNC
 0000:1000 idle  __AHINCR
 0000:1507       __XCVT
 0000:171A       __FPERROR
 0000:17EE       __POW10
 0000:18C3       _POW10
 0000:18D5       _MATHERR
 0000:1906       _SQRT
 0000:1951 idle  __EXPL
 0000:19CD       _POW
 0000:1B67       _SIN
 0000:1BC6       __MATHERR
 0000:1C86       _COS
 0000:1CE5       F_FTOL@
 0000:1CE5 idle  FTOL@
 0000:1D11 idle  _ATEXIT
 0000:1D45       operator delete(void far*)
 0000:1D5E       __DOS_GETFILEATTR
 0000:1D85 idle  __DOS_SETFILEATTR
 0000:1DA9       __DOS_GETVECT
 0000:1DBF idle  __DOS_SETVECT
 0000:1E50       _EXIT
 0000:1E66       __EXIT
 0000:1E7F idle  __CEXIT
 0000:1E94 idle  __C_EXIT
 0000:1EA7       _FGETPOS
 0000:1EDB       F_SCOPY@
 0000:1EDB idle  SCOPY@
 0000:1EF7       _GETDATE
 0000:1F11       _GETTIME
 0000:1F2B       _GETVECT
 0000:1F41       _SETVECT
 0000:1F59       N_LDIV@
 0000:1F5C idle  LDIV@
 0000:1F5C idle  F_LDIV@
 0000:1F60 idle  N_LUDIV@
 0000:1F63 idle  F_LUDIV@
 0000:1F63 idle  LUDIV@
 0000:1F68       N_LMOD@
 0000:1F6B idle  F_LMOD@
 0000:1F6B idle  LMOD@
 0000:1F70 idle  N_LUMOD@
 0000:1F73 idle  LUMOD@
 0000:1F73 idle  F_LUMOD@
 0000:2007       N_LXLSH@
 0000:200A idle  LXLSH@
 0000:200A idle  F_LXLSH@
 0000:2028       N_PADD@
 0000:202B idle  F_PADD@
 0000:202B idle  PADD@
 0000:2057 idle  N_PSUB@
 0000:205A idle  F_PSUB@
 0000:205A idle  PSUB@
 0000:2088       __IOERROR
 0000:20CE       __DOSERROR
 0000:20E7       _ISATTY
 0000:20FF       __LONGTOA
 0000:2188       __UTOA
 0000:21AF       _LSEEK
 0000:21E5       __MKNAME
 0000:2249 idle  __TMPNAM
 0000:22A9 idle  set_new_handler(void(far*)())
 0000:22DA       operator new(unsigned int)
 0000:2323       operator new(unsigned long)
 0000:2388       N_LXMUL@
 0000:239F       N_PCMP@
 0000:23C0       _SRAND
 0000:23D8       _RAND
 0000:2405       __READ
 0000:2441       _SETDATE
 0000:245D       _SETTIME
 0000:2479       __SETUPIO
 0000:2578 idle  _STIME
 0000:25BF       _TIME
 0000:261E       _UNLINK
 0000:263D       _vector_delete_(void far*,unsigned int,unsigned long,unsigned int,...)
 0000:28C1       _vector_new_(void far*,unsigned int,unsigned long,unsigned int,...)
 0000:2B78       __VPRINTER
 0000:3030       __VPTR
 0000:306E       __VRAM
 0000:30F5       __STPCPY
 0000:3130       __CPUTN
 0000:32C2 idle  _CPRINTF
 0000:332E       __VIDEOINT
 0000:33C2 idle  __C0CRTINIT
 0000:33E6 idle  __CRTINIT
 0000:34D3 idle  ___FIRST
 0000:34D5 idle  ___LAST
 0000:34D7 idle  ___ROVER
 0000:3613       _FARFREE
 0000:3613       _FREE
 0000:371D       _MALLOC
 0000:3727       _FARMALLOC
 0000:3884 idle  _REALLOC
 0000:388B idle  _FARREALLOC
 0000:39B4       __BRK
 0000:3A06       __SBRK
 0000:3AC4       _GETCH
 0000:3AF3 idle  __NGETCHE
 0000:3AF6 idle  _GETCHE
 0000:3B24 idle  __NUNGETCH
 0000:3B27 idle  _UNGETCH
 0000:3B65       _GETTEXT
 0000:3BC2       _PUTTEXT
 0000:3C1F       _IOCTL
 0000:3C4F       _KBHIT
 0000:3C68       _MOVETEXT
 0000:3D0C       _PUTCH
 0000:3D2A       __REALCVT
 0000:3E9B       __SCREENIO
 0000:3EEA       __VALIDATEXY
 0000:3F81       __SCROLL
 0000:4106       _SETBLOCK
 0000:4193       F_OVERFLOW@
 0000:4193 idle  N_OVERFLOW@
 0000:4193 idle  OVERFLOW@
 0000:41A5       __WHEREXY
 0000:41B6 idle  _WHEREX
 0000:41D2 idle  _WHEREY
 0000:41F2       _ATOL
 0000:4273 idle  _ATOI
 0000:428B       __CHMOD
 0000:42AF       _CLOSE
 0000:42EA       __CLOSE
 0000:4315       _EOF
 0000:439E       _FCLOSE
 0000:445D       _FFLUSH
 0000:4531       _FLUSHALL
 0000:4653 idle  __OPENFP
 0000:472B idle  __GETFP
 0000:4784       _FOPEN
 0000:47C0       _FPRINTF
 0000:48DE       _FREAD
 0000:49FC       _FSEEK
 0000:4A83       _FTELL
 0000:4C36       __FGETC
 0000:4C52 idle  __NFGETC
 0000:4C55 idle  _FGETC
 0000:4D4A idle  _FGETCHAR
 0000:4D60       _GETENV
 0000:4DDC       _MEMCPY
 0000:4E03       _SETMEM
 0000:4E2E       _MEMSET
 0000:4E8F       _OPEN
 0000:5020       __OPEN
 0000:507C idle  __FPUTC
 0000:509F idle  _FPUTC
 0000:5241 idle  _FPUTCHAR
 0000:525F       __FPUTN
 0000:5475       ___READ
 0000:5564       _READ
 0000:5567       _SETVBUF
 0000:56D9       _SPRINTF
 0000:5702 idle  _VSPRINTF
 0000:572A       _STRCAT
 0000:576E       _STRCPY
 0000:579C       _STRLEN
 0000:57C2       _STRNCPY
 0000:57F8       _DOSTOUNIX
 0000:5939       _UNIXTODOS
 0000:5B51       _TZSET
 0000:5D71       __ISDST
 0000:5E57       ___WRITE
 0000:5FC7       __WRITE
 0000:6016       _WRITE
 0000:6019       __XFCLOSE
 0000:6061       __XFFLUSH
 0000:60A2       __FMEMCPY
 0000:60C9       __FSTRCMP
 0000:60FC       filebuf::close()
 0000:61AA       filebuf::filebuf()
 0000:62C2       filebuf::~filebuf()
 0000:6364       filebuf::overflow(int)
 0000:64BE       filebuf::open(const char far*,int,int)
 0000:6626       filebuf::setbuf(char far*,int)
 0000:66E9       filebuf::seekoff(long,seek_dir,int)
 0000:68A5       filebuf::sync()
 0000:6A46       filebuf::underflow()
 0000:6C04       fstreambase::close()
 0000:6C49       fstreambase::fstreambase()
 0000:6CF8       fstreambase::fstreambase(const char far*,int,int)
 0000:6DC4       fstreambase::~fstreambase()
 0000:6E52       fstreambase::open(const char far*,int,int)
 0000:6EBF       ifstream::ifstream()
 0000:6F92       ifstream::ifstream(const char far*,int,int)
 0000:7054 idle  ifstream::ifstream(const unsigned char far*,int,int)
 0000:713A       ifstream::~ifstream()
 0000:71F4       istream::istream()
 0000:7282       istream::ipfx(int)
 0000:7344       istream::~istream()
 0000:73BC       istream::eatwhite()
 0000:7499       istream::getline(char far*,int,char)
 0000:75D9       istream::read(char far*,int)
 0000:76EC       istream::seekg(long,seek_dir)
 0000:774C       istream::seekg(long)
 0000:77A9       istream::tellg()
 0000:781C       ofstream::ofstream()
 0000:78EF       ofstream::~ofstream()
 0000:79A9       ostream::ostream()
 0000:7A2E       ostream::~ostream()
 0000:7AB3       ostream::flush()
 0000:7AF8       ostream::seekp(long)
 0000:7B55       ostream::tellp()
 0000:7BCB       ostream::write(const char far*,int)
 0000:7C1E       streambuf::doallocate()
 0000:7C6F       streambuf::streambuf()
 0000:7D43       streambuf::do_sgetn(char far*,int)
 0000:7DFA       streambuf::do_sputn(const char far*,int)
 0000:7EA3       streambuf::~streambuf()
 0000:7F1F       streambuf::overflow(int)
 0000:7F2E       streambuf::pbackfail(int)
 0000:7F3D       streambuf::setbuf(char far*,int)
 0000:7F70       streambuf::setb(char far*,char far*,int)
 0000:8026       streambuf::setg(char far*,char far*,char far*)
 0000:8087  Abs  __TURBOFLOAT
 0000:8087 idle  __FLOATCONVERT
 0000:8097       streambuf::setp(char far*,char far*)
 0000:80EA       streambuf::seekoff(long,seek_dir,int)
 0000:80FC       streambuf::seekpos(long,int)
 0000:8127       streambuf::sputn(const char far*,int)
 0000:81A4       streambuf::sync()
 0000:81F7       streambuf::underflow()
 0000:8231       ios::clear(int)
 0000:8272       ios::ios()
 0000:82BE       ios::~ios()
 0000:8315       ios::init(streambuf far*)
 0000:8370       ios::setstate(int)
 0839:000D idle  getfunctionalkeyscan(int)
 0839:0061 idle  getfunctionalkeyscan2(int)
 0839:00B5 idle  keybfunctional(int)
 0839:0143 idle  keybfunctionalclear(int)
 0839:0188 idle  showhelppage()
 0839:02A8       playfreq(int,int,int)
 0839:0323 idle  generatesound()
 0839:0661       putrec(int,unsigned long,int)
 0839:06C2       startrecord()
 0839:06F1 idle  putrecord(int,unsigned long)
 0839:0734       soundmodule(int)
 0839:1542       keyboard::operator [](char)
 098F:000E idle  drawclock2()
 098F:0104 idle  drawstrelka(int,int,int,int,int,int,int,int,double)
 098F:03FD       drawclock()
 0A26:000A       savepalette()
 0A26:0063       restorepalette()
 0A26:00BC       tetrisstart()
 0A26:0817 idle  show_help()
 0AB0:000F idle  setcolorregister(char,char,char,char)
 0AB0:004A idle  page(int,char)
 0AB0:0069 idle  putpixel(int,int,char,char,char)
 0AB0:0086 idle  putpixel(int,int,char)
 0AB0:00D8 idle  fatal_(char far*)
 0AB0:00F5 idle  drawbmp(int,int)
 0AC1:0004       fonteditor(char far*)
 0AFE:000F       tetris::settings1()
 0AFE:01CB       tetris::settings2()
 0AFE:0427       tetris::load(char far*)
 0AFE:05BF       tetris::save(char far*)
 0AFE:0666       ifstream::open(const char far*,int,int)
 0AFE:06A1       ios::operator !()
 0AFE:06CE       ofstream::open(const char far*,int,int)
 0AFE:0709       ios::fail()
 0B71:0002       figure::figure()
 0B71:0073       figure::show()
 0B71:00A5       figure::show(int,int)
 0B71:01B9       figure::show(int)
 0B71:0290       figure::check()
 0BAF:000F idle  pixel(int,int,int)
 0BAF:0043 idle  setpixel(int,int,unsigned char)
 0BAF:00AB idle  graph_draw_digit(int,int,int)
 0BAF:0143 idle  graph_draw_symbol(int,int,char,int)
 0BAF:0160 idle  graph_draw_text(int,int,char far*,int)
 0BAF:01C2 idle  graph_draw_image(int,int,int,int,char far*)
 0BAF:024A       graph_draw_symbol(int,int,char)
 0BAF:02DF       graph_draw_num(int,int,unsigned long)
 0BAF:0355 idle  graph_horz_line(int,int,int)
 0BAF:039F idle  graph_vert_line(int,int,int)
 0BED:0009       glass::glass()
 0BED:0088 idle  glass::showbackground(int)
 0BED:00D9       glass::~glass()
 0BED:0130       glass::clear()
 0BED:018F       glass::make(unsigned int,unsigned int)
 0BED:021E       glass::read(int,int)
 0BED:0285       drawglassbox(int,int,int,int,char)
 0BED:04C3       glass::show()
 0BED:058C idle  glass::showborder()
 0BED:064E       glass::write(int,int,unsigned int)
 0BED:06AF       glass::load(char far*)
 0BED:07BA       glass::save(char far*)
 0C75:0008       settings::settings()
 0C75:0046       settings::~settings()
 0C75:007F       settings::save()
 0C75:0103       settings::load()
 0C9D:0003       rectable::show(int)
 0C9D:02BD       rectable::load()
 0C9D:04A2       rectable::save()
 0C9D:053F       rectable::rectable()
 0C9D:057E       rectable::~rectable()
 0C9D:05B7       rectable::getmaxscore()
 0C9D:05E3       rectable::putnewrecordnamecolor(char far*,unsigned long,char)
 0C9D:06EE       rectable::putnewrecord(char far*,unsigned long,unsigned long,unsigned int)
 0C9D:08F3       random(int)
 0C9D:092F       screen::setbkcolor(char)
 0D32:0006 idle  keyboard::check(unsigned char)
 0D32:0034 idle  keyboard::anykey()
 0D32:007F       keyboard::readscan(unsigned long)
 0D32:0124       keyboard::clear()
 0D32:015E idle  keyboard::keyboard()
 0D32:022C idle  keyboard::~keyboard()
 0D32:0279 idle  keyboard::int09h_new()
 0D32:0493       keyboard::set(char,char)
 0D32:04C3       keyboard::setinputmode(int)
 0D32:04FA       keyboard::superinput()
 0D32:0526       keyboard::standartinput()
 0D8C:0004       screen::scrollup(int)
 0D8C:00A7       screen::decrementpalette()
 0D8C:0130       screen::fontsave()
 0D8C:01AB       screen::screen()
 0D8C:032A       screen::~screen()
 0D8C:03C3 idle  screen::bitblt_part(int,int,int,int,int,int,int,int,char far*,char)
 0D8C:05B2       screen::bitblt(int,int,int,int,char far*,char)
 0D8C:0950 idle  screen::bitblt(int,int,int,int,char far*)
 0D8C:09E6       screen::bitblttp(int,int,int,int,char far*)
 0D8C:0A7D idle  screen::fill_circle(int,int,int,int)
 0D8C:0B57 idle  screen::fill_ellipse(int,int,int,int,int)
 0D8C:0C7E idle  screen::draw_circle(int,int,int,int)
 0D8C:0E32 idle  screen::draw_ellipse(int,int,int,int,int)
 0D8C:1051       screen::border(int,int,int,int,int)
 0D8C:10F4 idle  screen::center(int,char far*)
 0D8C:114F       screen::clear(int)
 0D8C:1190       screen::getcolorregister(unsigned char,char far*,char far*,char far*)
 0D8C:11DF       screen::graphmode()
 0D8C:1293       screen::inputnumber(unsigned int)
 0D8C:1336       screen::inputstring(int,char far*,int)
 0D8C:1595       screen::locate(int,int)
 0D8C:15CC       screen::locatexy(int,int)
 0D8C:15FD       screen::line(int,int,int,int,char)
 0D8C:17D5       screen::line_down(int,int,int,char)
 0D8C:1822       screen::line_right(int,int,int,char)
 0D8C:186F       screen::operator <<(char far*)
 0D8C:18A8       screen::operator <<(unsigned long)
 0D8C:18DF       screen::operator <<(double)
 0D8C:1936       screen::operator <<(unsigned int)
 0D8C:1970       screen::operator <<(int)
 0D8C:19BD       screen::operator <<(char)
 0D8C:19F4       screen::pause(int)
 0D8C:1A2A       screen::putbigsym(unsigned char,char,char)
 0D8C:1B59 idle  screen::putbigtext(char far*,char)
 0D8C:1BAA idle  screen::putbigtext(char far*,char,char)
 0D8C:1BFD idle  screen::putbigtext(char far*,char,char,char)
 0D8C:1C5E       screen::putpixel(int,int,int)
 0D8C:1CBB idle  screen::putsymbol(int,int,unsigned char)
 0D8C:1D86       screen::putsymbol(unsigned char)
 0D8C:1DD0       screen::puttext(char far*)
 0D8C:1E3A       screen::putnumb(unsigned long)
 0D8C:1EBA       screen::putnumb(unsigned long,char)
 0D8C:1F53 idle  screen::putbignumb(long)
 0D8C:1FE4 idle  screen::putbignumb(long,char)
 0D8C:2085 idle  screen::rectangle(rect far&,int)
 0D8C:20DF       screen::rectangle(int,int,int,int,int)
 0D8C:2228 idle  screen::set320x240mode()
 0D8C:22B7       screen::setcolorregister(unsigned char,char,char,char)
 0D8C:22EA       screen::textmode()
 0D8C:230C idle  screen::update(rect)
 0D8C:23C0       screen::update()
 0D8C:2465       screen::wait()
 0D8C:249C idle  _setlocate(screen far&,int)
 0D8C:24E1 idle  _setcolor(screen far&,int)
 0D8C:2510 idle  setcolor(int)
 0D8C:2546       cur(int,int)
 0D8C:2582 idle  font::font(int)
 0D8C:26EB idle  font::~font()
 0D8C:2736 idle  font::show(int,int,int,char)
 0D8C:27EB       screen::flip_double_buffer()
 0D8C:28DA       ostream::write(const unsigned char far*,int)
 0D8C:2910       istream::read(unsigned char far*,int)
 0D8C:2946       timer::gettotalcounter()
 0D8C:2971       abs(int)
 0D8C:2998       screen::setcolor(char)
 0D8C:29BF       rect::rect(int,int,int,int)
 0D8C:2A24       rect::rect()
 0D8C:2A62       manipmy::manipmy(screen far&(far*)(screen far&,int),int)
 1037:0005       msgtextminmaxvalue(char far*,int,int,int,int)
 1037:02C4       msgtext(char far*,char far*,char far*,int,int)
 1037:057E       msg(char far*,int)
 1037:06C2       fatal(char far*)
 1037:072C       debug(char far*)
 10AE:0006 idle  mouse::draw()
 10AE:006B       mouse::mouse(screen far*)
 10AE:00E2       mouse::~mouse()
 10AE:011B idle  mouse::read()
 10AE:0166 idle  mouse::set_horz_movement(int,int)
 10AE:019B idle  mouse::set_vert_movement(int,int)
 10AE:01D0 idle  mouse::set()
 10CE:000D idle  int08h_new1()
 10CE:0050 idle  timer::timer(float)
 10CE:00D5       timer::restart(float)
 10CE:0177       getrealtimeclock(unsigned char far&,unsigned char far&,unsigned char far&)
 10CE:0210 idle  timer::~timer()
 110C:000D idle  moveobj::moveobj()
 110C:00A1       moveobj::moveobj(sprite far*)
 110C:0142       moveobj::~moveobj()
 110C:01CD idle  moveobj::show()
 110C:0259 idle  moveobj::showall()
 110C:02B7 idle  moveobj::animate()
 110C:0461 idle  movetxt::animate()
 110C:05D4 idle  moveobj::delall()
 110C:065B       moveobj::del(moveobj far*)
 110C:07AB       moveobj::new(moveobj far*,int)
 110C:08A1 idle  moveobj::renewrect()
 110C:093B       moveobj::renewxy()
 110C:09D8 idle  moveobj::set(float,float,float,float,float,float)
 110C:0A55 idle  moveobj::operator [](int)
 110C:0B0D idle  moveobj::operator +=(moveobj far&)
 110C:0B57       anim::anim()
 110C:0BE3       anim::renewframe()
 110C:0D03       anim::animate()
 110C:0E2F idle  mindobj::operator +=(mindobj far&)
 110C:0E58 idle  mindobj::add(mindobj far&,int,mindobj::going far*,mindobj::framing far*,...
 110C:1030 idle  mindobj::mindobj()
 110C:1094 idle  mindobj::~mindobj()
 110C:116D idle  mindobj::renewframe()
 110C:121F idle  mindobj::renewxy()
 110C:1400 idle  mindobj::del(moveobj far*)
 110C:1456 idle  mindobj::show()
 110C:1537 idle  movetxt::show()
 110C:15E1       anim::show()
 110C:1703       moveobj::del(int)
 110C:1745       anim::operator [](int)
 110C:1775       mindobj::operator [](int)
 110C:17A5       mindobj::
 110C:17BD       moveobj::destroy(int)
 110C:17DA       anim::renewtimelive()
 110C:1821       anim::
 110C:1839       moveobj::
 110C:1851       moveobj::renewframe()
 110C:186E       moveobj::renewtimelive()
 1295:0000 idle  swap(int far&,int far&)
 1295:003C idle  determinesystem(int,int,int,int,int far&,int far&)
 1295:011D idle  determinesystem(int,int,int,int)
 1295:01E8       determinesystem(rect far&,rect far&,rect far&)
 1295:0280 idle  checkunionrects(rect far&,rect far&)
 12D5:000D       playnote(int,int,int)
 12D5:0057       sound::sound()
 12D5:014D idle  sound::soundstatus()
 12D5:0193 idle  sound::sndplay(sndstruct far&)
 12D5:0205       sound::play(int,int)
 12D5:02C5 idle  sound::stop()
 12D5:0305       sound::load(char far*,int)
 12D5:0511 idle  sound::unload(int)
 12D5:0572       sound::~sound()
 1334:0005 idle  sprite::create(sprite::image far&)
 1334:00F2       sprite::sprite(screen far*,int)
 1334:01C8       sprite::~sprite()
 1334:0280 idle  sprite::find(int)
 1334:02D6 idle  sprite::find_free()
 1334:0338       sprite::getimage(int)
 1334:0390 idle  sprite::load(char far*,unsigned long,sprite::image)
 1334:04DE       sprite::loadspriteform(char far*,sprite::image far&)
 1334:063A       sprite::modifycolor(int,char)
 1334:06D8       sprite::scroll(int,int,int)
 1334:0838 idle  sprite::showdirect(int,int,int,int)
 1334:08E8       sprite::show(int,int,int,int)
 1334:0913 idle  sprite::delete(int)
 1334:09D4 idle  sprite::image::write(int,int,unsigned char)
 1334:0A3F       sprite::image::read(int,int)
 13DE:000B       _LOADDIGPAK
 13DE:0065       _INITDIGPAK
 13DE:009B       _DEINITDIGPAK
 13DE:00D8       _UNLOADDIGPAK
 13DE:012F       _LOADMIDPAK
 13DE:020C       _INITMIDPAK
 13DE:0265       _DEINITMIDPAK
 13DE:02A7       _UNLOADMIDPAK
 1410:0006       _MEMALLOC
 1410:003E       _MEMFREE
 1416:0009       load_sprites()
 1416:053B idle  findzaglavie(long,int)
 1416:0626 idle  fun2(char far*,char far*,int,int far*,int far*,int far*,char,int far*)
 1416:0789       tolowerregister(unsigned char far*)
 1416:07D8       open_text_book()
 1416:082E       drawrunline(int)
 1416:14CC       tetris::menu()
 1416:19A2       randomize()
 1416:19D2       operator <<(screen far&,manipmy far&)
 15B6:000D       tetris::newfiguregenerate()
 15B6:0187       tetris::nextfigureshow()
 15B6:0433       tetris::tetris()
 15B6:05F5 idle  tetris::generatefigurecolor()
 15B6:0644       generate_picture()
 1635:0001       tetrishelp()
 163D:000D       fun_show_debug()
 163D:0101       fun_delay()
 163D:029D       fun_show_cursor()
 163D:0340       fun_code13()
 163D:03B1       fun_pad0()
 163D:0444       fun_code8()
 163D:04FE idle  fun_pad9()
 163D:055E       fun_pad6()
 163D:06A2       fun_key_m_key_0()
 163D:072A       fun_key_m_key_1()
 163D:07B2       fun_key_m_key_3()
 163D:083A       fun_key_m_key_2()
 163D:08C2       fun_key_m_key_4()
 163D:094A       fun_key_pad9()
 163D:09AA       fun_key_f1()
 16E0:000B idle  videoeffect()
 16E0:00DC       colorchange()
 16E0:0169 idle  find_zaglav()
 16E0:018A idle  find(char)
 16E0:06E7       read_word()
 16E0:080F       newline()
 16E0:08B6 idle  printzaglav()
 16E0:099F       step_back()
 16E0:0A78       texteditor()
 16E0:171F idle  min(int,int)
 16E0:1750 idle  check(char far*,char far*)
 16E0:17EA idle  checkword(char far*)
 186A:000D idle  load_sounds()
 186A:0050 idle  redefine_keys()
 186A:03E8 idle  tetris::~tetris()
 186A:0445 idle  tetris::game()
 186A:1805       music(int,int)
 186A:1864 idle  load_music()
 186A:18D6 idle  programmeditor()
 186A:1A9D idle  drawpalette()
 186A:1BA8       _MAIN
 186A:2608       movefigure::movefigure(sprite far*)
 186A:267A       moveobj::makesupervisor(sprite far*)
 186A:26AC       anim::operator +=(anim far&)
 186A:26DF       ios::eof()
 186A:2708       istream::getline(unsigned char far*,int,char)
 186A:2742       rect::set(int,int,int,int)
 186A:2786       anim::anim(sprite far*)
 186A:27E6       movefigure::
 186A:2802       movefigure::show()
 186A:284D       movefigure::~movefigure()
 1AF4:0306       E087_ENTRY
 1AF4:03C6       E087_SHORTCUT
 1AF4:0430       E087_TRAP
 1B51:0502 idle  _ISPLAY1
 1B51:0504 idle  _ISPLAY2
 1B51:0506 idle  _SND1
 1B51:0512 idle  _SND2
 1B51:0530 idle  _REAL_REC
 1B51:0532 idle  _RECORD
 1B51:0B32 idle  _BASEFREQCHANGE
 1B51:0B33 idle  _MODE_PLAY
 1B51:0B35 idle  _MODE_REC
 1B51:0B37 idle  _PLAY_COUNTER
 1B51:0B39 idle  _FUNCTIONAL_KEYS
 1B51:0BC1 idle  _TABLE0
 1B51:0F81 idle  _TABLE1
 1B51:1341 idle  _TABLE2
 1B51:1705 idle  _OLD_KEYS
 1D25:000A idle  _PI
 1D32:000C idle  _MODE
 1D32:000E idle  _MODE_PAUSE
 1D32:0010 idle  _MODE_READY_PAUSE
 1DA4:0004       _SPRITEFIGURE
 1DA4:0014       _SPRITEBOX
 1DA6:0004 idle  _DIGITS
 1DA6:002C idle  _SYMBOL_DVOE
 1DA6:0041 idle  _SYMBOL_POINT
 1DA6:0056 idle  _SYMBOL_MINUS
 1DA6:006B idle  _SCALEX_TEXT
 1DA6:006D idle  _SCALEY_TEXT
 1DC8:000E       _KEYB
 1DFF:0000 idle  keyboard::countobject
 1DFF:0002 idle  keyboard::this
 1E00:0000       keyboard::key
 1E1C:0000 idle  _FONT
 1E1C:0005       _FONT8X8
 1E1C:0805       _BIGSYMSCALE
 1E1C:0807 idle  _CRTCPARMS
 1E1C:081B       _WAIT_FLAG1
 1E1C:081F       _WAIT_FLAG2
 1E1C:0823 idle  _MANIP
 1EB6:0000 idle  screen::countobjects
 1EB6:0002 idle  screen::doublebuffer
 1EB6:0006 idle  screen::constructor_run
 1EB6:0007 idle  screen::videomemory
 1EBE:0000       _TIMER
 1EBE:000A idle  _INT08H_OLD
 1EC8:0000 idle  timer::countobjects
 1EC8:0002 idle  timer::max_freq
 1EC8:0006 idle  timer::min_freq
 1F08:0000 idle  moveobj::supervisorcounter
 1F08:0002 idle  moveobj::windowx
 1F08:0004 idle  moveobj::windowy
 1F08:0006 idle  moveobj::speed_unit
 1F08:000A idle  moveobj::totalanimatedobject
 1F08:000C       moveobj::lim
 1F0F:0010 idle  _BUF
 1F0F:1398 idle  _ISPLAY
 2061:0000 idle  sound::countobject
 2095:0000 idle  sprite::countobject
 2097:0000       _RUNLX
 2097:0004       _SHOW_TASK_LIST
 2097:0006       _STEPRUNLX
 2097:0008       _TEXT_LOOP
 2097:000A idle  _STR_FIND
 2097:001E idle  _END_OF_FILE
 2097:0048 idle  _FILE_BUF
 2097:008E       _IFL
 2097:00FE       _FILESIZE
 2097:0102 idle  _METHOD_NEXT
 2097:0104 idle  _METHOD_BACK
 2097:0106 idle  _RUS1
 2097:0127 idle  _RUS2
 2097:0148 idle  _RUS_SIZE
 2097:014A idle  _NEED_FIND
 2097:0311 idle  _RUNLINE3
 2167:000C idle  _NEXTFIGURELIST
 21C3:0000       _CR
 21C3:0002       _WORD_COUNT
 21C3:0004       _SYMBOLCOUNT
 21C3:0006       _PAUSE
 21C3:000A idle  _SHOW_DEBUG_TIME
 21C3:000C       _SHOW_DEBUG
 21C3:000E idle  _BIG
 21C3:002F idle  _BIG_LEN
 21C3:0030       _MODE_PRINTER
 21C3:0031       _MODE_RANDOMCHANGECHAPTER
 21C3:0032       _CODE13
 21C3:0033       _WORD
 21C3:0073       _WORD_LEN
 21C3:0074 idle  _START_CHAPTER_POSITION
 21C3:0078       _ZAGLAV
 21C3:0099       _CURSOR_LEN
 21C3:009B       _CURSOR_HEI
 21C3:00E6 idle  _WORDS_GOD
 21C3:016E idle  _WORDS
 21C3:021E idle  _WORDS_IISUS
 2224:0006       _SETTINGS
 2224:003D idle  _MAXSCORE
 2224:0041 idle  _BASESPEED
 2224:0045 idle  _BASEACCELERAT
 2224:0049       _CURRENT_MUSIC
 2224:004B       _RECTABLE
 2224:0258 idle  _SOUNDVOLUME
 2224:025A idle  _KEYDOWNPRESS
 2224:025C       _TETRIS
 2224:043A       _SCR
 2224:0444 idle  _MOUSE
 2224:0455       _SOUND
 2224:05C0       _SPRITE
 2224:05D0       _BACKGROUND
 2224:05E0 idle  _MOVEFIG
 2224:096C idle  _SONG
 2224:0994 idle  _SONG_LEN
 22E2:0006 idle  __HUGE_FLT
 22E2:000A       __HUGE_DBLE
 22E2:0012 idle  __HUGE_LDBLE
 22E2:001C idle  __INDEFINITE
 22E2:0020 idle  __TINY_LDBLE
 22E4:000A       __MATHWHY
 2301:0000       filebuf::openprot
 2302:0000 idle  ios::basefield
 2302:0004 idle  ios::adjustfield
 2302:0008 idle  ios::floatfield
 2302:000C idle  ios::nextbit
 2302:0010 idle  ios::usercount
 2302:0012 idle  ios::stdioflush
 2304:0000 idle  DATASEG@
 2304:005B idle  __INT0VECTOR
 2304:005F idle  __INT4VECTOR
 2304:0063 idle  __INT5VECTOR
 2304:0067 idle  __INT6VECTOR
 2304:006B idle  __C0ARGC
 2304:006D idle  __C0ARGV
 2304:0071       __C0ENVIRON
 2304:0075       __ENVLNG
 2304:0077       __ENVSEG
 2304:0079       __ENVSIZE
 2304:007B       __PSP
 2304:007D idle  __OSVERSION
 2304:007D idle  __OSMAJOR
 2304:007D       __VERSION
 2304:007E idle  __OSMINOR
 2304:007F       _ERRNO
 2304:0081 idle  __STARTTIME
 2304:0085       __HEAPBASE
 2304:0089       __BRKLVL
 2304:008D       __HEAPTOP
 2304:00A0       __8087
 2304:00B0       __PROTECTED
 2304:00B1       __LDT
 2304:00B4       __DEFAULT87
 2304:00B6       __ATEXITCNT
 2304:00B8       __ATEXITTBL
 2304:0138       __CTYPE
 2304:023A       __EXITBUF
 2304:023E       __EXITFOPEN
 2304:0242 idle  __EXITOPEN
 2304:0246       __STREAMS
 2304:03D6       __NFILE
 2304:03D8       __OPENFD
 2304:0400       __FMODE
 2304:0402       __NOTUMASK
 2304:0404       __FPSTKLEN
 2304:0406       __DOSERRNO
 2304:0408 idle  __DOSERRORTOSV
 2304:0478       __NEW_HANDLER
 2304:0480       ___SIGNALPTR
 2304:0484       __STKLEN
 2304:04EE       __WSCROLL
 2304:04F0       __VIDEO
 2304:04FF       _DIRECTVIDEO
 2304:053C       __CFLAG
 2304:053D       __CCHAR
 2304:053E       _ENVIRON
 2304:0556 idle  __MONTHDAY
 2304:0570 idle  _TZNAME
 2304:0578       _TIMEZONE
 2304:057C       _DAYLIGHT
 2304:0592       __REALCVTVECTOR
 2304:0596 idle  __SCANTODVECTOR
 2366:0000       __EMU

Program entry point at 0000:0000

