
 Start  Stop   Length Name               Class

 00000H 0839CH 0839DH _TEXT              CODE
 0839DH 098FDH 01561H SINTEZER_TEXT      CODE
 098FEH 0A1F3H 008F6H DRAWCLK_TEXT       CODE
 0A1F4H 0AAC7H 008D4H TETSTART_TEXT      CODE
 0AAC8H 0ABCCH 00105H BMPVIEW_TEXT       CODE
 0ABCDH 0AFA7H 003DBH FONTEDIT_TEXT      CODE
 0AFA8H 0B6CAH 00723H TET_SETT_TEXT      CODE
 0B6CBH 0BAB7H 003EDH FIGURE_TEXT        CODE
 0BAB8H 0BE91H 003DAH GRAPH_TEXT         CODE
 0BE92H 0C710H 0087FH GLASS_TEXT         CODE
 0C711H 0C97FH 0026FH SETTINGS_TEXT      CODE
 0C980H 0D2D2H 00953H RECTABLE_TEXT      CODE
 0D2D3H 0D870H 0059EH KEYBOARD_TEXT      CODE
 0D871H 10321H 02AB1H SCREEN_TEXT        CODE
 10322H 10A92H 00771H DEBUG_TEXT         CODE
 10A93H 10C99H 00207H MOUSE_TEXT         CODE
 10C9AH 11079H 003E0H TIMER_TEXT         CODE
 1107AH 128FCH 01883H MOVEOBJ_TEXT       CODE
 128FDH 12D09H 0040DH RECTS_TEXT         CODE
 12D0AH 13309H 00600H SOUND_TEXT         CODE
 1330AH 13DAFH 00AA6H SPRITE_TEXT        CODE
 13DB0H 140CAH 0031BH LOADER_TEXT        CODE
 140CBH 1412DH 00063H MEMORY_TEXT        CODE
 1412EH 15B31H 01A04H DRAWRUNL_TEXT      CODE
 15B32H 16315H 007E4H TETRIS3_TEXT       CODE
 16316H 163A1H 0008CH TETR_HLP_TEXT      CODE
 163A2H 180A4H 01D03H TXTEDITR_TEXT      CODE
 180A5H 1A933H 0288FH TETRIS_TEXT        CODE
 1A940H 1AF07H 005C8H E87_PROG           CODE
 1AF10H 1AF10H 00000H _FARDATA           FAR_DATA
 1AF10H 1CC59H 01D4AH SINTEZER_DATA      FAR_DATA
 1CC5AH 1CCF1H 00098H DRAWCLK_DATA       FAR_DATA
 1CCF2H 1D27EH 0058DH TETSTART_DATA      FAR_DATA
 1D280H 1D280H 00000H BMPVIEW_DATA       FAR_DATA
 1D280H 1D2C0H 00041H FONTEDIT_DATA      FAR_DATA
 1D2C2H 1D40AH 00149H TET_SETT_DATA      FAR_DATA
 1D40CH 1D42BH 00020H FIGURE_DATA        FAR_DATA
 1D42CH 1D56CH 00141H GRAPH_DATA         FAR_DATA
 1D56EH 1D587H 0001AH GLASS_DATA         FAR_DATA
 1D588H 1D5ADH 00026H SETTINGS_DATA      FAR_DATA
 1D5AEH 1D654H 000A7H RECTABLE_DATA      FAR_DATA
 1D656H 1D9B7H 00362H KEYBOARD_DATA      FAR_DATA
 1D9C0H 1D9C5H 00006H KEYBOARD5_DATA     FAR_DATA
 1D9D0H 1DB8FH 001C0H KEYBOARD6_DATA     FAR_DATA
 1DB90H 1E520H 00991H SCREEN_DATA        FAR_DATA
 1E530H 1E53AH 0000BH SCREEN5_DATA       FAR_DATA
 1E53CH 1E56FH 00034H DEBUG_DATA         FAR_DATA
 1E570H 1E5AFH 00040H MOUSE_DATA         FAR_DATA
 1E5B0H 1E642H 00093H TIMER_DATA         FAR_DATA
 1E650H 1E659H 0000AH TIMER5_DATA        FAR_DATA
 1E65AH 1EA4DH 003F4H MOVEOBJ_DATA       FAR_DATA
 1EA50H 1EA63H 00014H MOVEOBJ5_DATA      FAR_DATA
 1EA64H 1EAC3H 00060H RECTS_DATA         FAR_DATA
 1EAC4H 20023H 01560H SOUND_DATA         FAR_DATA
 20030H 20031H 00002H SOUND5_DATA        FAR_DATA
 20032H 20368H 00337H SPRITE_DATA        FAR_DATA
 20370H 20371H 00002H SPRITE5_DATA       FAR_DATA
 20372H 2038FH 0001EH LOADER_DATA        FAR_DATA
 20390H 20390H 00000H MEMORY_DATA        FAR_DATA
 20390H 2109AH 00D0BH DRAWRUNL_DATA      FAR_DATA
 2109CH 2118AH 000EFH TETRIS3_DATA       FAR_DATA
 2118CH 212E9H 0015EH TETR_HLP_DATA      FAR_DATA
 212EAH 21BE1H 008F8H TXTEDITR_DATA      FAR_DATA
 21BE2H 227BDH 00BDCH TETRIS_DATA        FAR_DATA
 227BEH 227E1H 00024H HUGEVAL_DATA       FAR_DATA
 227E2H 227E2H 00000H LDTRUNC_DATA       FAR_DATA
 227E2H 22824H 00043H MATHWHY_DATA       FAR_DATA
 22826H 22826H 00000H REALCVT_DATA       FAR_DATA
 22826H 2283DH 00018H SCANTOD_DATA       FAR_DATA
 2283EH 2283EH 00000H XCVT_DATA          FAR_DATA
 2283EH 228D7H 0009AH FPERR_DATA         FAR_DATA
 228D8H 22957H 00080H _POW10_DATA        FAR_DATA
 22958H 22958H 00000H POW10D_DATA        FAR_DATA
 22958H 22958H 00000H MATHERR_DATA       FAR_DATA
 22958H 22964H 0000DH SQRT_DATA          FAR_DATA
 22966H 22975H 00010H POW_DATA           FAR_DATA
 22976H 22981H 0000CH SIN_DATA           FAR_DATA
 22982H 2298FH 0000EH _MATHERR_DATA      FAR_DATA
 22990H 2299BH 0000CH COS_DATA           FAR_DATA
 229A0H 229A1H 00002H FSBDTR5_DATA       FAR_DATA
 229B0H 229C5H 00016H STDTR5_DATA        FAR_DATA
 229D0H 229D0H 00000H _FARBSS            FAR_BSS
 229D0H 229D0H 00000H _OVERLAY_          OVRINFO
 229D0H 229D0H 00000H _1STUB_            STUBSEG
 229D0H 22F61H 00592H _DATA              DATA
 22F62H 22F65H 00004H _CVTSEG            DATA
 22F66H 22F71H 0000CH _SCNSEG            DATA
 22F72H 22F72H 00000H _CONST             CONST
 22F72H 22FC5H 00054H _INIT_             INITDATA
 22FC6H 22FC6H 00000H _INITEND_          INITDATA
 22FC6H 22FEFH 0002AH _EXIT_             EXITDATA
 22FF0H 22FF0H 00000H _EXITEND_          EXITDATA
 22FF0H 230FFH 00110H _STACK             STACK


Detailed map of segments

 0000:0000 0288 C=CODE   S=_TEXT          G=(none)  M=C0.ASM     ACBP=28
 0000:0288 0270 C=CODE   S=_TEXT          G=(none)  M=..\DIGMID.LIB\DIGPLAY.ASM ACBP=28
 0000:04F8 0626 C=CODE   S=_TEXT          G=(none)  M=..\DIGMID.LIB\DOSCALLS.ASM ACBP=28
 0000:0B1E 01A5 C=CODE   S=_TEXT          G=(none)  M=..\DIGMID.LIB\MIDPAK.ASM ACBP=28
 0000:0CC3 020E C=CODE   S=_TEXT          G=(none)  M=FP87INIT   ACBP=28
 0000:0ED1 0000 C=CODE   S=_TEXT          G=(none)  M=E87TRAP    ACBP=28
 0000:0ED1 0000 C=CODE   S=_TEXT          G=(none)  M=PROTFLAG   ACBP=28
 0000:0ED1 0000 C=CODE   S=_TEXT          G=(none)  M=DEFLT87    ACBP=28
 0000:0ED1 0000 C=CODE   S=_TEXT          G=(none)  M=HUGEVAL    ACBP=28
 0000:0ED1 00A7 C=CODE   S=_TEXT          G=(none)  M=LDTRUNC    ACBP=28
 0000:0F78 0000 C=CODE   S=_TEXT          G=(none)  M=MATHWHY    ACBP=28
 0000:0F78 01D2 C=CODE   S=_TEXT          G=(none)  M=REALCVT    ACBP=28
 0000:114A 03BD C=CODE   S=_TEXT          G=(none)  M=SCANTOD    ACBP=28
 0000:1507 0213 C=CODE   S=_TEXT          G=(none)  M=XCVT       ACBP=28
 0000:171A 00D4 C=CODE   S=_TEXT          G=(none)  M=FPERR      ACBP=28
 0000:17EE 00D5 C=CODE   S=_TEXT          G=(none)  M=_POW10     ACBP=28
 0000:18C3 0012 C=CODE   S=_TEXT          G=(none)  M=POW10D     ACBP=28
 0000:18D5 0031 C=CODE   S=_TEXT          G=(none)  M=MATHERR    ACBP=28
 0000:1906 004B C=CODE   S=_TEXT          G=(none)  M=SQRT       ACBP=28
 0000:1951 0216 C=CODE   S=_TEXT          G=(none)  M=POW        ACBP=28
 0000:1B67 005F C=CODE   S=_TEXT          G=(none)  M=SIN        ACBP=28
 0000:1BC6 00C0 C=CODE   S=_TEXT          G=(none)  M=_MATHERR   ACBP=28
 0000:1C86 005F C=CODE   S=_TEXT          G=(none)  M=COS        ACBP=28
 0000:1CE5 002C C=CODE   S=_TEXT          G=(none)  M=FFTOL      ACBP=28
 0000:1D11 0034 C=CODE   S=_TEXT          G=(none)  M=ATEXIT     ACBP=28
 0000:1D45 0000 C=CODE   S=_TEXT          G=(none)  M=CTYPE      ACBP=28
 0000:1D45 0019 C=CODE   S=_TEXT          G=(none)  M=DEL        ACBP=28
 0000:1D5E 004B C=CODE   S=_TEXT          G=(none)  M=DOSFATTR   ACBP=28
 0000:1DA9 002E C=CODE   S=_TEXT          G=(none)  M=DOSVECT    ACBP=28
 0000:1DD7 00D0 C=CODE   S=_TEXT          G=(none)  M=EXIT       ACBP=28
 0000:1EA7 0034 C=CODE   S=_TEXT          G=(none)  M=FGETPOS    ACBP=28
 0000:1EDB 0000 C=CODE   S=_TEXT          G=(none)  M=FILES      ACBP=28
 0000:1EDB 0000 C=CODE   S=_TEXT          G=(none)  M=FILES2     ACBP=28
 0000:1EDB 0000 C=CODE   S=_TEXT          G=(none)  M=FMODE      ACBP=28
 0000:1EDB 0000 C=CODE   S=_TEXT          G=(none)  M=FPSTKLEN   ACBP=28
 0000:1EDB 001C C=CODE   S=_TEXT          G=(none)  M=F_SCOPY    ACBP=28
 0000:1EF7 0034 C=CODE   S=_TEXT          G=(none)  M=GETDATE    ACBP=28
 0000:1F2B 002E C=CODE   S=_TEXT          G=(none)  M=GETVECT    ACBP=28
 0000:1F59 00AE C=CODE   S=_TEXT          G=(none)  M=H_LDIV     ACBP=28
 0000:2007 0021 C=CODE   S=_TEXT          G=(none)  M=H_LLSH     ACBP=28
 0000:2028 0060 C=CODE   S=_TEXT          G=(none)  M=H_PADD     ACBP=28
 0000:2088 005F C=CODE   S=_TEXT          G=(none)  M=IOERROR    ACBP=28
 0000:20E7 0018 C=CODE   S=_TEXT          G=(none)  M=ISATTY     ACBP=28
 0000:20FF 00B0 C=CODE   S=_TEXT          G=(none)  M=LONGTOA    ACBP=28
 0000:21AF 0036 C=CODE   S=_TEXT          G=(none)  M=LSEEK      ACBP=28
 0000:21E5 00C4 C=CODE   S=_TEXT          G=(none)  M=MKNAME     ACBP=28
 0000:22A9 007A C=CODE   S=_TEXT          G=(none)  M=NEW        ACBP=28
 0000:2323 0065 C=CODE   S=_TEXT          G=(none)  M=NEWF       ACBP=28
 0000:2388 0017 C=CODE   S=_TEXT          G=(none)  M=N_LXMUL    ACBP=28
 0000:239F 0021 C=CODE   S=_TEXT          G=(none)  M=N_PCMP     ACBP=28
 0000:23C0 0045 C=CODE   S=_TEXT          G=(none)  M=RAND       ACBP=28
 0000:2405 003C C=CODE   S=_TEXT          G=(none)  M=READA      ACBP=28
 0000:2441 0038 C=CODE   S=_TEXT          G=(none)  M=SETDATE    ACBP=28
 0000:2479 00FF C=CODE   S=_TEXT          G=(none)  M=SETUPIO    ACBP=28
 0000:2578 0000 C=CODE   S=_TEXT          G=(none)  M=SIGDATA    ACBP=28
 0000:2578 00A6 C=CODE   S=_TEXT          G=(none)  M=STIME      ACBP=28
 0000:261E 0000 C=CODE   S=_TEXT          G=(none)  M=STKLEN     ACBP=28
 0000:261E 001F C=CODE   S=_TEXT          G=(none)  M=UNLINK     ACBP=28
 0000:263D 0284 C=CODE   S=_TEXT          G=(none)  M=VDELF      ACBP=28
 0000:28C1 029F C=CODE   S=_TEXT          G=(none)  M=VNEWF      ACBP=28
 0000:2B60 04D0 C=CODE   S=_TEXT          G=(none)  M=VPRINTER   ACBP=28
 0000:3030 00C5 C=CODE   S=_TEXT          G=(none)  M=VRAM       ACBP=28
 0000:30F5 0000 C=CODE   S=_TEXT          G=(none)  M=WSCROLL    ACBP=28
 0000:30F5 003B C=CODE   S=_TEXT          G=(none)  M=_STPCPY    ACBP=28
 0000:3130 01B5 C=CODE   S=_TEXT          G=(none)  M=CPRINTF    ACBP=28
 0000:32E5 01CA C=CODE   S=_TEXT          G=(none)  M=CRTINIT    ACBP=28
 0000:34AF 0024 C=CODE   S=_TEXT          G=(none)  M=CVTFAK     ACBP=28
 0000:34D3 0432 C=CODE   S=_TEXT          G=(none)  M=FARHEAP    ACBP=28
 0000:3905 01BF C=CODE   S=_TEXT          G=(none)  M=FBRK       ACBP=28
 0000:3AC4 00A1 C=CODE   S=_TEXT          G=(none)  M=GETCH      ACBP=28
 0000:3B65 00BA C=CODE   S=_TEXT          G=(none)  M=GPTEXT     ACBP=28
 0000:3C1F 0030 C=CODE   S=_TEXT          G=(none)  M=IOCTL      ACBP=28
 0000:3C4F 0019 C=CODE   S=_TEXT          G=(none)  M=KBHIT      ACBP=28
 0000:3C68 00A4 C=CODE   S=_TEXT          G=(none)  M=MOVETEXT   ACBP=28
 0000:3D0C 001E C=CODE   S=_TEXT          G=(none)  M=PUTCH      ACBP=28
 0000:3D2A 000A C=CODE   S=_TEXT          G=(none)  M=REALCVT    ACBP=28
 0000:3D34 021E C=CODE   S=_TEXT          G=(none)  M=SCREEN     ACBP=28
 0000:3F52 01B4 C=CODE   S=_TEXT          G=(none)  M=SCROLL     ACBP=28
 0000:4106 0023 C=CODE   S=_TEXT          G=(none)  M=SETBLOCK   ACBP=28
 0000:4129 0058 C=CODE   S=_TEXT          G=(none)  M=SETENVP    ACBP=28
 0000:4181 0024 C=CODE   S=_TEXT          G=(none)  M=STACK      ACBP=28
 0000:41A5 004D C=CODE   S=_TEXT          G=(none)  M=WHEREXY    ACBP=28
 0000:41F2 0099 C=CODE   S=_TEXT          G=(none)  M=ATOL       ACBP=28
 0000:428B 0024 C=CODE   S=_TEXT          G=(none)  M=CHMODA     ACBP=28
 0000:42AF 003B C=CODE   S=_TEXT          G=(none)  M=CLOSE      ACBP=28
 0000:42EA 002B C=CODE   S=_TEXT          G=(none)  M=CLOSEA     ACBP=28
 0000:4315 0089 C=CODE   S=_TEXT          G=(none)  M=EOF        ACBP=28
 0000:439E 00BF C=CODE   S=_TEXT          G=(none)  M=FCLOSE     ACBP=28
 0000:445D 00D4 C=CODE   S=_TEXT          G=(none)  M=FFLUSH     ACBP=28
 0000:4531 0051 C=CODE   S=_TEXT          G=(none)  M=FLUSHALL   ACBP=28
 0000:4582 023E C=CODE   S=_TEXT          G=(none)  M=FOPEN      ACBP=28
 0000:47C0 0023 C=CODE   S=_TEXT          G=(none)  M=FPRINTF    ACBP=28
 0000:47E3 0190 C=CODE   S=_TEXT          G=(none)  M=FREAD      ACBP=28
 0000:4973 01FD C=CODE   S=_TEXT          G=(none)  M=FSEEK      ACBP=28
 0000:4B70 01F0 C=CODE   S=_TEXT          G=(none)  M=GETC       ACBP=28
 0000:4D60 007C C=CODE   S=_TEXT          G=(none)  M=GETENV     ACBP=28
 0000:4DDC 0027 C=CODE   S=_TEXT          G=(none)  M=MEMCPY     ACBP=28
 0000:4E03 0051 C=CODE   S=_TEXT          G=(none)  M=MEMSET     ACBP=28
 0000:4E54 01CC C=CODE   S=_TEXT          G=(none)  M=OPEN       ACBP=28
 0000:5020 005C C=CODE   S=_TEXT          G=(none)  M=OPENA      ACBP=28
 0000:507C 03F9 C=CODE   S=_TEXT          G=(none)  M=PUTC       ACBP=28
 0000:5475 00EF C=CODE   S=_TEXT          G=(none)  M=READ       ACBP=28
 0000:5564 0003 C=CODE   S=_TEXT          G=(none)  M=READU      ACBP=28
 0000:5567 012B C=CODE   S=_TEXT          G=(none)  M=SETVBUF    ACBP=28
 0000:5692 0098 C=CODE   S=_TEXT          G=(none)  M=SPRINTF    ACBP=28
 0000:572A 0044 C=CODE   S=_TEXT          G=(none)  M=STRCAT     ACBP=28
 0000:576E 002E C=CODE   S=_TEXT          G=(none)  M=STRCPY     ACBP=28
 0000:579C 0026 C=CODE   S=_TEXT          G=(none)  M=STRLEN     ACBP=28
 0000:57C2 0036 C=CODE   S=_TEXT          G=(none)  M=STRNCPY    ACBP=28
 0000:57F8 0359 C=CODE   S=_TEXT          G=(none)  M=TIMECVT    ACBP=28
 0000:5B51 0306 C=CODE   S=_TEXT          G=(none)  M=TZSET      ACBP=28
 0000:5E57 0170 C=CODE   S=_TEXT          G=(none)  M=WRITE      ACBP=28
 0000:5FC7 004F C=CODE   S=_TEXT          G=(none)  M=WRITEA     ACBP=28
 0000:6016 0003 C=CODE   S=_TEXT          G=(none)  M=WRITEU     ACBP=28
 0000:6019 0048 C=CODE   S=_TEXT          G=(none)  M=XFCLOSE    ACBP=28
 0000:6061 0041 C=CODE   S=_TEXT          G=(none)  M=XFFLUSH    ACBP=28
 0000:60A2 0027 C=CODE   S=_TEXT          G=(none)  M=FMEMCPY    ACBP=28
 0000:60C9 0033 C=CODE   S=_TEXT          G=(none)  M=FSTRCMP    ACBP=28
 0000:60FC 00AE C=CODE   S=_TEXT          G=(none)  M=FSBCLOSE   ACBP=28
 0000:61AA 0118 C=CODE   S=_TEXT          G=(none)  M=FSBCTR1    ACBP=28
 0000:62C2 00A2 C=CODE   S=_TEXT          G=(none)  M=FSBDTR     ACBP=28
 0000:6364 015A C=CODE   S=_TEXT          G=(none)  M=FSBOFLOW   ACBP=28
 0000:64BE 0168 C=CODE   S=_TEXT          G=(none)  M=FSBOPEN    ACBP=28
 0000:6626 00C3 C=CODE   S=_TEXT          G=(none)  M=FSBSBUF    ACBP=28
 0000:66E9 01BC C=CODE   S=_TEXT          G=(none)  M=FSBSKOFF   ACBP=28
 0000:68A5 01A1 C=CODE   S=_TEXT          G=(none)  M=FSBSYNC    ACBP=28
 0000:6A46 01BE C=CODE   S=_TEXT          G=(none)  M=FSBUFLOW   ACBP=28
 0000:6C04 0045 C=CODE   S=_TEXT          G=(none)  M=FSCLOSE    ACBP=28
 0000:6C49 00AF C=CODE   S=_TEXT          G=(none)  M=FSCTR1     ACBP=28
 0000:6CF8 00CC C=CODE   S=_TEXT          G=(none)  M=FSCTR2     ACBP=28
 0000:6DC4 008E C=CODE   S=_TEXT          G=(none)  M=FSDTR      ACBP=28
 0000:6E52 006D C=CODE   S=_TEXT          G=(none)  M=FSOPEN     ACBP=28
 0000:6EBF 00D3 C=CODE   S=_TEXT          G=(none)  M=IFSCTR1    ACBP=28
 0000:6F92 01A8 C=CODE   S=_TEXT          G=(none)  M=IFSCTR2    ACBP=28
 0000:713A 00BA C=CODE   S=_TEXT          G=(none)  M=IFSDTR     ACBP=28
 0000:71F4 008E C=CODE   S=_TEXT          G=(none)  M=ISTCTR1    ACBP=28
 0000:7282 00C2 C=CODE   S=_TEXT          G=(none)  M=ISTDIPFX   ACBP=28
 0000:7344 0078 C=CODE   S=_TEXT          G=(none)  M=ISTDTR1    ACBP=28
 0000:73BC 00DD C=CODE   S=_TEXT          G=(none)  M=ISTEATWH   ACBP=28
 0000:7499 0140 C=CODE   S=_TEXT          G=(none)  M=ISTGLINE   ACBP=28
 0000:75D9 0113 C=CODE   S=_TEXT          G=(none)  M=ISTREAD    ACBP=28
 0000:76EC 0060 C=CODE   S=_TEXT          G=(none)  M=ISTSKOFF   ACBP=28
 0000:774C 005D C=CODE   S=_TEXT          G=(none)  M=ISTSKPOS   ACBP=28
 0000:77A9 0073 C=CODE   S=_TEXT          G=(none)  M=ISTTELLG   ACBP=28
 0000:781C 00D3 C=CODE   S=_TEXT          G=(none)  M=OFSCTR1    ACBP=28
 0000:78EF 00BA C=CODE   S=_TEXT          G=(none)  M=OFSDTR     ACBP=28
 0000:79A9 0085 C=CODE   S=_TEXT          G=(none)  M=OSTCTR1    ACBP=28
 0000:7A2E 0085 C=CODE   S=_TEXT          G=(none)  M=OSTDTR1    ACBP=28
 0000:7AB3 0045 C=CODE   S=_TEXT          G=(none)  M=OSTFLUSH   ACBP=28
 0000:7AF8 005D C=CODE   S=_TEXT          G=(none)  M=OSTSKPOS   ACBP=28
 0000:7B55 0076 C=CODE   S=_TEXT          G=(none)  M=OSTTELLP   ACBP=28
 0000:7BCB 0053 C=CODE   S=_TEXT          G=(none)  M=OSTWRITE   ACBP=28
 0000:7C1E 0051 C=CODE   S=_TEXT          G=(none)  M=STBALC     ACBP=28
 0000:7C6F 00D4 C=CODE   S=_TEXT          G=(none)  M=STBCTR1    ACBP=28
 0000:7D43 00B7 C=CODE   S=_TEXT          G=(none)  M=STBDSGTN   ACBP=28
 0000:7DFA 00A9 C=CODE   S=_TEXT          G=(none)  M=STBDSPTN   ACBP=28
 0000:7EA3 007C C=CODE   S=_TEXT          G=(none)  M=STBDTR     ACBP=28
 0000:7F1F 000F C=CODE   S=_TEXT          G=(none)  M=STBOFLOW   ACBP=28
 0000:7F2E 000F C=CODE   S=_TEXT          G=(none)  M=STBPBFL    ACBP=28
 0000:7F3D 0033 C=CODE   S=_TEXT          G=(none)  M=STBSBUF    ACBP=28
 0000:7F70 00B6 C=CODE   S=_TEXT          G=(none)  M=STBSETB    ACBP=28
 0000:8026 0071 C=CODE   S=_TEXT          G=(none)  M=STBSETG    ACBP=28
 0000:8097 0053 C=CODE   S=_TEXT          G=(none)  M=STBSETP    ACBP=28
 0000:80EA 0012 C=CODE   S=_TEXT          G=(none)  M=STBSKOFF   ACBP=28
 0000:80FC 002B C=CODE   S=_TEXT          G=(none)  M=STBSKPOS   ACBP=28
 0000:8127 007D C=CODE   S=_TEXT          G=(none)  M=STBSPUTN   ACBP=28
 0000:81A4 0053 C=CODE   S=_TEXT          G=(none)  M=STBSYNC    ACBP=28
 0000:81F7 003A C=CODE   S=_TEXT          G=(none)  M=STBUFLOW   ACBP=28
 0000:8231 0041 C=CODE   S=_TEXT          G=(none)  M=STCLEAR    ACBP=28
 0000:8272 004C C=CODE   S=_TEXT          G=(none)  M=STCTR1     ACBP=28
 0000:82BE 0057 C=CODE   S=_TEXT          G=(none)  M=STDTR      ACBP=28
 0000:8315 005B C=CODE   S=_TEXT          G=(none)  M=STINIT     ACBP=28
 0000:8370 002D C=CODE   S=_TEXT          G=(none)  M=STSETST    ACBP=28
 0839:000D 1561 C=CODE   S=SINTEZER_TEXT  G=(none)  M=SINTEZER.CPP ACBP=28
 098F:000E 08F6 C=CODE   S=DRAWCLK_TEXT   G=(none)  M=DRAWCLK.CPP ACBP=28
 0A1F:0004 08D4 C=CODE   S=TETSTART_TEXT  G=(none)  M=TETSTART.CPP ACBP=28
 0AAC:0008 0105 C=CODE   S=BMPVIEW_TEXT   G=(none)  M=BMPVIEW.CPP ACBP=28
 0ABC:000D 03DB C=CODE   S=FONTEDIT_TEXT  G=(none)  M=FONTEDIT.CPP ACBP=28
 0AFA:0008 0723 C=CODE   S=TET_SETT_TEXT  G=(none)  M=TET_SETT.CPP ACBP=28
 0B6C:000B 03ED C=CODE   S=FIGURE_TEXT    G=(none)  M=FIGURE.CPP ACBP=28
 0BAB:0008 03DA C=CODE   S=GRAPH_TEXT     G=(none)  M=GRAPH.CPP  ACBP=28
 0BE9:0002 087F C=CODE   S=GLASS_TEXT     G=(none)  M=GLASS.CPP  ACBP=28
 0C71:0001 026F C=CODE   S=SETTINGS_TEXT  G=(none)  M=SETTINGS.CPP ACBP=28
 0C98:0000 0953 C=CODE   S=RECTABLE_TEXT  G=(none)  M=RECTABLE.CPP ACBP=28
 0D2D:0003 059E C=CODE   S=KEYBOARD_TEXT  G=(none)  M=..\MY.LIB\KEYBOARD.CPP ACBP=28
 0D87:0001 2AB1 C=CODE   S=SCREEN_TEXT    G=(none)  M=..\MY.LIB\SCREEN.CPP ACBP=28
 1032:0002 0771 C=CODE   S=DEBUG_TEXT     G=(none)  M=..\MY.LIB\DEBUG.CPP ACBP=28
 10A9:0003 0207 C=CODE   S=MOUSE_TEXT     G=(none)  M=..\MY.LIB\MOUSE.CPP ACBP=28
 10C9:000A 03E0 C=CODE   S=TIMER_TEXT     G=(none)  M=..\MY.LIB\TIMER.CPP ACBP=28
 1107:000A 1883 C=CODE   S=MOVEOBJ_TEXT   G=(none)  M=..\MY.LIB\MOVEOBJ.CPP ACBP=28
 128F:000D 040D C=CODE   S=RECTS_TEXT     G=(none)  M=..\MY.LIB\RECTS.CPP ACBP=28
 12D0:000A 0600 C=CODE   S=SOUND_TEXT     G=(none)  M=..\MY.LIB\SOUND.CPP ACBP=28
 1330:000A 0AA6 C=CODE   S=SPRITE_TEXT    G=(none)  M=..\MY.LIB\SPRITE.CPP ACBP=28
 13DB:0000 031B C=CODE   S=LOADER_TEXT    G=(none)  M=..\DIGMID.LIB\LOADER.C ACBP=28
 140C:000B 0063 C=CODE   S=MEMORY_TEXT    G=(none)  M=..\DIGMID.LIB\MEMORY.C ACBP=28
 1412:000E 1A04 C=CODE   S=DRAWRUNL_TEXT  G=(none)  M=DRAWRUNL.CPP ACBP=28
 15B3:0002 07E4 C=CODE   S=TETRIS3_TEXT   G=(none)  M=TETRIS3.CPP ACBP=28
 1631:0006 008C C=CODE   S=TETR_HLP_TEXT  G=(none)  M=TETR_HLP.CPP ACBP=28
 163A:0002 1D03 C=CODE   S=TXTEDITR_TEXT  G=(none)  M=TXTEDITR.CPP ACBP=28
 180A:0005 288F C=CODE   S=TETRIS_TEXT    G=(none)  M=TETRIS.CPP ACBP=28
 1A94:0000 0000 C=CODE   S=E87_PROG       G=(none)  M=FP87INIT   ACBP=68
 1A94:0000 03E3 C=CODE   S=E87_PROG       G=(none)  M=EMU087     ACBP=68
 1A94:03F0 01D8 C=CODE   S=E87_PROG       G=(none)  M=E87TRAP    ACBP=68
 1AF1:0000 0000 C=FAR_DATA S=_FARDATA       G=(none)  M=C0.ASM     ACBP=68
 1AF1:0000 1D4A C=FAR_DATA S=SINTEZER_DATA  G=(none)  M=SINTEZER.CPP ACBP=48
 1CC5:000A 0098 C=FAR_DATA S=DRAWCLK_DATA   G=(none)  M=DRAWCLK.CPP ACBP=48
 1CCF:0002 058D C=FAR_DATA S=TETSTART_DATA  G=(none)  M=TETSTART.CPP ACBP=48
 1D28:0000 0000 C=FAR_DATA S=BMPVIEW_DATA   G=(none)  M=BMPVIEW.CPP ACBP=48
 1D28:0000 0041 C=FAR_DATA S=FONTEDIT_DATA  G=(none)  M=FONTEDIT.CPP ACBP=48
 1D2C:0002 0149 C=FAR_DATA S=TET_SETT_DATA  G=(none)  M=TET_SETT.CPP ACBP=48
 1D40:000C 0020 C=FAR_DATA S=FIGURE_DATA    G=(none)  M=FIGURE.CPP ACBP=48
 1D42:000C 0141 C=FAR_DATA S=GRAPH_DATA     G=(none)  M=GRAPH.CPP  ACBP=48
 1D56:000E 001A C=FAR_DATA S=GLASS_DATA     G=(none)  M=GLASS.CPP  ACBP=48
 1D58:0008 0026 C=FAR_DATA S=SETTINGS_DATA  G=(none)  M=SETTINGS.CPP ACBP=48
 1D5A:000E 00A7 C=FAR_DATA S=RECTABLE_DATA  G=(none)  M=RECTABLE.CPP ACBP=48
 1D65:0006 0362 C=FAR_DATA S=KEYBOARD_DATA  G=(none)  M=..\MY.LIB\KEYBOARD.CPP ACBP=48
 1D9C:0000 0006 C=FAR_DATA S=KEYBOARD5_DATA G=(none)  M=..\MY.LIB\KEYBOARD.CPP ACBP=68
 1D9D:0000 01C0 C=FAR_DATA S=KEYBOARD6_DATA G=(none)  M=..\MY.LIB\KEYBOARD.CPP ACBP=68
 1DB9:0000 0991 C=FAR_DATA S=SCREEN_DATA    G=(none)  M=..\MY.LIB\SCREEN.CPP ACBP=48
 1E53:0000 000B C=FAR_DATA S=SCREEN5_DATA   G=(none)  M=..\MY.LIB\SCREEN.CPP ACBP=68
 1E53:000C 0034 C=FAR_DATA S=DEBUG_DATA     G=(none)  M=..\MY.LIB\DEBUG.CPP ACBP=48
 1E57:0000 0040 C=FAR_DATA S=MOUSE_DATA     G=(none)  M=..\MY.LIB\MOUSE.CPP ACBP=48
 1E5B:0000 0093 C=FAR_DATA S=TIMER_DATA     G=(none)  M=..\MY.LIB\TIMER.CPP ACBP=48
 1E65:0000 000A C=FAR_DATA S=TIMER5_DATA    G=(none)  M=..\MY.LIB\TIMER.CPP ACBP=68
 1E65:000A 03F4 C=FAR_DATA S=MOVEOBJ_DATA   G=(none)  M=..\MY.LIB\MOVEOBJ.CPP ACBP=48
 1EA5:0000 0014 C=FAR_DATA S=MOVEOBJ5_DATA  G=(none)  M=..\MY.LIB\MOVEOBJ.CPP ACBP=68
 1EA6:0004 0060 C=FAR_DATA S=RECTS_DATA     G=(none)  M=..\MY.LIB\RECTS.CPP ACBP=48
 1EAC:0004 1560 C=FAR_DATA S=SOUND_DATA     G=(none)  M=..\MY.LIB\SOUND.CPP ACBP=48
 2003:0000 0002 C=FAR_DATA S=SOUND5_DATA    G=(none)  M=..\MY.LIB\SOUND.CPP ACBP=68
 2003:0002 0337 C=FAR_DATA S=SPRITE_DATA    G=(none)  M=..\MY.LIB\SPRITE.CPP ACBP=48
 2037:0000 0002 C=FAR_DATA S=SPRITE5_DATA   G=(none)  M=..\MY.LIB\SPRITE.CPP ACBP=68
 2037:0002 001E C=FAR_DATA S=LOADER_DATA    G=(none)  M=..\DIGMID.LIB\LOADER.C ACBP=48
 2039:0000 0000 C=FAR_DATA S=MEMORY_DATA    G=(none)  M=..\DIGMID.LIB\MEMORY.C ACBP=48
 2039:0000 0D0B C=FAR_DATA S=DRAWRUNL_DATA  G=(none)  M=DRAWRUNL.CPP ACBP=48
 2109:000C 00EF C=FAR_DATA S=TETRIS3_DATA   G=(none)  M=TETRIS3.CPP ACBP=48
 2118:000C 015E C=FAR_DATA S=TETR_HLP_DATA  G=(none)  M=TETR_HLP.CPP ACBP=48
 212E:000A 08F8 C=FAR_DATA S=TXTEDITR_DATA  G=(none)  M=TXTEDITR.CPP ACBP=48
 21BE:0002 0BDC C=FAR_DATA S=TETRIS_DATA    G=(none)  M=TETRIS.CPP ACBP=48
 227B:000E 0024 C=FAR_DATA S=HUGEVAL_DATA   G=(none)  M=HUGEVAL    ACBP=48
 227E:0002 0000 C=FAR_DATA S=LDTRUNC_DATA   G=(none)  M=LDTRUNC    ACBP=48
 227E:0002 0043 C=FAR_DATA S=MATHWHY_DATA   G=(none)  M=MATHWHY    ACBP=48
 2282:0006 0000 C=FAR_DATA S=REALCVT_DATA   G=(none)  M=REALCVT    ACBP=48
 2282:0006 0018 C=FAR_DATA S=SCANTOD_DATA   G=(none)  M=SCANTOD    ACBP=48
 2283:000E 0000 C=FAR_DATA S=XCVT_DATA      G=(none)  M=XCVT       ACBP=48
 2283:000E 009A C=FAR_DATA S=FPERR_DATA     G=(none)  M=FPERR      ACBP=48
 228D:0008 0080 C=FAR_DATA S=_POW10_DATA    G=(none)  M=_POW10     ACBP=48
 2295:0008 0000 C=FAR_DATA S=POW10D_DATA    G=(none)  M=POW10D     ACBP=48
 2295:0008 0000 C=FAR_DATA S=MATHERR_DATA   G=(none)  M=MATHERR    ACBP=48
 2295:0008 000D C=FAR_DATA S=SQRT_DATA      G=(none)  M=SQRT       ACBP=48
 2296:0006 0010 C=FAR_DATA S=POW_DATA       G=(none)  M=POW        ACBP=48
 2297:0006 000C C=FAR_DATA S=SIN_DATA       G=(none)  M=SIN        ACBP=48
 2298:0002 000E C=FAR_DATA S=_MATHERR_DATA  G=(none)  M=_MATHERR   ACBP=48
 2299:0000 000C C=FAR_DATA S=COS_DATA       G=(none)  M=COS        ACBP=48
 229A:0000 0002 C=FAR_DATA S=FSBDTR5_DATA   G=(none)  M=FSBDTR     ACBP=68
 229B:0000 0016 C=FAR_DATA S=STDTR5_DATA    G=(none)  M=STDTR      ACBP=68
 229D:0000 0000 C=FAR_BSS S=_FARBSS        G=(none)  M=C0.ASM     ACBP=68
 229D:0000 0000 C=OVRINFO S=_OVERLAY_      G=(none)  M=C0.ASM     ACBP=68
 229D:0000 0000 C=STUBSEG S=_1STUB_        G=(none)  M=C0.ASM     ACBP=68
 229D:0000 0091 C=DATA   S=_DATA          G=DGROUP  M=C0.ASM     ACBP=68
 229D:00A0 0002 C=DATA   S=_DATA          G=DGROUP  M=FP87INIT   ACBP=68
 229D:00B0 0000 C=DATA   S=_DATA          G=DGROUP  M=E87TRAP    ACBP=68
 229D:00B0 0003 C=DATA   S=_DATA          G=DGROUP  M=PROTFLAG   ACBP=48
 229D:00B4 0002 C=DATA   S=_DATA          G=DGROUP  M=DEFLT87    ACBP=48
 229D:00B6 0000 C=DATA   S=_DATA          G=DGROUP  M=FFTOL      ACBP=48
 229D:00B6 0082 C=DATA   S=_DATA          G=DGROUP  M=ATEXIT     ACBP=48
 229D:0138 0101 C=DATA   S=_DATA          G=DGROUP  M=CTYPE      ACBP=48
 229D:023A 0000 C=DATA   S=_DATA          G=DGROUP  M=DEL        ACBP=48
 229D:023A 0000 C=DATA   S=_DATA          G=DGROUP  M=DOSFATTR   ACBP=48
 229D:023A 0000 C=DATA   S=_DATA          G=DGROUP  M=DOSVECT    ACBP=48
 229D:023A 000C C=DATA   S=_DATA          G=DGROUP  M=EXIT       ACBP=48
 229D:0246 0000 C=DATA   S=_DATA          G=DGROUP  M=FGETPOS    ACBP=48
 229D:0246 0190 C=DATA   S=_DATA          G=DGROUP  M=FILES      ACBP=48
 229D:03D6 002A C=DATA   S=_DATA          G=DGROUP  M=FILES2     ACBP=48
 229D:0400 0004 C=DATA   S=_DATA          G=DGROUP  M=FMODE      ACBP=48
 229D:0404 0002 C=DATA   S=_DATA          G=DGROUP  M=FPSTKLEN   ACBP=48
 229D:0406 0000 C=DATA   S=_DATA          G=DGROUP  M=F_SCOPY    ACBP=48
 229D:0406 0000 C=DATA   S=_DATA          G=DGROUP  M=GETDATE    ACBP=48
 229D:0406 0000 C=DATA   S=_DATA          G=DGROUP  M=GETVECT    ACBP=48
 229D:0406 0000 C=DATA   S=_DATA          G=DGROUP  M=H_LDIV     ACBP=48
 229D:0406 0000 C=DATA   S=_DATA          G=DGROUP  M=H_LLSH     ACBP=48
 229D:0406 0000 C=DATA   S=_DATA          G=DGROUP  M=H_PADD     ACBP=48
 229D:0406 005B C=DATA   S=_DATA          G=DGROUP  M=IOERROR    ACBP=48
 229D:0462 0000 C=DATA   S=_DATA          G=DGROUP  M=ISATTY     ACBP=48
 229D:0462 0000 C=DATA   S=_DATA          G=DGROUP  M=LONGTOA    ACBP=48
 229D:0462 0000 C=DATA   S=_DATA          G=DGROUP  M=LSEEK      ACBP=48
 229D:0462 0016 C=DATA   S=_DATA          G=DGROUP  M=MKNAME     ACBP=48
 229D:0478 0004 C=DATA   S=_DATA          G=DGROUP  M=NEW        ACBP=48
 229D:047C 0000 C=DATA   S=_DATA          G=DGROUP  M=NEWF       ACBP=48
 229D:047C 0000 C=DATA   S=_DATA          G=DGROUP  M=N_LXMUL    ACBP=48
 229D:047C 0000 C=DATA   S=_DATA          G=DGROUP  M=N_PCMP     ACBP=48
 229D:047C 0004 C=DATA   S=_DATA          G=DGROUP  M=RAND       ACBP=48
 229D:0480 0000 C=DATA   S=_DATA          G=DGROUP  M=READA      ACBP=48
 229D:0480 0000 C=DATA   S=_DATA          G=DGROUP  M=SETDATE    ACBP=48
 229D:0480 0000 C=DATA   S=_DATA          G=DGROUP  M=SETUPIO    ACBP=48
 229D:0480 0004 C=DATA   S=_DATA          G=DGROUP  M=SIGDATA    ACBP=48
 229D:0484 0000 C=DATA   S=_DATA          G=DGROUP  M=STIME      ACBP=48
 229D:0484 0002 C=DATA   S=_DATA          G=DGROUP  M=STKLEN     ACBP=48
 229D:0486 0000 C=DATA   S=_DATA          G=DGROUP  M=UNLINK     ACBP=48
 229D:0486 0000 C=DATA   S=_DATA          G=DGROUP  M=VDELF      ACBP=48
 229D:0486 0000 C=DATA   S=_DATA          G=DGROUP  M=VNEWF      ACBP=48
 229D:0486 0067 C=DATA   S=_DATA          G=DGROUP  M=VPRINTER   ACBP=48
 229D:04EE 0000 C=DATA   S=_DATA          G=DGROUP  M=VRAM       ACBP=48
 229D:04EE 0002 C=DATA   S=_DATA          G=DGROUP  M=WSCROLL    ACBP=48
 229D:04F0 0000 C=DATA   S=_DATA          G=DGROUP  M=_STPCPY    ACBP=48
 229D:04F0 0000 C=DATA   S=_DATA          G=DGROUP  M=CPRINTF    ACBP=48
 229D:04F0 0018 C=DATA   S=_DATA          G=DGROUP  M=CRTINIT    ACBP=48
 229D:0508 0031 C=DATA   S=_DATA          G=DGROUP  M=CVTFAK     ACBP=48
 229D:053A 0000 C=DATA   S=_DATA          G=DGROUP  M=FARHEAP    ACBP=48
 229D:053A 0002 C=DATA   S=_DATA          G=DGROUP  M=FBRK       ACBP=48
 229D:053C 0000 C=DATA   S=_DATA          G=DGROUP  M=GETCH      ACBP=48
 229D:053C 0000 C=DATA   S=_DATA          G=DGROUP  M=GPTEXT     ACBP=48
 229D:053C 0000 C=DATA   S=_DATA          G=DGROUP  M=IOCTL      ACBP=48
 229D:053C 0002 C=DATA   S=_DATA          G=DGROUP  M=KBHIT      ACBP=48
 229D:053E 0000 C=DATA   S=_DATA          G=DGROUP  M=MOVETEXT   ACBP=48
 229D:053E 0000 C=DATA   S=_DATA          G=DGROUP  M=PUTCH      ACBP=48
 229D:053E 0000 C=DATA   S=_DATA          G=DGROUP  M=REALCVT    ACBP=48
 229D:053E 0000 C=DATA   S=_DATA          G=DGROUP  M=SCREEN     ACBP=48
 229D:053E 0000 C=DATA   S=_DATA          G=DGROUP  M=SCROLL     ACBP=48
 229D:053E 0000 C=DATA   S=_DATA          G=DGROUP  M=SETBLOCK   ACBP=48
 229D:053E 0004 C=DATA   S=_DATA          G=DGROUP  M=SETENVP    ACBP=48
 229D:0542 0000 C=DATA   S=_DATA          G=DGROUP  M=STACK      ACBP=48
 229D:0542 0000 C=DATA   S=_DATA          G=DGROUP  M=WHEREXY    ACBP=48
 229D:0542 0000 C=DATA   S=_DATA          G=DGROUP  M=ATOL       ACBP=48
 229D:0542 0000 C=DATA   S=_DATA          G=DGROUP  M=CHMODA     ACBP=48
 229D:0542 0000 C=DATA   S=_DATA          G=DGROUP  M=CLOSE      ACBP=48
 229D:0542 0000 C=DATA   S=_DATA          G=DGROUP  M=CLOSEA     ACBP=48
 229D:0542 0000 C=DATA   S=_DATA          G=DGROUP  M=EOF        ACBP=48
 229D:0542 0000 C=DATA   S=_DATA          G=DGROUP  M=FCLOSE     ACBP=48
 229D:0542 0000 C=DATA   S=_DATA          G=DGROUP  M=FFLUSH     ACBP=48
 229D:0542 0000 C=DATA   S=_DATA          G=DGROUP  M=FLUSHALL   ACBP=48
 229D:0542 0000 C=DATA   S=_DATA          G=DGROUP  M=FOPEN      ACBP=48
 229D:0542 0000 C=DATA   S=_DATA          G=DGROUP  M=FPRINTF    ACBP=48
 229D:0542 0000 C=DATA   S=_DATA          G=DGROUP  M=FREAD      ACBP=48
 229D:0542 0000 C=DATA   S=_DATA          G=DGROUP  M=FSEEK      ACBP=48
 229D:0542 0001 C=DATA   S=_DATA          G=DGROUP  M=GETC       ACBP=48
 229D:0544 0000 C=DATA   S=_DATA          G=DGROUP  M=GETENV     ACBP=48
 229D:0544 0000 C=DATA   S=_DATA          G=DGROUP  M=MEMCPY     ACBP=48
 229D:0544 0000 C=DATA   S=_DATA          G=DGROUP  M=MEMSET     ACBP=48
 229D:0544 0000 C=DATA   S=_DATA          G=DGROUP  M=OPEN       ACBP=48
 229D:0544 0000 C=DATA   S=_DATA          G=DGROUP  M=OPENA      ACBP=48
 229D:0544 0002 C=DATA   S=_DATA          G=DGROUP  M=PUTC       ACBP=48
 229D:0546 0000 C=DATA   S=_DATA          G=DGROUP  M=READ       ACBP=48
 229D:0546 0000 C=DATA   S=_DATA          G=DGROUP  M=READU      ACBP=48
 229D:0546 0004 C=DATA   S=_DATA          G=DGROUP  M=SETVBUF    ACBP=48
 229D:054A 0000 C=DATA   S=_DATA          G=DGROUP  M=SPRINTF    ACBP=48
 229D:054A 0000 C=DATA   S=_DATA          G=DGROUP  M=STRCAT     ACBP=48
 229D:054A 0000 C=DATA   S=_DATA          G=DGROUP  M=STRCPY     ACBP=48
 229D:054A 0000 C=DATA   S=_DATA          G=DGROUP  M=STRLEN     ACBP=48
 229D:054A 0000 C=DATA   S=_DATA          G=DGROUP  M=STRNCPY    ACBP=48
 229D:054A 000C C=DATA   S=_DATA          G=DGROUP  M=TIMECVT    ACBP=48
 229D:0556 003B C=DATA   S=_DATA          G=DGROUP  M=TZSET      ACBP=48
 229D:0592 0000 C=DATA   S=_DATA          G=DGROUP  M=WRITE      ACBP=48
 229D:0592 0000 C=DATA   S=_DATA          G=DGROUP  M=WRITEA     ACBP=48
 229D:0592 0000 C=DATA   S=_DATA          G=DGROUP  M=WRITEU     ACBP=48
 229D:0592 0000 C=DATA   S=_DATA          G=DGROUP  M=XFCLOSE    ACBP=48
 229D:0592 0000 C=DATA   S=_DATA          G=DGROUP  M=XFFLUSH    ACBP=48
 229D:0592 0000 C=DATA   S=_DATA          G=DGROUP  M=FMEMCPY    ACBP=48
 229D:0592 0000 C=DATA   S=_DATA          G=DGROUP  M=FSTRCMP    ACBP=48
 229D:0592 0000 C=DATA   S=_DATA          G=DGROUP  M=FSBCLOSE   ACBP=48
 229D:0592 0000 C=DATA   S=_DATA          G=DGROUP  M=FSBCTR1    ACBP=48
 229D:0592 0000 C=DATA   S=_DATA          G=DGROUP  M=FSBDTR     ACBP=48
 229D:0592 0000 C=DATA   S=_DATA          G=DGROUP  M=FSBOFLOW   ACBP=48
 229D:0592 0000 C=DATA   S=_DATA          G=DGROUP  M=FSBOPEN    ACBP=48
 229D:0592 0000 C=DATA   S=_DATA          G=DGROUP  M=FSBSBUF    ACBP=48
 229D:0592 0000 C=DATA   S=_DATA          G=DGROUP  M=FSBSKOFF   ACBP=48
 229D:0592 0000 C=DATA   S=_DATA          G=DGROUP  M=FSBSYNC    ACBP=48
 229D:0592 0000 C=DATA   S=_DATA          G=DGROUP  M=FSBUFLOW   ACBP=48
 229D:0592 0000 C=DATA   S=_DATA          G=DGROUP  M=FSCLOSE    ACBP=48
 229D:0592 0000 C=DATA   S=_DATA          G=DGROUP  M=FSCTR1     ACBP=48
 229D:0592 0000 C=DATA   S=_DATA          G=DGROUP  M=FSCTR2     ACBP=48
 229D:0592 0000 C=DATA   S=_DATA          G=DGROUP  M=FSDTR      ACBP=48
 229D:0592 0000 C=DATA   S=_DATA          G=DGROUP  M=FSOPEN     ACBP=48
 229D:0592 0000 C=DATA   S=_DATA          G=DGROUP  M=IFSCTR1    ACBP=48
 229D:0592 0000 C=DATA   S=_DATA          G=DGROUP  M=IFSCTR2    ACBP=48
 229D:0592 0000 C=DATA   S=_DATA          G=DGROUP  M=IFSDTR     ACBP=48
 229D:0592 0000 C=DATA   S=_DATA          G=DGROUP  M=ISTCTR1    ACBP=48
 229D:0592 0000 C=DATA   S=_DATA          G=DGROUP  M=ISTDIPFX   ACBP=48
 229D:0592 0000 C=DATA   S=_DATA          G=DGROUP  M=ISTDTR1    ACBP=48
 229D:0592 0000 C=DATA   S=_DATA          G=DGROUP  M=ISTEATWH   ACBP=48
 229D:0592 0000 C=DATA   S=_DATA          G=DGROUP  M=ISTGLINE   ACBP=48
 229D:0592 0000 C=DATA   S=_DATA          G=DGROUP  M=ISTREAD    ACBP=48
 229D:0592 0000 C=DATA   S=_DATA          G=DGROUP  M=ISTSKOFF   ACBP=48
 229D:0592 0000 C=DATA   S=_DATA          G=DGROUP  M=ISTSKPOS   ACBP=48
 229D:0592 0000 C=DATA   S=_DATA          G=DGROUP  M=ISTTELLG   ACBP=48
 229D:0592 0000 C=DATA   S=_DATA          G=DGROUP  M=OFSCTR1    ACBP=48
 229D:0592 0000 C=DATA   S=_DATA          G=DGROUP  M=OFSDTR     ACBP=48
 229D:0592 0000 C=DATA   S=_DATA          G=DGROUP  M=OSTCTR1    ACBP=48
 229D:0592 0000 C=DATA   S=_DATA          G=DGROUP  M=OSTDTR1    ACBP=48
 229D:0592 0000 C=DATA   S=_DATA          G=DGROUP  M=OSTFLUSH   ACBP=48
 229D:0592 0000 C=DATA   S=_DATA          G=DGROUP  M=OSTSKPOS   ACBP=48
 229D:0592 0000 C=DATA   S=_DATA          G=DGROUP  M=OSTTELLP   ACBP=48
 229D:0592 0000 C=DATA   S=_DATA          G=DGROUP  M=OSTWRITE   ACBP=48
 229D:0592 0000 C=DATA   S=_DATA          G=DGROUP  M=STBALC     ACBP=48
 229D:0592 0000 C=DATA   S=_DATA          G=DGROUP  M=STBCTR1    ACBP=48
 229D:0592 0000 C=DATA   S=_DATA          G=DGROUP  M=STBDSGTN   ACBP=48
 229D:0592 0000 C=DATA   S=_DATA          G=DGROUP  M=STBDSPTN   ACBP=48
 229D:0592 0000 C=DATA   S=_DATA          G=DGROUP  M=STBDTR     ACBP=48
 229D:0592 0000 C=DATA   S=_DATA          G=DGROUP  M=STBOFLOW   ACBP=48
 229D:0592 0000 C=DATA   S=_DATA          G=DGROUP  M=STBPBFL    ACBP=48
 229D:0592 0000 C=DATA   S=_DATA          G=DGROUP  M=STBSBUF    ACBP=48
 229D:0592 0000 C=DATA   S=_DATA          G=DGROUP  M=STBSETB    ACBP=48
 229D:0592 0000 C=DATA   S=_DATA          G=DGROUP  M=STBSETG    ACBP=48
 229D:0592 0000 C=DATA   S=_DATA          G=DGROUP  M=STBSETP    ACBP=48
 229D:0592 0000 C=DATA   S=_DATA          G=DGROUP  M=STBSKOFF   ACBP=48
 229D:0592 0000 C=DATA   S=_DATA          G=DGROUP  M=STBSKPOS   ACBP=48
 229D:0592 0000 C=DATA   S=_DATA          G=DGROUP  M=STBSPUTN   ACBP=48
 229D:0592 0000 C=DATA   S=_DATA          G=DGROUP  M=STBSYNC    ACBP=48
 229D:0592 0000 C=DATA   S=_DATA          G=DGROUP  M=STBUFLOW   ACBP=48
 229D:0592 0000 C=DATA   S=_DATA          G=DGROUP  M=STCLEAR    ACBP=48
 229D:0592 0000 C=DATA   S=_DATA          G=DGROUP  M=STCTR1     ACBP=48
 229D:0592 0000 C=DATA   S=_DATA          G=DGROUP  M=STDTR      ACBP=48
 229D:0592 0000 C=DATA   S=_DATA          G=DGROUP  M=STINIT     ACBP=48
 229D:0592 0000 C=DATA   S=_DATA          G=DGROUP  M=STSETST    ACBP=48
 229D:0592 0000 C=DATA   S=_CVTSEG        G=DGROUP  M=C0.ASM     ACBP=48
 229D:0592 0002 C=DATA   S=_CVTSEG        G=DGROUP  M=REALCVT    ACBP=48
 229D:0594 0002 C=DATA   S=_CVTSEG        G=DGROUP  M=CVTFAK     ACBP=48
 229D:0596 0000 C=DATA   S=_CVTSEG        G=DGROUP  M=REALCVT    ACBP=48
 229D:0596 0000 C=DATA   S=_SCNSEG        G=DGROUP  M=C0.ASM     ACBP=48
 229D:0596 0006 C=DATA   S=_SCNSEG        G=DGROUP  M=SCANTOD    ACBP=48
 229D:059C 0006 C=DATA   S=_SCNSEG        G=DGROUP  M=CVTFAK     ACBP=48
 229D:05A2 0000 C=CONST  S=_CONST         G=DGROUP  M=C0.ASM     ACBP=48
 229D:05A2 0000 C=INITDATA S=_INIT_         G=DGROUP  M=C0.ASM     ACBP=48
 229D:05A2 0006 C=INITDATA S=_INIT_         G=DGROUP  M=SINTEZER.CPP ACBP=48
 229D:05A8 0006 C=INITDATA S=_INIT_         G=DGROUP  M=FIGURE.CPP ACBP=48
 229D:05AE 0006 C=INITDATA S=_INIT_         G=DGROUP  M=..\MY.LIB\KEYBOARD.CPP ACBP=48
 229D:05B4 0006 C=INITDATA S=_INIT_         G=DGROUP  M=..\MY.LIB\SCREEN.CPP ACBP=48
 229D:05BA 0006 C=INITDATA S=_INIT_         G=DGROUP  M=..\MY.LIB\TIMER.CPP ACBP=48
 229D:05C0 0006 C=INITDATA S=_INIT_         G=DGROUP  M=..\MY.LIB\MOVEOBJ.CPP ACBP=48
 229D:05C6 0006 C=INITDATA S=_INIT_         G=DGROUP  M=DRAWRUNL.CPP ACBP=48
 229D:05CC 0006 C=INITDATA S=_INIT_         G=DGROUP  M=TETRIS3.CPP ACBP=48
 229D:05D2 0006 C=INITDATA S=_INIT_         G=DGROUP  M=TETRIS.CPP ACBP=48
 229D:05D8 0006 C=INITDATA S=_INIT_         G=DGROUP  M=FP87INIT   ACBP=48
 229D:05DE 0006 C=INITDATA S=_INIT_         G=DGROUP  M=SETUPIO    ACBP=48
 229D:05E4 0006 C=INITDATA S=_INIT_         G=DGROUP  M=CRTINIT    ACBP=48
 229D:05EA 0006 C=INITDATA S=_INIT_         G=DGROUP  M=SETENVP    ACBP=48
 229D:05F0 0006 C=INITDATA S=_INIT_         G=DGROUP  M=TZSET      ACBP=48
 229D:05F6 0000 C=INITDATA S=_INITEND_      G=DGROUP  M=C0.ASM     ACBP=28
 229D:05F6 0000 C=EXITDATA S=_EXIT_         G=DGROUP  M=C0.ASM     ACBP=48
 229D:05F6 0006 C=EXITDATA S=_EXIT_         G=DGROUP  M=FIGURE.CPP ACBP=48
 229D:05FC 0006 C=EXITDATA S=_EXIT_         G=DGROUP  M=..\MY.LIB\KEYBOARD.CPP ACBP=48
 229D:0602 0006 C=EXITDATA S=_EXIT_         G=DGROUP  M=..\MY.LIB\SCREEN.CPP ACBP=48
 229D:0608 0006 C=EXITDATA S=_EXIT_         G=DGROUP  M=..\MY.LIB\TIMER.CPP ACBP=48
 229D:060E 0006 C=EXITDATA S=_EXIT_         G=DGROUP  M=DRAWRUNL.CPP ACBP=48
 229D:0614 0006 C=EXITDATA S=_EXIT_         G=DGROUP  M=TETRIS.CPP ACBP=48
 229D:061A 0006 C=EXITDATA S=_EXIT_         G=DGROUP  M=FP87INIT   ACBP=48
 229D:0620 0000 C=EXITDATA S=_EXITEND_      G=DGROUP  M=C0.ASM     ACBP=28
 22FF:0000 0110 C=STACK  S=_STACK         G=(none)  M=C0.ASM     ACBP=74
 22FF:0000 0080 C=STACK  S=_STACK         G=(none)  M=EMUVARS    ACBP=78

  Address         Publics by Name

 0000:1D45       operator delete(void far*)
 1412:19D7       operator <<(screen far&,manipmy far&)
 0000:22DA       operator new(unsigned int)
 0000:2323       operator new(unsigned long)
 0D87:296E       abs(int)
 1107:181E       anim::
 180A:277E       anim::anim(sprite far*)
 1107:0B54       anim::anim()
 180A:26A4       anim::operator +=(anim far&)
 1107:1742       anim::operator [](int)
 1107:0D00       anim::animate()
 1107:0BE0       anim::renewframe()
 1107:17D7       anim::renewtimelive()
 1107:15DE       anim::show()
 163A:1BA8 idle  check(char far*,char far*)
 128F:028D idle  checkunionrects(rect far&,rect far&)
 163A:1C42 idle  checkword(char far*)
 163A:0083 idle  colorchange()
 0D87:2543       cur(int,int)
 1032:0729       debug(char far*)
 128F:012A idle  determinesystem(int,int,int,int)
 128F:0049 idle  determinesystem(int,int,int,int,int far&,int far&)
 128F:01F5       determinesystem(rect far&,rect far&,rect far&)
 0AAC:00EE idle  drawbmp(int,int)
 098F:00FE       drawclock()
 098F:000E idle  drawclock2()
 0BE9:027E       drawglassbox(int,int,int,int,char)
 180A:1A95 idle  drawpalette()
 1412:0833       drawrunline(int)
 1032:06BF       fatal(char far*)
 0AAC:00D1 idle  fatal_(char far*)
 0B6C:000B       figure::figure()
 0B6C:0299       figure::check()
 0B6C:01C2       figure::show(int)
 0B6C:00AE       figure::show(int,int)
 0B6C:007C       figure::show()
 0000:61AA       filebuf::filebuf()
 0000:62C2       filebuf::~filebuf()
 0000:60FC       filebuf::close()
 0000:64BE       filebuf::open(const char far*,int,int)
 229A:0000       filebuf::openprot
 0000:6364       filebuf::overflow(int)
 0000:66E9       filebuf::seekoff(long,seek_dir,int)
 0000:6626       filebuf::setbuf(char far*,int)
 0000:68A5       filebuf::sync()
 0000:6A46       filebuf::underflow()
 163A:0131 idle  find(char)
 1412:0540 idle  findzaglavie(long,int)
 163A:0110 idle  find_zaglav()
 0D87:257F idle  font::font(int)
 0D87:26E8 idle  font::~font()
 0D87:2733 idle  font::show(int,int,int,char)
 0ABC:000D       fonteditor(char far*)
 0000:6CF8       fstreambase::fstreambase(const char far*,int,int)
 0000:6C49       fstreambase::fstreambase()
 0000:6DC4       fstreambase::~fstreambase()
 0000:6C04       fstreambase::close()
 0000:6E52       fstreambase::open(const char far*,int,int)
 1412:062B idle  fun2(char far*,char far*,int,int far*,int far*,int far*,char,int far*)
 0839:0323 idle  generatesound()
 15B3:0639       generate_picture()
 0839:000D idle  getfunctionalkeyscan(int)
 0839:0061 idle  getfunctionalkeyscan2(int)
 10C9:0174       getrealtimeclock(unsigned char far&,unsigned char far&,unsigned char far&)
 0BE9:0002       glass::glass()
 0BE9:00D2       glass::~glass()
 0BE9:0129       glass::clear()
 0BE9:06A8       glass::load(char far*)
 0BE9:0188       glass::make(unsigned int,unsigned int)
 0BE9:0217       glass::read(int,int)
 0BE9:07B3       glass::save(char far*)
 0BE9:04BC       glass::show()
 0BE9:0081 idle  glass::showbackground(int)
 0BE9:0585 idle  glass::showborder()
 0BE9:0647       glass::write(int,int,unsigned int)
 0BAB:00A4 idle  graph_draw_digit(int,int,int)
 0BAB:01BB idle  graph_draw_image(int,int,int,int,char far*)
 0BAB:02D8       graph_draw_num(int,int,unsigned long)
 0BAB:0243       graph_draw_symbol(int,int,char)
 0BAB:013C idle  graph_draw_symbol(int,int,char,int)
 0BAB:0159 idle  graph_draw_text(int,int,char far*,int)
 0BAB:034E idle  graph_horz_line(int,int,int)
 0BAB:0398 idle  graph_vert_line(int,int,int)
 0000:7054 idle  ifstream::ifstream(const unsigned char far*,int,int)
 0000:6F92       ifstream::ifstream(const char far*,int,int)
 0000:6EBF       ifstream::ifstream()
 0000:713A       ifstream::~ifstream()
 0AFA:065F       ifstream::open(const char far*,int,int)
 10C9:000A idle  int08h_new1()
 0000:8272       ios::ios()
 0000:82BE       ios::~ios()
 0AFA:069A       ios::operator !()
 229B:0004 idle  ios::adjustfield
 229B:0000 idle  ios::basefield
 0000:8231       ios::clear(int)
 180A:26D7       ios::eof()
 0AFA:0702       ios::fail()
 229B:0008 idle  ios::floatfield
 0000:8315       ios::init(streambuf far*)
 229B:000C idle  ios::nextbit
 0000:8370       ios::setstate(int)
 229B:0012 idle  ios::stdioflush
 229B:0010 idle  ios::usercount
 0000:71F4       istream::istream()
 0000:7344       istream::~istream()
 0000:73BC       istream::eatwhite()
 180A:2700       istream::getline(unsigned char far*,int,char)
 0000:7499       istream::getline(char far*,int,char)
 0000:7282       istream::ipfx(int)
 0D87:290D       istream::read(unsigned char far*,int)
 0000:75D9       istream::read(char far*,int)
 0000:774C       istream::seekg(long)
 0000:76EC       istream::seekg(long,seek_dir)
 0000:77A9       istream::tellg()
 0839:00B5 idle  keybfunctional(int)
 0839:0143 idle  keybfunctionalclear(int)
 0D2D:015B idle  keyboard::keyboard()
 0D2D:0229 idle  keyboard::~keyboard()
 0839:1542       keyboard::operator [](char)
 0D2D:0031 idle  keyboard::anykey()
 0D2D:0003 idle  keyboard::check(unsigned char)
 0D2D:0121       keyboard::clear()
 1D9C:0000 idle  keyboard::countobject
 0D2D:0276 idle  keyboard::int09h_new()
 1D9D:0000       keyboard::key
 0D2D:007C       keyboard::readscan(unsigned long)
 0D2D:0490       keyboard::set(char,char)
 0D2D:04C0       keyboard::setinputmode(int)
 0D2D:0523       keyboard::standartinput()
 0D2D:04F7       keyboard::superinput()
 1D9C:0002 idle  keyboard::this
 180A:185C idle  load_music()
 180A:0005 idle  load_sounds()
 1412:000E       load_sprites()
 0D87:2A5F       manipmy::manipmy(screen far&(far*)(screen far&,int),int)
 163A:1B77 idle  min(int,int)
 1107:17A2       mindobj::
 1107:102D idle  mindobj::mindobj()
 1107:1091 idle  mindobj::~mindobj()
 1107:0E2C idle  mindobj::operator +=(mindobj far&)
 1107:1772       mindobj::operator [](int)
 1107:0E55 idle  mindobj::add(mindobj far&,int,mindobj::going far*,mindobj::framing far*,...
 1107:13FD idle  mindobj::del(moveobj far*)
 1107:116A idle  mindobj::renewframe()
 1107:121C idle  mindobj::renewxy()
 1107:1453 idle  mindobj::show()
 10A9:0068       mouse::mouse(screen far*)
 10A9:00DF       mouse::~mouse()
 10A9:0003 idle  mouse::draw()
 10A9:0118 idle  mouse::read()
 10A9:01CD idle  mouse::set()
 10A9:0163 idle  mouse::set_horz_movement(int,int)
 10A9:0198 idle  mouse::set_vert_movement(int,int)
 180A:27DE       movefigure::
 180A:2600       movefigure::movefigure(sprite far*)
 180A:2845       movefigure::~movefigure()
 180A:27FA       movefigure::show()
 1107:1836       moveobj::
 1107:009E       moveobj::moveobj(sprite far*)
 1107:000A idle  moveobj::moveobj()
 1107:013F       moveobj::~moveobj()
 1107:0B0A idle  moveobj::operator +=(moveobj far&)
 1107:0A52 idle  moveobj::operator [](int)
 1107:02B4 idle  moveobj::animate()
 1107:1700       moveobj::del(int)
 1107:0658       moveobj::del(moveobj far*)
 1107:05D1 idle  moveobj::delall()
 1107:17BA       moveobj::destroy(int)
 1EA5:000C       moveobj::lim
 180A:2672       moveobj::makesupervisor(sprite far*)
 1107:07A8       moveobj::new(moveobj far*,int)
 1107:184E       moveobj::renewframe()
 1107:089E idle  moveobj::renewrect()
 1107:186B       moveobj::renewtimelive()
 1107:0938       moveobj::renewxy()
 1107:09D5 idle  moveobj::set(float,float,float,float,float,float)
 1107:01CA idle  moveobj::show()
 1107:0256 idle  moveobj::showall()
 1EA5:0006 idle  moveobj::speed_unit
 1EA5:0000 idle  moveobj::supervisorcounter
 1EA5:000A idle  moveobj::totalanimatedobject
 1EA5:0002 idle  moveobj::windowx
 1EA5:0004 idle  moveobj::windowy
 1107:045E idle  movetxt::animate()
 1107:1534 idle  movetxt::show()
 1032:057B       msg(char far*,int)
 1032:02C1       msgtext(char far*,char far*,char far*,int,int)
 1032:0002       msgtextminmaxvalue(char far*,int,int,int,int)
 180A:17FD       music(int,int)
 163A:07B6 idle  newline()
 0000:781C       ofstream::ofstream()
 0000:78EF       ofstream::~ofstream()
 0AFA:06C7       ofstream::open(const char far*,int,int)
 1412:07DD       open_text_book()
 0000:79A9       ostream::ostream()
 0000:7A2E       ostream::~ostream()
 0000:7AB3       ostream::flush()
 0000:7AF8       ostream::seekp(long)
 0000:7B55       ostream::tellp()
 0D87:28D7       ostream::write(const unsigned char far*,int)
 0000:7BCB       ostream::write(const char far*,int)
 0AAC:0043 idle  page(int,char)
 0BAB:0008 idle  pixel(int,int,int)
 0839:02A8       playfreq(int,int,int)
 12D0:000A       playnote(int,int,int)
 163A:085D idle  printzaglav()
 180A:18CE idle  programmeditor()
 0AAC:007F idle  putpixel(int,int,char)
 0AAC:0062 idle  putpixel(int,int,char,char,char)
 0839:0661       putrec(int,unsigned long,int)
 0839:06F1 idle  putrecord(int,unsigned long)
 0C98:08F0       random(int)
 1412:19A7       randomize()
 163A:068E idle  read_word()
 0D87:29BC       rect::rect(int,int,int,int)
 0D87:2A21       rect::rect()
 180A:273A       rect::set(int,int,int,int)
 0C98:053C       rectable::rectable()
 0C98:057B       rectable::~rectable()
 0C98:05B4       rectable::getmaxscore()
 0C98:02BA       rectable::load()
 0C98:06EB       rectable::putnewrecord(char far*,unsigned long,unsigned long,unsigned int)
 0C98:05E0       rectable::putnewrecordnamecolor(char far*,unsigned long,char)
 0C98:049F       rectable::save()
 0C98:0000       rectable::show(int)
 180A:0048 idle  redefine_keys()
 0A1F:005D       restorepalette()
 0A1F:0004       savepalette()
 0D87:01A8       screen::screen()
 0D87:0327       screen::~screen()
 0D87:18DC       screen::operator <<(double)
 0D87:196D       screen::operator <<(int)
 0D87:186C       screen::operator <<(char far*)
 0D87:1933       screen::operator <<(unsigned int)
 0D87:18A5       screen::operator <<(unsigned long)
 0D87:19BA       screen::operator <<(char)
 0D87:094D idle  screen::bitblt(int,int,int,int,char far*)
 0D87:05AF       screen::bitblt(int,int,int,int,char far*,char)
 0D87:09E3       screen::bitblttp(int,int,int,int,char far*)
 0D87:03C0 idle  screen::bitblt_part(int,int,int,int,int,int,int,int,char far*,char)
 0D87:104E       screen::border(int,int,int,int,int)
 0D87:10F1 idle  screen::center(int,char far*)
 0D87:114C       screen::clear(int)
 1E53:0006 idle  screen::constructor_run
 1E53:0000 idle  screen::countobjects
 0D87:00A4       screen::decrementpalette()
 1E53:0002 idle  screen::doublebuffer
 0D87:0C7B idle  screen::draw_circle(int,int,int,int)
 0D87:0E2F idle  screen::draw_ellipse(int,int,int,int,int)
 0D87:0A7A idle  screen::fill_circle(int,int,int,int)
 0D87:0B54 idle  screen::fill_ellipse(int,int,int,int,int)
 0D87:27E8       screen::flip_double_buffer()
 0D87:012D       screen::fontsave()
 0D87:118D       screen::getcolorregister(unsigned char,char far*,char far*,char far*)
 0D87:11DC       screen::graphmode()
 0D87:1290       screen::inputnumber(unsigned int)
 0D87:1333       screen::inputstring(int,char far*,int)
 0D87:15FA       screen::line(int,int,int,int,char)
 0D87:17D2       screen::line_down(int,int,int,char)
 0D87:181F       screen::line_right(int,int,int,char)
 0D87:1592       screen::locate(int,int)
 0D87:15C9       screen::locatexy(int,int)
 0D87:19F1       screen::pause(int)
 0D87:1F50 idle  screen::putbignumb(long)
 0D87:1FE1 idle  screen::putbignumb(long,char)
 0D87:1A27       screen::putbigsym(unsigned char,char,char)
 0D87:1B56 idle  screen::putbigtext(char far*,char)
 0D87:1BA7 idle  screen::putbigtext(char far*,char,char)
 0D87:1BFA idle  screen::putbigtext(char far*,char,char,char)
 0D87:1E37       screen::putnumb(unsigned long)
 0D87:1EB7       screen::putnumb(unsigned long,char)
 0D87:1C5B       screen::putpixel(int,int,int)
 0D87:1CB8 idle  screen::putsymbol(int,int,unsigned char)
 0D87:1D83       screen::putsymbol(unsigned char)
 0D87:1DCD       screen::puttext(char far*)
 0D87:20DC       screen::rectangle(int,int,int,int,int)
 0D87:2082 idle  screen::rectangle(rect far&,int)
 0D87:0001       screen::scrollup(int)
 0D87:2225 idle  screen::set320x240mode()
 0C98:092C       screen::setbkcolor(char)
 0D87:2995       screen::setcolor(char)
 0D87:22B4       screen::setcolorregister(unsigned char,char,char,char)
 0D87:22E7       screen::textmode()
 0D87:2309 idle  screen::update(rect)
 0D87:23BD       screen::update()
 1E53:0007 idle  screen::videomemory
 0D87:2462       screen::wait()
 0D87:250D idle  setcolor(int)
 0AAC:0008 idle  setcolorregister(char,char,char,char)
 0BAB:003C idle  setpixel(int,int,unsigned char)
 0C71:0001       settings::settings()
 0C71:003F       settings::~settings()
 0C71:00FC       settings::load()
 0C71:0078       settings::save()
 0000:22A9 idle  set_new_handler(void(far*)())
 0839:0188 idle  showhelppage()
 0A1F:0840 idle  show_help()
 12D0:0054       sound::sound()
 12D0:0587       sound::~sound()
 2003:0000 idle  sound::countobject
 12D0:031A       sound::load(char far*,int)
 12D0:021A       sound::play(int,int)
 12D0:01A8 idle  sound::sndplay(sndstruct far&)
 12D0:0162 idle  sound::soundstatus()
 12D0:02DA idle  sound::stop()
 12D0:0526 idle  sound::unload(int)
 0839:0734       soundmodule(int)
 1330:00F7       sprite::sprite(screen far*,int)
 1330:01CD       sprite::~sprite()
 2037:0000 idle  sprite::countobject
 1330:000A idle  sprite::create(sprite::image far&)
 1330:0918 idle  sprite::delete(int)
 1330:0285 idle  sprite::find(int)
 1330:02DB idle  sprite::find_free()
 1330:033D       sprite::getimage(int)
 1330:0395 idle  sprite::load(char far*,unsigned long,sprite::image)
 1330:04E3       sprite::loadspriteform(char far*,sprite::image far&)
 1330:063F       sprite::modifycolor(int,char)
 1330:06DD       sprite::scroll(int,int,int)
 1330:08ED       sprite::show(int,int,int,int)
 1330:083D idle  sprite::showdirect(int,int,int,int)
 1330:0A44       sprite::image::read(int,int)
 1330:09D9 idle  sprite::image::write(int,int,unsigned char)
 0839:06C2       startrecord()
 0000:7C6F       streambuf::streambuf()
 0000:7EA3       streambuf::~streambuf()
 0000:7C1E       streambuf::doallocate()
 0000:7D43       streambuf::do_sgetn(char far*,int)
 0000:7DFA       streambuf::do_sputn(const char far*,int)
 0000:7F1F       streambuf::overflow(int)
 0000:7F2E       streambuf::pbackfail(int)
 0000:80EA       streambuf::seekoff(long,seek_dir,int)
 0000:80FC       streambuf::seekpos(long,int)
 0000:7F70       streambuf::setb(char far*,char far*,int)
 0000:7F3D       streambuf::setbuf(char far*,int)
 0000:8026       streambuf::setg(char far*,char far*,char far*)
 0000:8097       streambuf::setp(char far*,char far*)
 0000:8127       streambuf::sputn(const char far*,int)
 0000:81A4       streambuf::sync()
 0000:81F7       streambuf::underflow()
 128F:000D idle  swap(int far&,int far&)
 15B3:0428       tetris::tetris()
 180A:03E0 idle  tetris::~tetris()
 180A:043D idle  tetris::game()
 15B3:05EA idle  tetris::generatefigurecolor()
 0AFA:0420       tetris::load(char far*)
 1412:14D1       tetris::menu()
 15B3:0002       tetris::newfiguregenerate()
 15B3:017C       tetris::nextfigureshow()
 0AFA:05B8       tetris::save(char far*)
 0AFA:0008       tetris::settings1()
 0AFA:01C4       tetris::settings2()
 1631:0006       tetrishelp()
 0A1F:00B6       tetrisstart()
 163A:0946       texteditor()
 10C9:004D idle  timer::timer(float)
 10C9:020D idle  timer::~timer()
 1E65:0000 idle  timer::countobjects
 0D87:2943       timer::gettotalcounter()
 1E65:0002 idle  timer::max_freq
 1E65:0006 idle  timer::min_freq
 10C9:00D2       timer::restart(float)
 1412:078E       tolowerregister(unsigned char far*)
 163A:0002 idle  videoeffect()
 0D87:24DE idle  _setcolor(screen far&,int)
 0D87:2499 idle  _setlocate(screen far&,int)
 0000:263D       _vector_delete_(void far*,unsigned int,unsigned long,unsigned int,...)
 0000:28C1       _vector_new_(void far*,unsigned int,unsigned long,unsigned int,...)
 229D:0000 idle  DATASEG@
 0000:0284       DGROUP@
 1A94:0306       E087_ENTRY
 1A94:03C6       E087_SHORTCUT
 1A94:0430       E087_TRAP
 0000:0000 idle  FIARQQ
 0000:0000 idle  FICRQQ
 0000:0000  Abs  FIDRQQ
 0000:0000  Abs  FIERQQ
 0000:0000  Abs  FISRQQ
 0000:0000  Abs  FIWRQQ
 0000:0000 idle  FJARQQ
 0000:0000 idle  FJCRQQ
 0000:0000  Abs  FJSRQQ
 0000:1CE5 idle  FTOL@
 0000:1CE5       F_FTOL@
 0000:1F5C idle  F_LDIV@
 0000:1F6B idle  F_LMOD@
 0000:1F63 idle  F_LUDIV@
 0000:1F73 idle  F_LUMOD@
 0000:200A idle  F_LXLSH@
 0000:4193       F_OVERFLOW@
 0000:202B idle  F_PADD@
 0000:205A idle  F_PSUB@
 0000:1EDB       F_SCOPY@
 0000:1F5C idle  LDIV@
 0000:1F6B idle  LMOD@
 0000:1F63 idle  LUDIV@
 0000:1F73 idle  LUMOD@
 0000:200A idle  LXLSH@
 0000:1F59       N_LDIV@
 0000:1F68       N_LMOD@
 0000:1F60 idle  N_LUDIV@
 0000:1F70 idle  N_LUMOD@
 0000:2007       N_LXLSH@
 0000:2388       N_LXMUL@
 0000:4193 idle  N_OVERFLOW@
 0000:2028       N_PADD@
 0000:239F       N_PCMP@
 0000:2057 idle  N_PSUB@
 0000:4193 idle  OVERFLOW@
 0000:202B idle  PADD@
 0000:205A idle  PSUB@
 0000:1EDB idle  SCOPY@
 0000:026D       _ABORT
 0000:0AC8 idle  _ADDFAR
 0000:1D11 idle  _ATEXIT
 0000:4273 idle  _ATOI
 0000:41F2       _ATOL
 0000:02E7 idle  _AUDIOCAPABILITIES
 0000:036B       _AUDIOPENDINGSTATUS
 21BE:05C8       _BACKGROUND
 21BE:003D idle  _BASEACCELERAT
 1AF1:0B32 idle  _BASEFREQCHANGE
 21BE:0039 idle  _BASESPEED
 212E:000A idle  _BIG
 1DB9:0805       _BIGSYMSCALE
 212E:002B idle  _BIG_LEN
 1EAC:0010 idle  _BUF
 0000:040F idle  _CHECKIN
 0000:0B83 idle  _CHECKMIDIIN
 0000:42AF       _CLOSE
 212E:002E idle  _CODE13
 0000:1C86       _COS
 0000:32C2 idle  _CPRINTF
 1DB9:0807 idle  _CRTCPARMS
 21BE:0041       _CURRENT_MUSIC
 212E:00D5 idle  _CURSOR_HEI
 212E:00D3 idle  _CURSOR_LEN
 229D:057C       _DAYLIGHT
 13DB:0090       _DEINITDIGPAK
 0000:04E2       _DEINITDP
 13DB:025A       _DEINITMIDPAK
 0000:0C2D       _DEINITMP
 1D42:000C idle  _DIGITS
 0000:0BB9       _DIGPAKAVAILABLE
 0000:02ED idle  _DIGPAKIDENTITYSTRING
 0000:0288 idle  _DIGPLAY
 0000:02C1 idle  _DIGPLAY2
 0000:02D4 idle  _DIGPLAYLOOP
 229D:04FF       _DIRECTVIDEO
 0000:57F8       _DOSTOUNIX
 2039:001E idle  _END_OF_FILE
 229D:053E       _ENVIRON
 0000:4315       _EOF
 229D:007F       _ERRNO
 0000:0C19 idle  _EVENTIDADDRESS
 0000:1E50       _EXIT
 0000:0819 idle  _FARCAT
 0000:0959 idle  _FARCOMPARE
 0000:0800 idle  _FARCOP
 0000:3613       _FARFREE
 0000:0907 idle  _FARLEN
 0000:3727       _FARMALLOC
 0000:0AB0 idle  _FARMOV
 0000:388B idle  _FARREALLOC
 0000:439E       _FCLOSE
 0000:445D       _FFLUSH
 0000:086E idle  _FFREE
 0000:4C55 idle  _FGETC
 0000:4D4A idle  _FGETCHAR
 0000:1EA7       _FGETPOS
 2039:00FE       _FILESIZE
 2039:0048 idle  _FILE_BUF
 0000:0689       _FLOAD
 0000:0720       _FLOADPARA
 0000:4531       _FLUSHALL
 0000:083A idle  _FMALLOC
 1DB9:0000 idle  _FONT
 1DB9:0005       _FONT8X8
 0000:4784       _FOPEN
 0000:47C0       _FPRINTF
 0000:509F idle  _FPUTC
 0000:5241 idle  _FPUTCHAR
 0000:48DE       _FREAD
 0000:3613       _FREE
 0000:49FC       _FSEEK
 0000:4A83       _FTELL
 1AF1:0B39 idle  _FUNCTIONAL_KEYS
 0000:3AC4       _GETCH
 0000:3AF6 idle  _GETCHE
 0000:1EF7       _GETDATE
 0000:4D60       _GETENV
 0000:07E9 idle  _GETKEY
 0000:3B65       _GETTEXT
 0000:1F11       _GETTIME
 0000:08AF idle  _GETTIMERINTERRUPTVECTOR
 0000:1F2B       _GETVECT
 0000:0987 idle  _IFEXISTS
 2039:008E       _IFL
 13DB:005A       _INITDIGPAK
 0000:0471       _INITDP
 13DB:0201       _INITMIDPAK
 0000:0C43       _INITMP
 1E5B:000A idle  _INT08H_OLD
 0000:3C1F       _IOCTL
 0000:20E7       _ISATTY
 1EAC:1398 idle  _ISPLAY
 1AF1:0502 idle  _ISPLAY1
 1AF1:0504 idle  _ISPLAY2
 0000:3C4F       _KBHIT
 1D65:0006       _KEYB
 21BE:0252 idle  _KEYDOWNPRESS
 0000:07D9 idle  _KEYSTAT
 13DB:0000       _LOADDIGPAK
 13DB:0124       _LOADMIDPAK
 0000:21AF       _LSEEK
 180A:1BA0       _MAIN
 0000:0B07 idle  _MAKEFP
 0000:0B14 idle  _MAKESEG
 0000:371D       _MALLOC
 1DB9:0823 idle  _MANIP
 0000:02AE idle  _MASSAGEAUDIO
 0000:18D5       _MATHERR
 21BE:0035 idle  _MAXSCORE
 0000:08EB idle  _MDELETE
 140C:000B       _MEMALLOC
 0000:4DDC       _MEMCPY
 140C:0043       _MEMFREE
 0000:4E2E       _MEMSET
 2039:0104 idle  _METHOD_BACK
 2039:0102 idle  _METHOD_NEXT
 0000:056C idle  _MFCLOSE
 0000:04F8 idle  _MFOPEN
 0000:0584 idle  _MFPOS
 0000:05B5 idle  _MFREAD
 0000:0596 idle  _MFSEEK
 0000:061F idle  _MFWRITE
 0000:0BD1 idle  _MIDIAWAKE
 0000:0BCB idle  _MIDISLEEP
 0000:0B5B       _MIDISTOP
 0000:0B61 idle  _MIDPAKCLOCK
 0000:0B67 idle  _MIDPAKCLOCKADDRESS
 1CCF:0002 idle  _MODE
 1CCF:0004 idle  _MODE_PAUSE
 1AF1:0B33 idle  _MODE_PLAY
 212E:002C idle  _MODE_PRINTER
 212E:002D idle  _MODE_RANDOMCHANGECHAPTER
 1CCF:0006 idle  _MODE_READY_PAUSE
 1AF1:0B35 idle  _MODE_REC
 21BE:043C idle  _MOUSE
 21BE:05D8 idle  _MOVEFIG
 0000:3C68       _MOVETEXT
 2039:014A idle  _NEED_FIND
 2109:000C idle  _NEXTFIGURELIST
 0000:03E0 idle  _NULLSOUND
 1AF1:1705 idle  _OLD_KEYS
 0000:4E8F       _OPEN
 0000:038F       _PENDINGADDRESS
 0000:0B1E       _PLAYSEQUENCE
 1AF1:0B37 idle  _PLAY_COUNTER
 0000:0C0D idle  _POLLMIDPAK
 0000:0358       _POSTAUDIOPENDING
 0000:19CD       _POW
 0000:18C3       _POW10
 0000:3D0C       _PUTCH
 0000:3BC2       _PUTTEXT
 0000:23D8       _RAND
 0000:5564       _READ
 0000:3884 idle  _REALLOC
 1AF1:0530 idle  _REAL_REC
 1AF1:0532 idle  _RECORD
 21BE:0043       _RECTABLE
 0000:0B3F       _REGISTERXMIDI
 0000:0BFB idle  _REGISTERXMIDIFILE
 0000:0BE3 idle  _RELATIVEVOLUME
 0000:0B71 idle  _REMAPCHANNEL
 0000:0348 idle  _REPORTCALLBACKADDRESS
 0000:0BBF idle  _REPORTCALLBACKTRIGGER
 0000:03DA       _REPORTDMAC
 0000:0315 idle  _REPORTSAMPLE
 0000:0395 idle  _REPORTSEMAPHOREADDRESS
 0000:0C1F idle  _REPORTSEQUENCENUMBER
 0000:039D idle  _REPORTVERSIONNUMBER
 0000:0BC5 idle  _RESETCALLBACKCOUNTER
 0000:0BD7 idle  _RESUMEPLAYING
 2039:0311 idle  _RUNLINE3
 2039:0000       _RUNLX
 2039:0106 idle  _RUS1
 2039:0127 idle  _RUS2
 2039:0148 idle  _RUS_SIZE
 1D42:0073 idle  _SCALEX_TEXT
 1D42:0075 idle  _SCALEY_TEXT
 21BE:0432       _SCR
 0000:0B2D idle  _SEGUESEQUENCE
 0000:0BDD       _SEQUENCESTATUS
 0000:0333 idle  _SETAUDIOHARDWARE
 0000:03CB       _SETBACKFILLMODE
 0000:4106       _SETBLOCK
 0000:031B idle  _SETCALLBACKADDRESS
 0000:2441       _SETDATE
 0000:4E03       _SETMEM
 0000:0380 idle  _SETPLAYMODE
 0000:03BC idle  _SETRECORDMODE
 0000:0BE9       _SETRELATIVEVOLUME
 0000:0371 idle  _SETSTEREOPAN
 0000:245D       _SETTIME
 0000:03AD idle  _SETTIMERDIVISORRATE
 0000:08BD idle  _SETTIMERINTERRUPTVECTOR
 21BE:0002       _SETTINGS
 0000:5567       _SETVBUF
 0000:1F41       _SETVECT
 2039:0004       _SHOW_TASK_LIST
 0000:1B67       _SIN
 1AF1:0506 idle  _SND1
 1AF1:0512 idle  _SND2
 21BE:0964 idle  _SONG
 21BE:098C idle  _SONG_LEN
 21BE:044D       _SOUND
 0000:02A8 idle  _SOUNDSTATUS
 21BE:0250 idle  _SOUNDVOLUME
 0000:56D9       _SPRINTF
 21BE:05B8       _SPRITE
 1D40:001C       _SPRITEBOX
 1D40:000C       _SPRITEFIGURE
 0000:1906       _SQRT
 0000:23C0       _SRAND
 2039:0006       _STEPRUNLX
 0000:2578 idle  _STIME
 0000:03A7 idle  _STOPNEXTLOOP
 0000:032D idle  _STOPSOUND
 0000:572A       _STRCAT
 0000:576E       _STRCPY
 0000:579C       _STRLEN
 0000:57C2       _STRNCPY
 2039:000A idle  _STR_FIND
 1D42:0034 idle  _SYMBOL_DVOE
 1D42:005E idle  _SYMBOL_MINUS
 1D42:0049 idle  _SYMBOL_POINT
 1AF1:0BC1 idle  _TABLE0
 1AF1:0F81 idle  _TABLE1
 1AF1:1341 idle  _TABLE2
 0000:0A6C idle  _TCOLOR
 21BE:0254       _TETRIS
 0000:0A9B idle  _TEXTCURSOR
 2039:0008       _TEXT_LOOP
 0000:25BF       _TIME
 1E5B:0000       _TIMER
 229D:0578       _TIMEZONE
 0000:09AB idle  _TPRINT
 0000:0C13 idle  _TRIGGERCOUNTADDRESS
 229D:0570 idle  _TZNAME
 0000:5B51       _TZSET
 0000:0921 idle  _UCASE
 0000:3B27 idle  _UNGETCH
 0000:5939       _UNIXTODOS
 0000:261E       _UNLINK
 13DB:00CD       _UNLOADDIGPAK
 13DB:029C       _UNLOADMIDPAK
 0000:03FB idle  _VERIFYDMA
 0000:5702 idle  _VSPRINTF
 0000:034E idle  _WAITSOUND
 1DB9:081B       _WAIT_FLAG1
 1DB9:081F       _WAIT_FLAG2
 0000:41B6 idle  _WHEREX
 0000:41D2 idle  _WHEREY
 212E:002F idle  _WORD
 212E:016C idle  _WORDS
 212E:00E4 idle  _WORDS_GOD
 212E:021C idle  _WORDS_IISUS
 212E:006F idle  _WORD_LEN
 0000:6016       _WRITE
 0000:0886 idle  _WRITELN
 229D:00A0       __8087
 0000:1000 idle  __AHINCR
 0000:000C  Abs  __AHSHIFT
 229D:00B6       __ATEXITCNT
 229D:00B8       __ATEXITTBL
 0000:39B4       __BRK
 229D:0089       __BRKLVL
 229D:006B idle  __C0ARGC
 229D:006D idle  __C0ARGV
 0000:33C2 idle  __C0CRTINIT
 229D:0071       __C0ENVIRON
 229D:053D       __CCHAR
 0000:1E7F idle  __CEXIT
 229D:053C       __CFLAG
 0000:0158       __CHECKNULL
 0000:428B       __CHMOD
 0000:0145       __CLEANUP
 0000:42EA       __CLOSE
 0000:3130       __CPUTN
 0000:33E6 idle  __CRTINIT
 229D:0138       __CTYPE
 0000:0000  Abs  __CVTFAK
 0000:1E94 idle  __C_EXIT
 229D:00B4       __DEFAULT87
 229D:0406       __DOSERRNO
 0000:20CE       __DOSERROR
 229D:0408 idle  __DOSERRORTOSV
 0000:1D5E       __DOS_GETFILEATTR
 0000:1DA9       __DOS_GETVECT
 0000:1D85 idle  __DOS_SETFILEATTR
 0000:1DBF idle  __DOS_SETVECT
 22FF:0000       __EMU
 229D:0075       __ENVLNG
 229D:0077       __ENVSEG
 229D:0079       __ENVSIZE
 0000:1E66       __EXIT
 229D:023A       __EXITBUF
 229D:023E       __EXITFOPEN
 229D:0242 idle  __EXITOPEN
 0000:1951 idle  __EXPL
 0000:4C36       __FGETC
 0000:8087 idle  __FLOATCONVERT
 0000:60A2       __FMEMCPY
 229D:0400       __FMODE
 0000:171A       __FPERROR
 229D:0404       __FPSTKLEN
 0000:0ECD idle  __FPUINT
 0000:507C idle  __FPUTC
 0000:525F       __FPUTN
 0000:60C9       __FSTRCMP
 0000:472B idle  __GETFP
 229D:0085       __HEAPBASE
 229D:008D       __HEAPTOP
 227B:0012       __HUGE_DBLE
 227B:000E idle  __HUGE_FLT
 227B:001A idle  __HUGE_LDBLE
 227B:0024 idle  __INDEFINITE
 229D:005B idle  __INT0VECTOR
 229D:005F idle  __INT4VECTOR
 229D:0063 idle  __INT5VECTOR
 229D:0067 idle  __INT6VECTOR
 0000:2088       __IOERROR
 0000:5D71       __ISDST
 229D:00B1       __LDT
 0000:0ED1       __LDTRUNC
 0000:20FF       __LONGTOA
 0000:1BC6       __MATHERR
 227E:0002       __MATHWHY
 0000:21E5       __MKNAME
 0000:0286 idle  __MMODEL
 229D:0556 idle  __MONTHDAY
 229D:0478       __NEW_HANDLER
 0000:4C52 idle  __NFGETC
 229D:03D6       __NFILE
 0000:3AF3 idle  __NGETCHE
 229D:0402       __NOTUMASK
 0000:3B24 idle  __NUNGETCH
 0000:5020       __OPEN
 229D:03D8       __OPENFD
 0000:4653 idle  __OPENFP
 229D:007D idle  __OSMAJOR
 229D:007E idle  __OSMINOR
 229D:007D idle  __OSVERSION
 0000:17EE       __POW10
 229D:00B0       __PROTECTED
 229D:007B       __PSP
 0000:2405       __READ
 0000:3D2A       __REALCVT
 229D:0592       __REALCVTVECTOR
 0000:01AE       __RESTOREZERO
 0000:3A06       __SBRK
 229D:0596 idle  __SCANTODVECTOR
 0000:3E9B       __SCREENIO
 0000:3F81       __SCROLL
 0000:0000 idle  __SETENVP__
 0000:2479       __SETUPIO
 229D:0081 idle  __STARTTIME
 229D:0484       __STKLEN
 0000:30F5       __STPCPY
 229D:0246       __STREAMS
 0000:0159       __TERMINATE
 227B:0028 idle  __TINY_LDBLE
 0000:2249 idle  __TMPNAM
 0000:0000 idle  __TURBOCRT
 0000:0000  Abs  __TURBOCVT
 0000:8087  Abs  __TURBOFLOAT
 0000:2188       __UTOA
 0000:3EEA       __VALIDATEXY
 229D:007D       __VERSION
 229D:04F0       __VIDEO
 0000:332E       __VIDEOINT
 0000:2B78       __VPRINTER
 0000:3030       __VPTR
 0000:306E       __VRAM
 0000:41A5       __WHEREXY
 0000:5FC7       __WRITE
 229D:04EE       __WSCROLL
 0000:1507       __XCVT
 0000:6019       __XFCLOSE
 0000:6061       __XFFLUSH
 0000:34D3 idle  ___FIRST
 0000:0DFC idle  ___FPRESET
 0000:34D5 idle  ___LAST
 0000:5475       ___READ
 0000:34D7 idle  ___ROVER
 229D:0480       ___SIGNALPTR
 0000:5E57       ___WRITE

  Address         Publics by Value

 0000:0000  Abs  FIWRQQ
 0000:0000  Abs  FIERQQ
 0000:0000  Abs  FIDRQQ
 0000:0000  Abs  __TURBOCVT
 0000:0000 idle  FIARQQ
 0000:0000 idle  FICRQQ
 0000:0000  Abs  FISRQQ
 0000:0000 idle  FJARQQ
 0000:0000 idle  FJCRQQ
 0000:0000  Abs  FJSRQQ
 0000:0000 idle  __TURBOCRT
 0000:0000  Abs  __CVTFAK
 0000:0000 idle  __SETENVP__
 0000:000C  Abs  __AHSHIFT
 0000:0145       __CLEANUP
 0000:0158       __CHECKNULL
 0000:0159       __TERMINATE
 0000:01AE       __RESTOREZERO
 0000:026D       _ABORT
 0000:0284       DGROUP@
 0000:0286 idle  __MMODEL
 0000:0288 idle  _DIGPLAY
 0000:02A8 idle  _SOUNDSTATUS
 0000:02AE idle  _MASSAGEAUDIO
 0000:02C1 idle  _DIGPLAY2
 0000:02D4 idle  _DIGPLAYLOOP
 0000:02E7 idle  _AUDIOCAPABILITIES
 0000:02ED idle  _DIGPAKIDENTITYSTRING
 0000:0315 idle  _REPORTSAMPLE
 0000:031B idle  _SETCALLBACKADDRESS
 0000:032D idle  _STOPSOUND
 0000:0333 idle  _SETAUDIOHARDWARE
 0000:0348 idle  _REPORTCALLBACKADDRESS
 0000:034E idle  _WAITSOUND
 0000:0358       _POSTAUDIOPENDING
 0000:036B       _AUDIOPENDINGSTATUS
 0000:0371 idle  _SETSTEREOPAN
 0000:0380 idle  _SETPLAYMODE
 0000:038F       _PENDINGADDRESS
 0000:0395 idle  _REPORTSEMAPHOREADDRESS
 0000:039D idle  _REPORTVERSIONNUMBER
 0000:03A7 idle  _STOPNEXTLOOP
 0000:03AD idle  _SETTIMERDIVISORRATE
 0000:03BC idle  _SETRECORDMODE
 0000:03CB       _SETBACKFILLMODE
 0000:03DA       _REPORTDMAC
 0000:03E0 idle  _NULLSOUND
 0000:03FB idle  _VERIFYDMA
 0000:040F idle  _CHECKIN
 0000:0471       _INITDP
 0000:04E2       _DEINITDP
 0000:04F8 idle  _MFOPEN
 0000:056C idle  _MFCLOSE
 0000:0584 idle  _MFPOS
 0000:0596 idle  _MFSEEK
 0000:05B5 idle  _MFREAD
 0000:061F idle  _MFWRITE
 0000:0689       _FLOAD
 0000:0720       _FLOADPARA
 0000:07D9 idle  _KEYSTAT
 0000:07E9 idle  _GETKEY
 0000:0800 idle  _FARCOP
 0000:0819 idle  _FARCAT
 0000:083A idle  _FMALLOC
 0000:086E idle  _FFREE
 0000:0886 idle  _WRITELN
 0000:08AF idle  _GETTIMERINTERRUPTVECTOR
 0000:08BD idle  _SETTIMERINTERRUPTVECTOR
 0000:08EB idle  _MDELETE
 0000:0907 idle  _FARLEN
 0000:0921 idle  _UCASE
 0000:0959 idle  _FARCOMPARE
 0000:0987 idle  _IFEXISTS
 0000:09AB idle  _TPRINT
 0000:0A6C idle  _TCOLOR
 0000:0A9B idle  _TEXTCURSOR
 0000:0AB0 idle  _FARMOV
 0000:0AC8 idle  _ADDFAR
 0000:0B07 idle  _MAKEFP
 0000:0B14 idle  _MAKESEG
 0000:0B1E       _PLAYSEQUENCE
 0000:0B2D idle  _SEGUESEQUENCE
 0000:0B3F       _REGISTERXMIDI
 0000:0B5B       _MIDISTOP
 0000:0B61 idle  _MIDPAKCLOCK
 0000:0B67 idle  _MIDPAKCLOCKADDRESS
 0000:0B71 idle  _REMAPCHANNEL
 0000:0B83 idle  _CHECKMIDIIN
 0000:0BB9       _DIGPAKAVAILABLE
 0000:0BBF idle  _REPORTCALLBACKTRIGGER
 0000:0BC5 idle  _RESETCALLBACKCOUNTER
 0000:0BCB idle  _MIDISLEEP
 0000:0BD1 idle  _MIDIAWAKE
 0000:0BD7 idle  _RESUMEPLAYING
 0000:0BDD       _SEQUENCESTATUS
 0000:0BE3 idle  _RELATIVEVOLUME
 0000:0BE9       _SETRELATIVEVOLUME
 0000:0BFB idle  _REGISTERXMIDIFILE
 0000:0C0D idle  _POLLMIDPAK
 0000:0C13 idle  _TRIGGERCOUNTADDRESS
 0000:0C19 idle  _EVENTIDADDRESS
 0000:0C1F idle  _REPORTSEQUENCENUMBER
 0000:0C2D       _DEINITMP
 0000:0C43       _INITMP
 0000:0DFC idle  ___FPRESET
 0000:0ECD idle  __FPUINT
 0000:0ED1       __LDTRUNC
 0000:1000 idle  __AHINCR
 0000:1507       __XCVT
 0000:171A       __FPERROR
 0000:17EE       __POW10
 0000:18C3       _POW10
 0000:18D5       _MATHERR
 0000:1906       _SQRT
 0000:1951 idle  __EXPL
 0000:19CD       _POW
 0000:1B67       _SIN
 0000:1BC6       __MATHERR
 0000:1C86       _COS
 0000:1CE5       F_FTOL@
 0000:1CE5 idle  FTOL@
 0000:1D11 idle  _ATEXIT
 0000:1D45       operator delete(void far*)
 0000:1D5E       __DOS_GETFILEATTR
 0000:1D85 idle  __DOS_SETFILEATTR
 0000:1DA9       __DOS_GETVECT
 0000:1DBF idle  __DOS_SETVECT
 0000:1E50       _EXIT
 0000:1E66       __EXIT
 0000:1E7F idle  __CEXIT
 0000:1E94 idle  __C_EXIT
 0000:1EA7       _FGETPOS
 0000:1EDB       F_SCOPY@
 0000:1EDB idle  SCOPY@
 0000:1EF7       _GETDATE
 0000:1F11       _GETTIME
 0000:1F2B       _GETVECT
 0000:1F41       _SETVECT
 0000:1F59       N_LDIV@
 0000:1F5C idle  LDIV@
 0000:1F5C idle  F_LDIV@
 0000:1F60 idle  N_LUDIV@
 0000:1F63 idle  F_LUDIV@
 0000:1F63 idle  LUDIV@
 0000:1F68       N_LMOD@
 0000:1F6B idle  F_LMOD@
 0000:1F6B idle  LMOD@
 0000:1F70 idle  N_LUMOD@
 0000:1F73 idle  LUMOD@
 0000:1F73 idle  F_LUMOD@
 0000:2007       N_LXLSH@
 0000:200A idle  LXLSH@
 0000:200A idle  F_LXLSH@
 0000:2028       N_PADD@
 0000:202B idle  F_PADD@
 0000:202B idle  PADD@
 0000:2057 idle  N_PSUB@
 0000:205A idle  F_PSUB@
 0000:205A idle  PSUB@
 0000:2088       __IOERROR
 0000:20CE       __DOSERROR
 0000:20E7       _ISATTY
 0000:20FF       __LONGTOA
 0000:2188       __UTOA
 0000:21AF       _LSEEK
 0000:21E5       __MKNAME
 0000:2249 idle  __TMPNAM
 0000:22A9 idle  set_new_handler(void(far*)())
 0000:22DA       operator new(unsigned int)
 0000:2323       operator new(unsigned long)
 0000:2388       N_LXMUL@
 0000:239F       N_PCMP@
 0000:23C0       _SRAND
 0000:23D8       _RAND
 0000:2405       __READ
 0000:2441       _SETDATE
 0000:245D       _SETTIME
 0000:2479       __SETUPIO
 0000:2578 idle  _STIME
 0000:25BF       _TIME
 0000:261E       _UNLINK
 0000:263D       _vector_delete_(void far*,unsigned int,unsigned long,unsigned int,...)
 0000:28C1       _vector_new_(void far*,unsigned int,unsigned long,unsigned int,...)
 0000:2B78       __VPRINTER
 0000:3030       __VPTR
 0000:306E       __VRAM
 0000:30F5       __STPCPY
 0000:3130       __CPUTN
 0000:32C2 idle  _CPRINTF
 0000:332E       __VIDEOINT
 0000:33C2 idle  __C0CRTINIT
 0000:33E6 idle  __CRTINIT
 0000:34D3 idle  ___FIRST
 0000:34D5 idle  ___LAST
 0000:34D7 idle  ___ROVER
 0000:3613       _FARFREE
 0000:3613       _FREE
 0000:371D       _MALLOC
 0000:3727       _FARMALLOC
 0000:3884 idle  _REALLOC
 0000:388B idle  _FARREALLOC
 0000:39B4       __BRK
 0000:3A06       __SBRK
 0000:3AC4       _GETCH
 0000:3AF3 idle  __NGETCHE
 0000:3AF6 idle  _GETCHE
 0000:3B24 idle  __NUNGETCH
 0000:3B27 idle  _UNGETCH
 0000:3B65       _GETTEXT
 0000:3BC2       _PUTTEXT
 0000:3C1F       _IOCTL
 0000:3C4F       _KBHIT
 0000:3C68       _MOVETEXT
 0000:3D0C       _PUTCH
 0000:3D2A       __REALCVT
 0000:3E9B       __SCREENIO
 0000:3EEA       __VALIDATEXY
 0000:3F81       __SCROLL
 0000:4106       _SETBLOCK
 0000:4193       F_OVERFLOW@
 0000:4193 idle  N_OVERFLOW@
 0000:4193 idle  OVERFLOW@
 0000:41A5       __WHEREXY
 0000:41B6 idle  _WHEREX
 0000:41D2 idle  _WHEREY
 0000:41F2       _ATOL
 0000:4273 idle  _ATOI
 0000:428B       __CHMOD
 0000:42AF       _CLOSE
 0000:42EA       __CLOSE
 0000:4315       _EOF
 0000:439E       _FCLOSE
 0000:445D       _FFLUSH
 0000:4531       _FLUSHALL
 0000:4653 idle  __OPENFP
 0000:472B idle  __GETFP
 0000:4784       _FOPEN
 0000:47C0       _FPRINTF
 0000:48DE       _FREAD
 0000:49FC       _FSEEK
 0000:4A83       _FTELL
 0000:4C36       __FGETC
 0000:4C52 idle  __NFGETC
 0000:4C55 idle  _FGETC
 0000:4D4A idle  _FGETCHAR
 0000:4D60       _GETENV
 0000:4DDC       _MEMCPY
 0000:4E03       _SETMEM
 0000:4E2E       _MEMSET
 0000:4E8F       _OPEN
 0000:5020       __OPEN
 0000:507C idle  __FPUTC
 0000:509F idle  _FPUTC
 0000:5241 idle  _FPUTCHAR
 0000:525F       __FPUTN
 0000:5475       ___READ
 0000:5564       _READ
 0000:5567       _SETVBUF
 0000:56D9       _SPRINTF
 0000:5702 idle  _VSPRINTF
 0000:572A       _STRCAT
 0000:576E       _STRCPY
 0000:579C       _STRLEN
 0000:57C2       _STRNCPY
 0000:57F8       _DOSTOUNIX
 0000:5939       _UNIXTODOS
 0000:5B51       _TZSET
 0000:5D71       __ISDST
 0000:5E57       ___WRITE
 0000:5FC7       __WRITE
 0000:6016       _WRITE
 0000:6019       __XFCLOSE
 0000:6061       __XFFLUSH
 0000:60A2       __FMEMCPY
 0000:60C9       __FSTRCMP
 0000:60FC       filebuf::close()
 0000:61AA       filebuf::filebuf()
 0000:62C2       filebuf::~filebuf()
 0000:6364       filebuf::overflow(int)
 0000:64BE       filebuf::open(const char far*,int,int)
 0000:6626       filebuf::setbuf(char far*,int)
 0000:66E9       filebuf::seekoff(long,seek_dir,int)
 0000:68A5       filebuf::sync()
 0000:6A46       filebuf::underflow()
 0000:6C04       fstreambase::close()
 0000:6C49       fstreambase::fstreambase()
 0000:6CF8       fstreambase::fstreambase(const char far*,int,int)
 0000:6DC4       fstreambase::~fstreambase()
 0000:6E52       fstreambase::open(const char far*,int,int)
 0000:6EBF       ifstream::ifstream()
 0000:6F92       ifstream::ifstream(const char far*,int,int)
 0000:7054 idle  ifstream::ifstream(const unsigned char far*,int,int)
 0000:713A       ifstream::~ifstream()
 0000:71F4       istream::istream()
 0000:7282       istream::ipfx(int)
 0000:7344       istream::~istream()
 0000:73BC       istream::eatwhite()
 0000:7499       istream::getline(char far*,int,char)
 0000:75D9       istream::read(char far*,int)
 0000:76EC       istream::seekg(long,seek_dir)
 0000:774C       istream::seekg(long)
 0000:77A9       istream::tellg()
 0000:781C       ofstream::ofstream()
 0000:78EF       ofstream::~ofstream()
 0000:79A9       ostream::ostream()
 0000:7A2E       ostream::~ostream()
 0000:7AB3       ostream::flush()
 0000:7AF8       ostream::seekp(long)
 0000:7B55       ostream::tellp()
 0000:7BCB       ostream::write(const char far*,int)
 0000:7C1E       streambuf::doallocate()
 0000:7C6F       streambuf::streambuf()
 0000:7D43       streambuf::do_sgetn(char far*,int)
 0000:7DFA       streambuf::do_sputn(const char far*,int)
 0000:7EA3       streambuf::~streambuf()
 0000:7F1F       streambuf::overflow(int)
 0000:7F2E       streambuf::pbackfail(int)
 0000:7F3D       streambuf::setbuf(char far*,int)
 0000:7F70       streambuf::setb(char far*,char far*,int)
 0000:8026       streambuf::setg(char far*,char far*,char far*)
 0000:8087  Abs  __TURBOFLOAT
 0000:8087 idle  __FLOATCONVERT
 0000:8097       streambuf::setp(char far*,char far*)
 0000:80EA       streambuf::seekoff(long,seek_dir,int)
 0000:80FC       streambuf::seekpos(long,int)
 0000:8127       streambuf::sputn(const char far*,int)
 0000:81A4       streambuf::sync()
 0000:81F7       streambuf::underflow()
 0000:8231       ios::clear(int)
 0000:8272       ios::ios()
 0000:82BE       ios::~ios()
 0000:8315       ios::init(streambuf far*)
 0000:8370       ios::setstate(int)
 0839:000D idle  getfunctionalkeyscan(int)
 0839:0061 idle  getfunctionalkeyscan2(int)
 0839:00B5 idle  keybfunctional(int)
 0839:0143 idle  keybfunctionalclear(int)
 0839:0188 idle  showhelppage()
 0839:02A8       playfreq(int,int,int)
 0839:0323 idle  generatesound()
 0839:0661       putrec(int,unsigned long,int)
 0839:06C2       startrecord()
 0839:06F1 idle  putrecord(int,unsigned long)
 0839:0734       soundmodule(int)
 0839:1542       keyboard::operator [](char)
 098F:000E idle  drawclock2()
 098F:00FE       drawclock()
 0A1F:0004       savepalette()
 0A1F:005D       restorepalette()
 0A1F:00B6       tetrisstart()
 0A1F:0840 idle  show_help()
 0AAC:0008 idle  setcolorregister(char,char,char,char)
 0AAC:0043 idle  page(int,char)
 0AAC:0062 idle  putpixel(int,int,char,char,char)
 0AAC:007F idle  putpixel(int,int,char)
 0AAC:00D1 idle  fatal_(char far*)
 0AAC:00EE idle  drawbmp(int,int)
 0ABC:000D       fonteditor(char far*)
 0AFA:0008       tetris::settings1()
 0AFA:01C4       tetris::settings2()
 0AFA:0420       tetris::load(char far*)
 0AFA:05B8       tetris::save(char far*)
 0AFA:065F       ifstream::open(const char far*,int,int)
 0AFA:069A       ios::operator !()
 0AFA:06C7       ofstream::open(const char far*,int,int)
 0AFA:0702       ios::fail()
 0B6C:000B       figure::figure()
 0B6C:007C       figure::show()
 0B6C:00AE       figure::show(int,int)
 0B6C:01C2       figure::show(int)
 0B6C:0299       figure::check()
 0BAB:0008 idle  pixel(int,int,int)
 0BAB:003C idle  setpixel(int,int,unsigned char)
 0BAB:00A4 idle  graph_draw_digit(int,int,int)
 0BAB:013C idle  graph_draw_symbol(int,int,char,int)
 0BAB:0159 idle  graph_draw_text(int,int,char far*,int)
 0BAB:01BB idle  graph_draw_image(int,int,int,int,char far*)
 0BAB:0243       graph_draw_symbol(int,int,char)
 0BAB:02D8       graph_draw_num(int,int,unsigned long)
 0BAB:034E idle  graph_horz_line(int,int,int)
 0BAB:0398 idle  graph_vert_line(int,int,int)
 0BE9:0002       glass::glass()
 0BE9:0081 idle  glass::showbackground(int)
 0BE9:00D2       glass::~glass()
 0BE9:0129       glass::clear()
 0BE9:0188       glass::make(unsigned int,unsigned int)
 0BE9:0217       glass::read(int,int)
 0BE9:027E       drawglassbox(int,int,int,int,char)
 0BE9:04BC       glass::show()
 0BE9:0585 idle  glass::showborder()
 0BE9:0647       glass::write(int,int,unsigned int)
 0BE9:06A8       glass::load(char far*)
 0BE9:07B3       glass::save(char far*)
 0C71:0001       settings::settings()
 0C71:003F       settings::~settings()
 0C71:0078       settings::save()
 0C71:00FC       settings::load()
 0C98:0000       rectable::show(int)
 0C98:02BA       rectable::load()
 0C98:049F       rectable::save()
 0C98:053C       rectable::rectable()
 0C98:057B       rectable::~rectable()
 0C98:05B4       rectable::getmaxscore()
 0C98:05E0       rectable::putnewrecordnamecolor(char far*,unsigned long,char)
 0C98:06EB       rectable::putnewrecord(char far*,unsigned long,unsigned long,unsigned int)
 0C98:08F0       random(int)
 0C98:092C       screen::setbkcolor(char)
 0D2D:0003 idle  keyboard::check(unsigned char)
 0D2D:0031 idle  keyboard::anykey()
 0D2D:007C       keyboard::readscan(unsigned long)
 0D2D:0121       keyboard::clear()
 0D2D:015B idle  keyboard::keyboard()
 0D2D:0229 idle  keyboard::~keyboard()
 0D2D:0276 idle  keyboard::int09h_new()
 0D2D:0490       keyboard::set(char,char)
 0D2D:04C0       keyboard::setinputmode(int)
 0D2D:04F7       keyboard::superinput()
 0D2D:0523       keyboard::standartinput()
 0D87:0001       screen::scrollup(int)
 0D87:00A4       screen::decrementpalette()
 0D87:012D       screen::fontsave()
 0D87:01A8       screen::screen()
 0D87:0327       screen::~screen()
 0D87:03C0 idle  screen::bitblt_part(int,int,int,int,int,int,int,int,char far*,char)
 0D87:05AF       screen::bitblt(int,int,int,int,char far*,char)
 0D87:094D idle  screen::bitblt(int,int,int,int,char far*)
 0D87:09E3       screen::bitblttp(int,int,int,int,char far*)
 0D87:0A7A idle  screen::fill_circle(int,int,int,int)
 0D87:0B54 idle  screen::fill_ellipse(int,int,int,int,int)
 0D87:0C7B idle  screen::draw_circle(int,int,int,int)
 0D87:0E2F idle  screen::draw_ellipse(int,int,int,int,int)
 0D87:104E       screen::border(int,int,int,int,int)
 0D87:10F1 idle  screen::center(int,char far*)
 0D87:114C       screen::clear(int)
 0D87:118D       screen::getcolorregister(unsigned char,char far*,char far*,char far*)
 0D87:11DC       screen::graphmode()
 0D87:1290       screen::inputnumber(unsigned int)
 0D87:1333       screen::inputstring(int,char far*,int)
 0D87:1592       screen::locate(int,int)
 0D87:15C9       screen::locatexy(int,int)
 0D87:15FA       screen::line(int,int,int,int,char)
 0D87:17D2       screen::line_down(int,int,int,char)
 0D87:181F       screen::line_right(int,int,int,char)
 0D87:186C       screen::operator <<(char far*)
 0D87:18A5       screen::operator <<(unsigned long)
 0D87:18DC       screen::operator <<(double)
 0D87:1933       screen::operator <<(unsigned int)
 0D87:196D       screen::operator <<(int)
 0D87:19BA       screen::operator <<(char)
 0D87:19F1       screen::pause(int)
 0D87:1A27       screen::putbigsym(unsigned char,char,char)
 0D87:1B56 idle  screen::putbigtext(char far*,char)
 0D87:1BA7 idle  screen::putbigtext(char far*,char,char)
 0D87:1BFA idle  screen::putbigtext(char far*,char,char,char)
 0D87:1C5B       screen::putpixel(int,int,int)
 0D87:1CB8 idle  screen::putsymbol(int,int,unsigned char)
 0D87:1D83       screen::putsymbol(unsigned char)
 0D87:1DCD       screen::puttext(char far*)
 0D87:1E37       screen::putnumb(unsigned long)
 0D87:1EB7       screen::putnumb(unsigned long,char)
 0D87:1F50 idle  screen::putbignumb(long)
 0D87:1FE1 idle  screen::putbignumb(long,char)
 0D87:2082 idle  screen::rectangle(rect far&,int)
 0D87:20DC       screen::rectangle(int,int,int,int,int)
 0D87:2225 idle  screen::set320x240mode()
 0D87:22B4       screen::setcolorregister(unsigned char,char,char,char)
 0D87:22E7       screen::textmode()
 0D87:2309 idle  screen::update(rect)
 0D87:23BD       screen::update()
 0D87:2462       screen::wait()
 0D87:2499 idle  _setlocate(screen far&,int)
 0D87:24DE idle  _setcolor(screen far&,int)
 0D87:250D idle  setcolor(int)
 0D87:2543       cur(int,int)
 0D87:257F idle  font::font(int)
 0D87:26E8 idle  font::~font()
 0D87:2733 idle  font::show(int,int,int,char)
 0D87:27E8       screen::flip_double_buffer()
 0D87:28D7       ostream::write(const unsigned char far*,int)
 0D87:290D       istream::read(unsigned char far*,int)
 0D87:2943       timer::gettotalcounter()
 0D87:296E       abs(int)
 0D87:2995       screen::setcolor(char)
 0D87:29BC       rect::rect(int,int,int,int)
 0D87:2A21       rect::rect()
 0D87:2A5F       manipmy::manipmy(screen far&(far*)(screen far&,int),int)
 1032:0002       msgtextminmaxvalue(char far*,int,int,int,int)
 1032:02C1       msgtext(char far*,char far*,char far*,int,int)
 1032:057B       msg(char far*,int)
 1032:06BF       fatal(char far*)
 1032:0729       debug(char far*)
 10A9:0003 idle  mouse::draw()
 10A9:0068       mouse::mouse(screen far*)
 10A9:00DF       mouse::~mouse()
 10A9:0118 idle  mouse::read()
 10A9:0163 idle  mouse::set_horz_movement(int,int)
 10A9:0198 idle  mouse::set_vert_movement(int,int)
 10A9:01CD idle  mouse::set()
 10C9:000A idle  int08h_new1()
 10C9:004D idle  timer::timer(float)
 10C9:00D2       timer::restart(float)
 10C9:0174       getrealtimeclock(unsigned char far&,unsigned char far&,unsigned char far&)
 10C9:020D idle  timer::~timer()
 1107:000A idle  moveobj::moveobj()
 1107:009E       moveobj::moveobj(sprite far*)
 1107:013F       moveobj::~moveobj()
 1107:01CA idle  moveobj::show()
 1107:0256 idle  moveobj::showall()
 1107:02B4 idle  moveobj::animate()
 1107:045E idle  movetxt::animate()
 1107:05D1 idle  moveobj::delall()
 1107:0658       moveobj::del(moveobj far*)
 1107:07A8       moveobj::new(moveobj far*,int)
 1107:089E idle  moveobj::renewrect()
 1107:0938       moveobj::renewxy()
 1107:09D5 idle  moveobj::set(float,float,float,float,float,float)
 1107:0A52 idle  moveobj::operator [](int)
 1107:0B0A idle  moveobj::operator +=(moveobj far&)
 1107:0B54       anim::anim()
 1107:0BE0       anim::renewframe()
 1107:0D00       anim::animate()
 1107:0E2C idle  mindobj::operator +=(mindobj far&)
 1107:0E55 idle  mindobj::add(mindobj far&,int,mindobj::going far*,mindobj::framing far*,...
 1107:102D idle  mindobj::mindobj()
 1107:1091 idle  mindobj::~mindobj()
 1107:116A idle  mindobj::renewframe()
 1107:121C idle  mindobj::renewxy()
 1107:13FD idle  mindobj::del(moveobj far*)
 1107:1453 idle  mindobj::show()
 1107:1534 idle  movetxt::show()
 1107:15DE       anim::show()
 1107:1700       moveobj::del(int)
 1107:1742       anim::operator [](int)
 1107:1772       mindobj::operator [](int)
 1107:17A2       mindobj::
 1107:17BA       moveobj::destroy(int)
 1107:17D7       anim::renewtimelive()
 1107:181E       anim::
 1107:1836       moveobj::
 1107:184E       moveobj::renewframe()
 1107:186B       moveobj::renewtimelive()
 128F:000D idle  swap(int far&,int far&)
 128F:0049 idle  determinesystem(int,int,int,int,int far&,int far&)
 128F:012A idle  determinesystem(int,int,int,int)
 128F:01F5       determinesystem(rect far&,rect far&,rect far&)
 128F:028D idle  checkunionrects(rect far&,rect far&)
 12D0:000A       playnote(int,int,int)
 12D0:0054       sound::sound()
 12D0:0162 idle  sound::soundstatus()
 12D0:01A8 idle  sound::sndplay(sndstruct far&)
 12D0:021A       sound::play(int,int)
 12D0:02DA idle  sound::stop()
 12D0:031A       sound::load(char far*,int)
 12D0:0526 idle  sound::unload(int)
 12D0:0587       sound::~sound()
 1330:000A idle  sprite::create(sprite::image far&)
 1330:00F7       sprite::sprite(screen far*,int)
 1330:01CD       sprite::~sprite()
 1330:0285 idle  sprite::find(int)
 1330:02DB idle  sprite::find_free()
 1330:033D       sprite::getimage(int)
 1330:0395 idle  sprite::load(char far*,unsigned long,sprite::image)
 1330:04E3       sprite::loadspriteform(char far*,sprite::image far&)
 1330:063F       sprite::modifycolor(int,char)
 1330:06DD       sprite::scroll(int,int,int)
 1330:083D idle  sprite::showdirect(int,int,int,int)
 1330:08ED       sprite::show(int,int,int,int)
 1330:0918 idle  sprite::delete(int)
 1330:09D9 idle  sprite::image::write(int,int,unsigned char)
 1330:0A44       sprite::image::read(int,int)
 13DB:0000       _LOADDIGPAK
 13DB:005A       _INITDIGPAK
 13DB:0090       _DEINITDIGPAK
 13DB:00CD       _UNLOADDIGPAK
 13DB:0124       _LOADMIDPAK
 13DB:0201       _INITMIDPAK
 13DB:025A       _DEINITMIDPAK
 13DB:029C       _UNLOADMIDPAK
 140C:000B       _MEMALLOC
 140C:0043       _MEMFREE
 1412:000E       load_sprites()
 1412:0540 idle  findzaglavie(long,int)
 1412:062B idle  fun2(char far*,char far*,int,int far*,int far*,int far*,char,int far*)
 1412:078E       tolowerregister(unsigned char far*)
 1412:07DD       open_text_book()
 1412:0833       drawrunline(int)
 1412:14D1       tetris::menu()
 1412:19A7       randomize()
 1412:19D7       operator <<(screen far&,manipmy far&)
 15B3:0002       tetris::newfiguregenerate()
 15B3:017C       tetris::nextfigureshow()
 15B3:0428       tetris::tetris()
 15B3:05EA idle  tetris::generatefigurecolor()
 15B3:0639       generate_picture()
 1631:0006       tetrishelp()
 163A:0002 idle  videoeffect()
 163A:0083 idle  colorchange()
 163A:0110 idle  find_zaglav()
 163A:0131 idle  find(char)
 163A:068E idle  read_word()
 163A:07B6 idle  newline()
 163A:085D idle  printzaglav()
 163A:0946       texteditor()
 163A:1B77 idle  min(int,int)
 163A:1BA8 idle  check(char far*,char far*)
 163A:1C42 idle  checkword(char far*)
 180A:0005 idle  load_sounds()
 180A:0048 idle  redefine_keys()
 180A:03E0 idle  tetris::~tetris()
 180A:043D idle  tetris::game()
 180A:17FD       music(int,int)
 180A:185C idle  load_music()
 180A:18CE idle  programmeditor()
 180A:1A95 idle  drawpalette()
 180A:1BA0       _MAIN
 180A:2600       movefigure::movefigure(sprite far*)
 180A:2672       moveobj::makesupervisor(sprite far*)
 180A:26A4       anim::operator +=(anim far&)
 180A:26D7       ios::eof()
 180A:2700       istream::getline(unsigned char far*,int,char)
 180A:273A       rect::set(int,int,int,int)
 180A:277E       anim::anim(sprite far*)
 180A:27DE       movefigure::
 180A:27FA       movefigure::show()
 180A:2845       movefigure::~movefigure()
 1A94:0306       E087_ENTRY
 1A94:03C6       E087_SHORTCUT
 1A94:0430       E087_TRAP
 1AF1:0502 idle  _ISPLAY1
 1AF1:0504 idle  _ISPLAY2
 1AF1:0506 idle  _SND1
 1AF1:0512 idle  _SND2
 1AF1:0530 idle  _REAL_REC
 1AF1:0532 idle  _RECORD
 1AF1:0B32 idle  _BASEFREQCHANGE
 1AF1:0B33 idle  _MODE_PLAY
 1AF1:0B35 idle  _MODE_REC
 1AF1:0B37 idle  _PLAY_COUNTER
 1AF1:0B39 idle  _FUNCTIONAL_KEYS
 1AF1:0BC1 idle  _TABLE0
 1AF1:0F81 idle  _TABLE1
 1AF1:1341 idle  _TABLE2
 1AF1:1705 idle  _OLD_KEYS
 1CCF:0002 idle  _MODE
 1CCF:0004 idle  _MODE_PAUSE
 1CCF:0006 idle  _MODE_READY_PAUSE
 1D40:000C       _SPRITEFIGURE
 1D40:001C       _SPRITEBOX
 1D42:000C idle  _DIGITS
 1D42:0034 idle  _SYMBOL_DVOE
 1D42:0049 idle  _SYMBOL_POINT
 1D42:005E idle  _SYMBOL_MINUS
 1D42:0073 idle  _SCALEX_TEXT
 1D42:0075 idle  _SCALEY_TEXT
 1D65:0006       _KEYB
 1D9C:0000 idle  keyboard::countobject
 1D9C:0002 idle  keyboard::this
 1D9D:0000       keyboard::key
 1DB9:0000 idle  _FONT
 1DB9:0005       _FONT8X8
 1DB9:0805       _BIGSYMSCALE
 1DB9:0807 idle  _CRTCPARMS
 1DB9:081B       _WAIT_FLAG1
 1DB9:081F       _WAIT_FLAG2
 1DB9:0823 idle  _MANIP
 1E53:0000 idle  screen::countobjects
 1E53:0002 idle  screen::doublebuffer
 1E53:0006 idle  screen::constructor_run
 1E53:0007 idle  screen::videomemory
 1E5B:0000       _TIMER
 1E5B:000A idle  _INT08H_OLD
 1E65:0000 idle  timer::countobjects
 1E65:0002 idle  timer::max_freq
 1E65:0006 idle  timer::min_freq
 1EA5:0000 idle  moveobj::supervisorcounter
 1EA5:0002 idle  moveobj::windowx
 1EA5:0004 idle  moveobj::windowy
 1EA5:0006 idle  moveobj::speed_unit
 1EA5:000A idle  moveobj::totalanimatedobject
 1EA5:000C       moveobj::lim
 1EAC:0010 idle  _BUF
 1EAC:1398 idle  _ISPLAY
 2003:0000 idle  sound::countobject
 2037:0000 idle  sprite::countobject
 2039:0000       _RUNLX
 2039:0004       _SHOW_TASK_LIST
 2039:0006       _STEPRUNLX
 2039:0008       _TEXT_LOOP
 2039:000A idle  _STR_FIND
 2039:001E idle  _END_OF_FILE
 2039:0048 idle  _FILE_BUF
 2039:008E       _IFL
 2039:00FE       _FILESIZE
 2039:0102 idle  _METHOD_NEXT
 2039:0104 idle  _METHOD_BACK
 2039:0106 idle  _RUS1
 2039:0127 idle  _RUS2
 2039:0148 idle  _RUS_SIZE
 2039:014A idle  _NEED_FIND
 2039:0311 idle  _RUNLINE3
 2109:000C idle  _NEXTFIGURELIST
 212E:000A idle  _BIG
 212E:002B idle  _BIG_LEN
 212E:002C idle  _MODE_PRINTER
 212E:002D idle  _MODE_RANDOMCHANGECHAPTER
 212E:002E idle  _CODE13
 212E:002F idle  _WORD
 212E:006F idle  _WORD_LEN
 212E:00D3 idle  _CURSOR_LEN
 212E:00D5 idle  _CURSOR_HEI
 212E:00E4 idle  _WORDS_GOD
 212E:016C idle  _WORDS
 212E:021C idle  _WORDS_IISUS
 21BE:0002       _SETTINGS
 21BE:0035 idle  _MAXSCORE
 21BE:0039 idle  _BASESPEED
 21BE:003D idle  _BASEACCELERAT
 21BE:0041       _CURRENT_MUSIC
 21BE:0043       _RECTABLE
 21BE:0250 idle  _SOUNDVOLUME
 21BE:0252 idle  _KEYDOWNPRESS
 21BE:0254       _TETRIS
 21BE:0432       _SCR
 21BE:043C idle  _MOUSE
 21BE:044D       _SOUND
 21BE:05B8       _SPRITE
 21BE:05C8       _BACKGROUND
 21BE:05D8 idle  _MOVEFIG
 21BE:0964 idle  _SONG
 21BE:098C idle  _SONG_LEN
 227B:000E idle  __HUGE_FLT
 227B:0012       __HUGE_DBLE
 227B:001A idle  __HUGE_LDBLE
 227B:0024 idle  __INDEFINITE
 227B:0028 idle  __TINY_LDBLE
 227E:0002       __MATHWHY
 229A:0000       filebuf::openprot
 229B:0000 idle  ios::basefield
 229B:0004 idle  ios::adjustfield
 229B:0008 idle  ios::floatfield
 229B:000C idle  ios::nextbit
 229B:0010 idle  ios::usercount
 229B:0012 idle  ios::stdioflush
 229D:0000 idle  DATASEG@
 229D:005B idle  __INT0VECTOR
 229D:005F idle  __INT4VECTOR
 229D:0063 idle  __INT5VECTOR
 229D:0067 idle  __INT6VECTOR
 229D:006B idle  __C0ARGC
 229D:006D idle  __C0ARGV
 229D:0071       __C0ENVIRON
 229D:0075       __ENVLNG
 229D:0077       __ENVSEG
 229D:0079       __ENVSIZE
 229D:007B       __PSP
 229D:007D idle  __OSVERSION
 229D:007D idle  __OSMAJOR
 229D:007D       __VERSION
 229D:007E idle  __OSMINOR
 229D:007F       _ERRNO
 229D:0081 idle  __STARTTIME
 229D:0085       __HEAPBASE
 229D:0089       __BRKLVL
 229D:008D       __HEAPTOP
 229D:00A0       __8087
 229D:00B0       __PROTECTED
 229D:00B1       __LDT
 229D:00B4       __DEFAULT87
 229D:00B6       __ATEXITCNT
 229D:00B8       __ATEXITTBL
 229D:0138       __CTYPE
 229D:023A       __EXITBUF
 229D:023E       __EXITFOPEN
 229D:0242 idle  __EXITOPEN
 229D:0246       __STREAMS
 229D:03D6       __NFILE
 229D:03D8       __OPENFD
 229D:0400       __FMODE
 229D:0402       __NOTUMASK
 229D:0404       __FPSTKLEN
 229D:0406       __DOSERRNO
 229D:0408 idle  __DOSERRORTOSV
 229D:0478       __NEW_HANDLER
 229D:0480       ___SIGNALPTR
 229D:0484       __STKLEN
 229D:04EE       __WSCROLL
 229D:04F0       __VIDEO
 229D:04FF       _DIRECTVIDEO
 229D:053C       __CFLAG
 229D:053D       __CCHAR
 229D:053E       _ENVIRON
 229D:0556 idle  __MONTHDAY
 229D:0570 idle  _TZNAME
 229D:0578       _TIMEZONE
 229D:057C       _DAYLIGHT
 229D:0592       __REALCVTVECTOR
 229D:0596 idle  __SCANTODVECTOR
 22FF:0000       __EMU

Program entry point at 0000:0000

